=== 46.6-after-caplog attempt 1/30 @ 2026-04-15T09:57:03Z ===
[scraper] Template cache loaded and seeded
[scraper] Default profile loaded
[scraper] jQuery source loaded (96410 chars)
[scraper] vm-slide fallback loaded (43688 chars)
[scraper] vData profile loaded from /home/ubuntu/github.com/tut1vog/reverse-chaosvm/profiles/vdata-browser-default.json
[scraper] Init complete
[scraper] Solving CAPTCHA only (no urlsec query)
[scraper] Attempt 1/1
[scraper] Attempt 1/1
[scraper] Step 1: prehandle
[scraper]   sess: s1A2jLJQVxL68S76jcmv...
[scraper] Step 2: getSig
[scraper]   nonce: eda1152f11f1daf0
[scraper] Step 3: downloadImages
[scraper]   bg: 11475 bytes, slice: 5834 bytes
[scraper] Step 4: downloadTdc
[scraper]   tdc source: 199611 chars
[scraper]   TDC_NAME: BGDfWkdQOJJJTnHCNCnZRJZJSeFRWONJ
[scraper]   Source hash: 3429444f324c6110
[scraper]   Template: unknown, opcodes: 91
[scraper]   eks: DE1SoeYbRENiXRYPuAFk...
[scraper] Step 5: solveSlider
[scraper]   rawOffset: 450
[scraper]   ans: 450,32;
[scraper] Step 6: generateCollect
[scraper]   collect length: 11352
[scraper] Fetching vm-slide from show page HTML: https://t.captcha.qq.com/vm-slide.e201876f.enc.js
[scraper]   Got live vm-slide (43688 chars)
[scraper] Step 7a: caplog pre-verify beacon
[scraper] Step 7: buildVDataForPost (standalone, browser profile)
[scraper]   vData: -Iq3xF474Ut2Kc98LMr5FqdST7f5l5...
[scraper] Step 8: verify
  [verify] using jQuery prebuilt body, length: 13504
  [verify] Referer: https://t.captcha.qq.com/cap_union_new_show?aid=2046626881&protocol=https&accver...
[scraper]   errorCode: -1, ticket: t03tserverQS0tz7LZKYnhV3xSiE4M...
[scraper] Step 9: caplog post-verify beacon
[scraper] CAPTCHA solved: {
  errorCode: -1,
  ticket: 't03tserverQS0tz7LZKYnhV3xSiE4MyCs42IeKPDHxN9-8j4sQ5iodCIivEY6gK5LCVteDcj25Jy5fwfSetFL4WSReMplzOa2c1T_wT7F6OuPI4zhauDzfg80yoFSLbD7R8FuBVtIF',
  randstr: '@DIL'
}
{
  "errorCode": -1,
  "ticket": "t03tserverQS0tz7LZKYnhV3xSiE4MyCs42IeKPDHxN9-8j4sQ5iodCIivEY6gK5LCVteDcj25Jy5fwfSetFL4WSReMplzOa2c1T_wT7F6OuPI4zhauDzfg80yoFSLbD7R8FuBVtIF",
  "randstr": "@DIL"
}
--- rc=0 duration=2s ---
=== 46.6-after-caplog attempt 2/30 @ 2026-04-15T09:57:05Z ===
[scraper] Template cache loaded and seeded
[scraper] Default profile loaded
[scraper] jQuery source loaded (96410 chars)
[scraper] vm-slide fallback loaded (43688 chars)
[scraper] vData profile loaded from /home/ubuntu/github.com/tut1vog/reverse-chaosvm/profiles/vdata-browser-default.json
[scraper] Init complete
[scraper] Solving CAPTCHA only (no urlsec query)
[scraper] Attempt 1/1
[scraper] Attempt 1/1
[scraper] Step 1: prehandle
[scraper]   sess: s18-8TkdEDL7-ffNYtbJ...
[scraper] Step 2: getSig
[scraper]   nonce: eda1152f11f1daf0
[scraper] Step 3: downloadImages
[scraper]   bg: 25415 bytes, slice: 4888 bytes
[scraper] Step 4: downloadTdc
[scraper]   tdc source: 202765 chars
[scraper]   TDC_NAME: HhXakMGlnYKgNcBiVFZCDckSRgJKTmgA
[scraper]   Source hash: 27dda893f81dbc4f
[scraper]   Template: unknown, opcodes: 103
[scraper]   eks: 64jJxnbug/B0Bj8nNV5E...
[scraper] Step 5: solveSlider
[scraper]   rawOffset: 520
[scraper]   ans: 520,86;
[scraper] Step 6: generateCollect
[scraper]   collect length: 11820
[scraper] Fetching vm-slide from show page HTML: https://t.captcha.qq.com/vm-slide.e201876f.enc.js
[scraper]   Got live vm-slide (43688 chars)
[scraper] Step 7a: caplog pre-verify beacon
[scraper] Step 7: buildVDataForPost (standalone, browser profile)
[scraper]   vData: quC0CMkM3aPKR9tBpdI7a_nkWAbbvw...
[scraper] Step 8: verify
  [verify] using jQuery prebuilt body, length: 14038
  [verify] Referer: https://t.captcha.qq.com/cap_union_new_show?aid=2046626881&protocol=https&accver...
[scraper]   errorCode: 12, ticket: none
[scraper] Step 9: caplog post-verify beacon
[scraper]   Failed with errorCode 12, retrying...
[scraper] Attempt 1 failed: CAPTCHA verify returned errorCode 12
Error: CAPTCHA solve failed after 1 attempts: CAPTCHA verify returned errorCode 12
--- rc=1 duration=2s ---
=== 46.6-after-caplog attempt 3/30 @ 2026-04-15T09:57:07Z ===
[scraper] Template cache loaded and seeded
[scraper] Default profile loaded
[scraper] jQuery source loaded (96410 chars)
[scraper] vm-slide fallback loaded (43688 chars)
[scraper] vData profile loaded from /home/ubuntu/github.com/tut1vog/reverse-chaosvm/profiles/vdata-browser-default.json
[scraper] Init complete
[scraper] Solving CAPTCHA only (no urlsec query)
[scraper] Attempt 1/1
[scraper] Attempt 1/1
[scraper] Step 1: prehandle
[scraper]   sess: s1KG5di9GV7Xy0WXQjz9...
[scraper] Step 2: getSig
[scraper]   nonce: eda1152f11f1daf0
[scraper] Step 3: downloadImages
[scraper]   bg: 22283 bytes, slice: 7097 bytes
[scraper] Step 4: downloadTdc
[scraper]   tdc source: 144440 chars
[scraper]   TDC_NAME: SlVCfKSRjkmVXRnTigehmWSaDkeUUNfk
[scraper]   Source hash: e5341ccb12b78e65
[scraper]   Template: unknown, opcodes: 96
[scraper]   eks: IuCgr3PNJefS4Qk3vEta...
[scraper] Step 5: solveSlider
[scraper]   rawOffset: 451
[scraper]   ans: 451,62;
[scraper] Step 6: generateCollect
[scraper]   collect length: 13664
[scraper] Fetching vm-slide from show page HTML: https://t.captcha.qq.com/vm-slide.e201876f.enc.js
[scraper]   Got live vm-slide (43688 chars)
[scraper] Step 7a: caplog pre-verify beacon
[scraper] Step 7: buildVDataForPost (standalone, browser profile)
[scraper]   vData: RwmoEul4Rt60ap-ng_A71WUziXG4OV...
[scraper] Step 8: verify
  [verify] using jQuery prebuilt body, length: 15904
  [verify] Referer: https://t.captcha.qq.com/cap_union_new_show?aid=2046626881&protocol=https&accver...
[scraper]   errorCode: 12, ticket: none
[scraper] Step 9: caplog post-verify beacon
[scraper]   Failed with errorCode 12, retrying...
[scraper] Attempt 1 failed: CAPTCHA verify returned errorCode 12
Error: CAPTCHA solve failed after 1 attempts: CAPTCHA verify returned errorCode 12
--- rc=1 duration=2s ---
=== 46.6-after-caplog attempt 4/30 @ 2026-04-15T09:57:09Z ===
[scraper] Template cache loaded and seeded
[scraper] Default profile loaded
[scraper] jQuery source loaded (96410 chars)
[scraper] vm-slide fallback loaded (43688 chars)
[scraper] vData profile loaded from /home/ubuntu/github.com/tut1vog/reverse-chaosvm/profiles/vdata-browser-default.json
[scraper] Init complete
[scraper] Solving CAPTCHA only (no urlsec query)
[scraper] Attempt 1/1
[scraper] Attempt 1/1
[scraper] Step 1: prehandle
[scraper]   sess: s13x2wEuPdNcmCNCg1DE...
[scraper] Step 2: getSig
[scraper]   nonce: eda1152f11f1daf0
[scraper] Step 3: downloadImages
[scraper]   bg: 12433 bytes, slice: 4270 bytes
[scraper] Step 4: downloadTdc
[scraper]   tdc source: 202765 chars
[scraper]   TDC_NAME: HhXakMGlnYKgNcBiVFZCDckSRgJKTmgA
[scraper]   Source hash: 27dda893f81dbc4f
[scraper]   Template: unknown, opcodes: 103
[scraper]   eks: geUFJuu4MxMhPutZE/Gk...
[scraper] Step 5: solveSlider
[scraper]   rawOffset: 459
[scraper]   ans: 459,54;
[scraper] Step 6: generateCollect
[scraper]   collect length: 11276
[scraper] Fetching vm-slide from show page HTML: https://t.captcha.qq.com/vm-slide.e201876f.enc.js
[scraper]   Got live vm-slide (43688 chars)
[scraper] Step 7a: caplog pre-verify beacon
[scraper] Step 7: buildVDataForPost (standalone, browser profile)
[scraper]   vData: 5eaMxXt8XGbR6e7cj-3lqbdeKJ3yaX...
[scraper] Step 8: verify
  [verify] using jQuery prebuilt body, length: 13354
  [verify] Referer: https://t.captcha.qq.com/cap_union_new_show?aid=2046626881&protocol=https&accver...
[scraper]   errorCode: 12, ticket: none
[scraper] Step 9: caplog post-verify beacon
[scraper]   Failed with errorCode 12, retrying...
[scraper] Attempt 1 failed: CAPTCHA verify returned errorCode 12
Error: CAPTCHA solve failed after 1 attempts: CAPTCHA verify returned errorCode 12
--- rc=1 duration=2s ---
=== 46.6-after-caplog attempt 5/30 @ 2026-04-15T09:57:11Z ===
[scraper] Template cache loaded and seeded
[scraper] Default profile loaded
[scraper] jQuery source loaded (96410 chars)
[scraper] vm-slide fallback loaded (43688 chars)
[scraper] vData profile loaded from /home/ubuntu/github.com/tut1vog/reverse-chaosvm/profiles/vdata-browser-default.json
[scraper] Init complete
[scraper] Solving CAPTCHA only (no urlsec query)
[scraper] Attempt 1/1
[scraper] Attempt 1/1
[scraper] Step 1: prehandle
[scraper]   sess: s1F22p2NqENr8neMwVsz...
[scraper] Step 2: getSig
[scraper]   nonce: eda1152f11f1daf0
[scraper] Step 3: downloadImages
[scraper]   bg: 18128 bytes, slice: 6005 bytes
[scraper] Step 4: downloadTdc
[scraper]   tdc source: 197545 chars
[scraper]   TDC_NAME: dNiffQDBnfBhFYVHJUXMVbRchmDEmPaH
[scraper]   Source hash: f53142c54fc43699
[scraper]   Source hash not in cache — attempting auto-port via pipeline...
[scraper] Auto-porting unknown template: f53142c54fc43699
[scraper] Auto-port failed for f53142c54fc43699: Command failed: /home/ubuntu/.nvm/versions/node/v20.20.0/bin/node /home/ubuntu/github.com/tut1vog/reverse-chaosvm/tools/porting-pipeline/run.js /tmp/tdc-autoport-f53142c54fc43699.js --skip-verify

[scraper]   Error: Unknown template (hash=f53142c54fc43699), auto-port failed
[scraper] Attempt 1 failed: Unknown template (hash=f53142c54fc43699), auto-port failed
Error: CAPTCHA solve failed after 1 attempts: Unknown template (hash=f53142c54fc43699), auto-port failed
--- rc=1 duration=1s ---
=== 46.6-after-caplog attempt 6/30 @ 2026-04-15T09:57:12Z ===
[scraper] Template cache loaded and seeded
[scraper] Default profile loaded
[scraper] jQuery source loaded (96410 chars)
[scraper] vm-slide fallback loaded (43688 chars)
[scraper] vData profile loaded from /home/ubuntu/github.com/tut1vog/reverse-chaosvm/profiles/vdata-browser-default.json
[scraper] Init complete
[scraper] Solving CAPTCHA only (no urlsec query)
[scraper] Attempt 1/1
[scraper] Attempt 1/1
[scraper] Step 1: prehandle
[scraper]   sess: s1crIWujzQNBLrDiMpYn...
[scraper] Step 2: getSig
[scraper]   nonce: eda1152f11f1daf0
[scraper] Step 3: downloadImages
[scraper]   bg: 18108 bytes, slice: 5521 bytes
[scraper] Step 4: downloadTdc
[scraper]   tdc source: 197545 chars
[scraper]   TDC_NAME: dNiffQDBnfBhFYVHJUXMVbRchmDEmPaH
[scraper]   Source hash: f53142c54fc43699
[scraper]   Source hash not in cache — attempting auto-port via pipeline...
[scraper] Auto-porting unknown template: f53142c54fc43699
[scraper] Auto-port failed for f53142c54fc43699: Command failed: /home/ubuntu/.nvm/versions/node/v20.20.0/bin/node /home/ubuntu/github.com/tut1vog/reverse-chaosvm/tools/porting-pipeline/run.js /tmp/tdc-autoport-f53142c54fc43699.js --skip-verify

[scraper]   Error: Unknown template (hash=f53142c54fc43699), auto-port failed
[scraper] Attempt 1 failed: Unknown template (hash=f53142c54fc43699), auto-port failed
Error: CAPTCHA solve failed after 1 attempts: Unknown template (hash=f53142c54fc43699), auto-port failed
--- rc=1 duration=2s ---
=== 46.6-after-caplog attempt 7/30 @ 2026-04-15T09:57:14Z ===
[scraper] Template cache loaded and seeded
[scraper] Default profile loaded
[scraper] jQuery source loaded (96410 chars)
[scraper] vm-slide fallback loaded (43688 chars)
[scraper] vData profile loaded from /home/ubuntu/github.com/tut1vog/reverse-chaosvm/profiles/vdata-browser-default.json
[scraper] Init complete
[scraper] Solving CAPTCHA only (no urlsec query)
[scraper] Attempt 1/1
[scraper] Attempt 1/1
[scraper] Step 1: prehandle
[scraper]   sess: s1S_2bp10noTX7q3_GRS...
[scraper] Step 2: getSig
[scraper]   nonce: eda1152f11f1daf0
[scraper] Step 3: downloadImages
[scraper]   bg: 12420 bytes, slice: 4010 bytes
[scraper] Step 4: downloadTdc
[scraper]   tdc source: 162790 chars
[scraper]   TDC_NAME: DkPDkCnAekYMgVghTDOeSKmVZbkVCQUG
[scraper]   Source hash: e2170903e201e018
[scraper]   Template: unknown, opcodes: 93
[scraper]   eks: raNqeofo0KuEaZolqoym...
[scraper] Step 5: solveSlider
[scraper]   rawOffset: 461
[scraper]   ans: 461,77;
[scraper] Step 6: generateCollect
[scraper]   collect length: 11392
[scraper] Fetching vm-slide from show page HTML: https://t.captcha.qq.com/vm-slide.e201876f.enc.js
[scraper]   Got live vm-slide (43688 chars)
[scraper] Step 7a: caplog pre-verify beacon
[scraper] Step 7: buildVDataForPost (standalone, browser profile)
[scraper]   vData: XvOFebMiaDBU2ciBTDCq9KLRD5P4GU...
[scraper] Step 8: verify
  [verify] using jQuery prebuilt body, length: 13510
  [verify] Referer: https://t.captcha.qq.com/cap_union_new_show?aid=2046626881&protocol=https&accver...
[scraper]   errorCode: -1, ticket: t03tserverQjt_JLTEPcV_a6Fksgvl...
[scraper] Step 9: caplog post-verify beacon
[scraper] CAPTCHA solved: {
  errorCode: -1,
  ticket: 't03tserverQjt_JLTEPcV_a6FksgvlbGlVTpoEKkdET7Mki6SxbzIdeP6BhggtLnYv85_NjI3Q-hKMjTECkfPsaVETxhJu19dexa2Mb2VboRRbagCmuqvn1WO6JXKix4BrhIz1RSRQ',
  randstr: '@tsr'
}
{
  "errorCode": -1,
  "ticket": "t03tserverQjt_JLTEPcV_a6FksgvlbGlVTpoEKkdET7Mki6SxbzIdeP6BhggtLnYv85_NjI3Q-hKMjTECkfPsaVETxhJu19dexa2Mb2VboRRbagCmuqvn1WO6JXKix4BrhIz1RSRQ",
  "randstr": "@tsr"
}
--- rc=0 duration=1s ---
=== 46.6-after-caplog attempt 8/30 @ 2026-04-15T09:57:15Z ===
[scraper] Template cache loaded and seeded
[scraper] Default profile loaded
[scraper] jQuery source loaded (96410 chars)
[scraper] vm-slide fallback loaded (43688 chars)
[scraper] vData profile loaded from /home/ubuntu/github.com/tut1vog/reverse-chaosvm/profiles/vdata-browser-default.json
[scraper] Init complete
[scraper] Solving CAPTCHA only (no urlsec query)
[scraper] Attempt 1/1
[scraper] Attempt 1/1
[scraper] Step 1: prehandle
[scraper]   sess: s1jOZpKEg9FjTatjX4NI...
[scraper] Step 2: getSig
[scraper]   nonce: eda1152f11f1daf0
[scraper] Step 3: downloadImages
[scraper]   bg: 13749 bytes, slice: 6351 bytes
[scraper] Step 4: downloadTdc
[scraper]   tdc source: 199611 chars
[scraper]   TDC_NAME: BGDfWkdQOJJJTnHCNCnZRJZJSeFRWONJ
[scraper]   Source hash: 3429444f324c6110
[scraper]   Template: unknown, opcodes: 91
[scraper]   eks: aCoJwaBT2+9wONMa/6Ah...
[scraper] Step 5: solveSlider
[scraper]   rawOffset: 453
[scraper]   ans: 453,30;
[scraper] Step 6: generateCollect
[scraper]   collect length: 11104
[scraper] Fetching vm-slide from show page HTML: https://t.captcha.qq.com/vm-slide.e201876f.enc.js
[scraper]   Got live vm-slide (43688 chars)
[scraper] Step 7a: caplog pre-verify beacon
[scraper] Step 7: buildVDataForPost (standalone, browser profile)
[scraper]   vData: -Iq3xF474Ut2Kc98LMr5FqmkkO*QE9...
[scraper] Step 8: verify
  [verify] using jQuery prebuilt body, length: 13186
  [verify] Referer: https://t.captcha.qq.com/cap_union_new_show?aid=2046626881&protocol=https&accver...
[scraper]   errorCode: -1, ticket: t03tserverLBOnyXSmLPkbzcay8hQn...
[scraper] Step 9: caplog post-verify beacon
[scraper] CAPTCHA solved: {
  errorCode: -1,
  ticket: 't03tserverLBOnyXSmLPkbzcay8hQnoK_pwJF4uhPXK18yXrQMZrYpQZ_QW3isXA923uqFkrVS5CVf9dye_IusIa4k6dE3qFMtu2eymePuwotm8mXWpxWKrzkpVyfduJpJv4DvjWFc',
  randstr: '@YfX'
}
{
  "errorCode": -1,
  "ticket": "t03tserverLBOnyXSmLPkbzcay8hQnoK_pwJF4uhPXK18yXrQMZrYpQZ_QW3isXA923uqFkrVS5CVf9dye_IusIa4k6dE3qFMtu2eymePuwotm8mXWpxWKrzkpVyfduJpJv4DvjWFc",
  "randstr": "@YfX"
}
--- rc=0 duration=2s ---
=== 46.6-after-caplog attempt 9/30 @ 2026-04-15T09:57:17Z ===
[scraper] Template cache loaded and seeded
[scraper] Default profile loaded
[scraper] jQuery source loaded (96410 chars)
[scraper] vm-slide fallback loaded (43688 chars)
[scraper] vData profile loaded from /home/ubuntu/github.com/tut1vog/reverse-chaosvm/profiles/vdata-browser-default.json
[scraper] Init complete
[scraper] Solving CAPTCHA only (no urlsec query)
[scraper] Attempt 1/1
[scraper] Attempt 1/1
[scraper] Step 1: prehandle
[scraper]   sess: s1UqXIcw0ScjeHmfTjxq...
[scraper] Step 2: getSig
[scraper]   nonce: eda1152f11f1daf0
[scraper] Step 3: downloadImages
[scraper]   bg: 22287 bytes, slice: 7310 bytes
[scraper] Step 4: downloadTdc
[scraper]   tdc source: 162790 chars
[scraper]   TDC_NAME: DkPDkCnAekYMgVghTDOeSKmVZbkVCQUG
[scraper]   Source hash: e2170903e201e018
[scraper]   Template: unknown, opcodes: 93
[scraper]   eks: WxjF4pkB7Gh5TN5+Qb3h...
[scraper] Step 5: solveSlider
[scraper]   rawOffset: 471
[scraper]   ans: 471,30;
[scraper] Step 6: generateCollect
[scraper]   collect length: 10264
[scraper] Fetching vm-slide from show page HTML: https://t.captcha.qq.com/vm-slide.e201876f.enc.js
[scraper]   Got live vm-slide (43688 chars)
[scraper] Step 7a: caplog pre-verify beacon
[scraper] Step 7: buildVDataForPost (standalone, browser profile)
[scraper]   vData: dzVkp3XO*uHpXXxIkzflsLHBwadV0E...
[scraper] Step 8: verify
  [verify] using jQuery prebuilt body, length: 12318
  [verify] Referer: https://t.captcha.qq.com/cap_union_new_show?aid=2046626881&protocol=https&accver...
[scraper]   errorCode: -1, ticket: t03tserverNb82enHB4NWZ7TcHzguw...
[scraper] Step 9: caplog post-verify beacon
[scraper] CAPTCHA solved: {
  errorCode: -1,
  ticket: 't03tserverNb82enHB4NWZ7TcHzguwoS5I7Y64eCS-MIeh8ihqcadHbT-7Qr768qItnyMtdeu7wvjrn1yZjtNNyzdCyBuJXNT35DYsYwvvSLFccp5MWcI50RvNrOP_ZLJquHf5Mp-i',
  randstr: '@k0y'
}
{
  "errorCode": -1,
  "ticket": "t03tserverNb82enHB4NWZ7TcHzguwoS5I7Y64eCS-MIeh8ihqcadHbT-7Qr768qItnyMtdeu7wvjrn1yZjtNNyzdCyBuJXNT35DYsYwvvSLFccp5MWcI50RvNrOP_ZLJquHf5Mp-i",
  "randstr": "@k0y"
}
--- rc=0 duration=2s ---
=== 46.6-after-caplog attempt 10/30 @ 2026-04-15T09:57:19Z ===
[scraper] Template cache loaded and seeded
[scraper] Default profile loaded
[scraper] jQuery source loaded (96410 chars)
[scraper] vm-slide fallback loaded (43688 chars)
[scraper] vData profile loaded from /home/ubuntu/github.com/tut1vog/reverse-chaosvm/profiles/vdata-browser-default.json
[scraper] Init complete
[scraper] Solving CAPTCHA only (no urlsec query)
[scraper] Attempt 1/1
[scraper] Attempt 1/1
[scraper] Step 1: prehandle
[scraper]   sess: s1an2gFdySRj7rmyDIrG...
[scraper] Step 2: getSig
[scraper]   nonce: eda1152f11f1daf0
[scraper] Step 3: downloadImages
[scraper]   bg: 25368 bytes, slice: 4964 bytes
[scraper] Step 4: downloadTdc
[scraper]   tdc source: 197257 chars
[scraper]   TDC_NAME: FVgbJVJYTmGMFSCMcnTkYjmSFkYnESZF
[scraper]   Source hash: daf0c711ccb82124
[scraper]   Template: B, opcodes: 94
[scraper]   eks: tRp5XZBe/DPgRpVMdXdE...
[scraper] Step 5: solveSlider
[scraper]   rawOffset: 467
[scraper]   ans: 467,69;
[scraper] Step 6: generateCollect
[scraper]   collect length: 11768
[scraper] Fetching vm-slide from show page HTML: https://t.captcha.qq.com/vm-slide.e201876f.enc.js
[scraper]   Got live vm-slide (43688 chars)
[scraper] Step 7a: caplog pre-verify beacon
[scraper] Step 7: buildVDataForPost (standalone, browser profile)
[scraper]   vData: VueBKpkQNbhk8PJ_PeBGUDk*5Ivrwd...
[scraper] Step 8: verify
  [verify] using jQuery prebuilt body, length: 14030
  [verify] Referer: https://t.captcha.qq.com/cap_union_new_show?aid=2046626881&protocol=https&accver...
[scraper]   errorCode: 12, ticket: none
[scraper] Step 9: caplog post-verify beacon
[scraper]   Failed with errorCode 12, retrying...
[scraper] Attempt 1 failed: CAPTCHA verify returned errorCode 12
Error: CAPTCHA solve failed after 1 attempts: CAPTCHA verify returned errorCode 12
--- rc=1 duration=2s ---
=== 46.6-after-caplog attempt 11/30 @ 2026-04-15T09:57:21Z ===
[scraper] Template cache loaded and seeded
[scraper] Default profile loaded
[scraper] jQuery source loaded (96410 chars)
[scraper] vm-slide fallback loaded (43688 chars)
[scraper] vData profile loaded from /home/ubuntu/github.com/tut1vog/reverse-chaosvm/profiles/vdata-browser-default.json
[scraper] Init complete
[scraper] Solving CAPTCHA only (no urlsec query)
[scraper] Attempt 1/1
[scraper] Attempt 1/1
[scraper] Step 1: prehandle
[scraper]   sess: s19SNTvBAmJA0V08x4Ui...
[scraper] Step 2: getSig
[scraper]   nonce: eda1152f11f1daf0
[scraper] Step 3: downloadImages
[scraper]   bg: 11562 bytes, slice: 5660 bytes
[scraper] Step 4: downloadTdc
[scraper]   tdc source: 197257 chars
[scraper]   TDC_NAME: FVgbJVJYTmGMFSCMcnTkYjmSFkYnESZF
[scraper]   Source hash: daf0c711ccb82124
[scraper]   Template: B, opcodes: 94
[scraper]   eks: GEnCE91YuW1pqWEXZ6Rx...
[scraper] Step 5: solveSlider
[scraper]   rawOffset: 502
[scraper]   ans: 502,30;
[scraper] Step 6: generateCollect
[scraper]   collect length: 10656
[scraper] Fetching vm-slide from show page HTML: https://t.captcha.qq.com/vm-slide.e201876f.enc.js
[scraper]   Got live vm-slide (43688 chars)
[scraper] Step 7a: caplog pre-verify beacon
[scraper] Step 7: buildVDataForPost (standalone, browser profile)
[scraper]   vData: hUDp9UaRBR-7Ie3-6rhrvu-A11C1Jj...
[scraper] Step 8: verify
  [verify] using jQuery prebuilt body, length: 12808
  [verify] Referer: https://t.captcha.qq.com/cap_union_new_show?aid=2046626881&protocol=https&accver...
[scraper]   errorCode: 12, ticket: none
[scraper] Step 9: caplog post-verify beacon
[scraper]   Failed with errorCode 12, retrying...
[scraper] Attempt 1 failed: CAPTCHA verify returned errorCode 12
Error: CAPTCHA solve failed after 1 attempts: CAPTCHA verify returned errorCode 12
--- rc=1 duration=2s ---
=== 46.6-after-caplog attempt 12/30 @ 2026-04-15T09:57:23Z ===
[scraper] Template cache loaded and seeded
[scraper] Default profile loaded
[scraper] jQuery source loaded (96410 chars)
[scraper] vm-slide fallback loaded (43688 chars)
[scraper] vData profile loaded from /home/ubuntu/github.com/tut1vog/reverse-chaosvm/profiles/vdata-browser-default.json
[scraper] Init complete
[scraper] Solving CAPTCHA only (no urlsec query)
[scraper] Attempt 1/1
[scraper] Attempt 1/1
[scraper] Step 1: prehandle
[scraper]   sess: s1NL6p_dg7qxAQfhdgsM...
[scraper] Step 2: getSig
[scraper]   nonce: eda1152f11f1daf0
[scraper] Step 3: downloadImages
[scraper]   bg: 18027 bytes, slice: 5981 bytes
[scraper] Step 4: downloadTdc
[scraper]   tdc source: 203186 chars
[scraper]   TDC_NAME: UAniMSgbcnMTPUjjGcEVEnBCQgkKHVWS
[scraper]   Source hash: 88ebeea62f566ec5
[scraper]   Source hash not in cache — attempting auto-port via pipeline...
[scraper] Auto-porting unknown template: 88ebeea62f566ec5
[scraper] Auto-port failed for 88ebeea62f566ec5: Command failed: /home/ubuntu/.nvm/versions/node/v20.20.0/bin/node /home/ubuntu/github.com/tut1vog/reverse-chaosvm/tools/porting-pipeline/run.js /tmp/tdc-autoport-88ebeea62f566ec5.js --skip-verify

[scraper]   Error: Unknown template (hash=88ebeea62f566ec5), auto-port failed
[scraper] Attempt 1 failed: Unknown template (hash=88ebeea62f566ec5), auto-port failed
Error: CAPTCHA solve failed after 1 attempts: Unknown template (hash=88ebeea62f566ec5), auto-port failed
--- rc=1 duration=1s ---
=== 46.6-after-caplog attempt 13/30 @ 2026-04-15T09:57:24Z ===
[scraper] Template cache loaded and seeded
[scraper] Default profile loaded
[scraper] jQuery source loaded (96410 chars)
[scraper] vm-slide fallback loaded (43688 chars)
[scraper] vData profile loaded from /home/ubuntu/github.com/tut1vog/reverse-chaosvm/profiles/vdata-browser-default.json
[scraper] Init complete
[scraper] Solving CAPTCHA only (no urlsec query)
[scraper] Attempt 1/1
[scraper] Attempt 1/1
[scraper] Step 1: prehandle
[scraper]   sess: s12lt2IAy03a8eIQX68t...
[scraper] Step 2: getSig
[scraper]   nonce: eda1152f11f1daf0
[scraper] Step 3: downloadImages
[scraper]   bg: 22126 bytes, slice: 6978 bytes
[scraper] Step 4: downloadTdc
[scraper]   tdc source: 199611 chars
[scraper]   TDC_NAME: BGDfWkdQOJJJTnHCNCnZRJZJSeFRWONJ
[scraper]   Source hash: 3429444f324c6110
[scraper]   Template: unknown, opcodes: 91
[scraper]   eks: V/ShTFkDpJ2pQOws1/1x...
[scraper] Step 5: solveSlider
[scraper]   rawOffset: 507
[scraper]   ans: 507,96;
[scraper] Step 6: generateCollect
[scraper]   collect length: 11788
[scraper] Fetching vm-slide from show page HTML: https://t.captcha.qq.com/vm-slide.e201876f.enc.js
[scraper]   Got live vm-slide (43688 chars)
[scraper] Step 7a: caplog pre-verify beacon
[scraper] Step 7: buildVDataForPost (standalone, browser profile)
[scraper]   vData: 6cvQlh92lvekS00ZcX-JH3bakCTH5O...
[scraper] Step 8: verify
  [verify] using jQuery prebuilt body, length: 13900
  [verify] Referer: https://t.captcha.qq.com/cap_union_new_show?aid=2046626881&protocol=https&accver...
[scraper]   errorCode: -1, ticket: t03tserver3KCf9X3OIjsJ1YETAXHP...
[scraper] Step 9: caplog post-verify beacon
[scraper] CAPTCHA solved: {
  errorCode: -1,
  ticket: 't03tserver3KCf9X3OIjsJ1YETAXHPZH3wdzxPuoY05ilTZV2Q_j4KfvNMsCnOTHvCSFjRb14KDNCmyylNOiKRXBtEwueOdqDRVY4Vs12K0qAkaznv4PoOy5lgCo67ADG9ebjnKRog',
  randstr: '@4Ny'
}
{
  "errorCode": -1,
  "ticket": "t03tserver3KCf9X3OIjsJ1YETAXHPZH3wdzxPuoY05ilTZV2Q_j4KfvNMsCnOTHvCSFjRb14KDNCmyylNOiKRXBtEwueOdqDRVY4Vs12K0qAkaznv4PoOy5lgCo67ADG9ebjnKRog",
  "randstr": "@4Ny"
}
--- rc=0 duration=2s ---
=== 46.6-after-caplog attempt 14/30 @ 2026-04-15T09:57:26Z ===
[scraper] Template cache loaded and seeded
[scraper] Default profile loaded
[scraper] jQuery source loaded (96410 chars)
[scraper] vm-slide fallback loaded (43688 chars)
[scraper] vData profile loaded from /home/ubuntu/github.com/tut1vog/reverse-chaosvm/profiles/vdata-browser-default.json
[scraper] Init complete
[scraper] Solving CAPTCHA only (no urlsec query)
[scraper] Attempt 1/1
[scraper] Attempt 1/1
[scraper] Step 1: prehandle
[scraper]   sess: s1AnoeB-k7Iq42UOTmR-...
[scraper] Step 2: getSig
[scraper]   nonce: eda1152f11f1daf0
[scraper] Step 3: downloadImages
[scraper]   bg: 13701 bytes, slice: 6001 bytes
[scraper] Step 4: downloadTdc
[scraper]   tdc source: 207422 chars
[scraper]   TDC_NAME: GCDJAPicKHeHfOBnnYMEdUgUkTnAhOFV
[scraper]   Source hash: 8f1d32beb4fcaa4d
[scraper]   Template: unknown, opcodes: 96
[scraper]   eks: B/h/FP0nGowWMSIovP4U...
[scraper] Step 5: solveSlider
[scraper]   rawOffset: 482
[scraper]   ans: 482,70;
[scraper] Step 6: generateCollect
[scraper]   collect length: 18488
[scraper] Fetching vm-slide from show page HTML: https://t.captcha.qq.com/vm-slide.e201876f.enc.js
[scraper]   Got live vm-slide (43688 chars)
[scraper] Step 7a: caplog pre-verify beacon
[scraper] Step 7: buildVDataForPost (standalone, browser profile)
[scraper]   vData: 9yIv1GMZ-ooXnvFO4d*17r5*R97XEB...
[scraper] Step 8: verify
  [verify] using jQuery prebuilt body, length: 20962
  [verify] Referer: https://t.captcha.qq.com/cap_union_new_show?aid=2046626881&protocol=https&accver...
[scraper]   errorCode: 12, ticket: none
[scraper] Step 9: caplog post-verify beacon
[scraper]   Failed with errorCode 12, retrying...
[scraper] Attempt 1 failed: CAPTCHA verify returned errorCode 12
Error: CAPTCHA solve failed after 1 attempts: CAPTCHA verify returned errorCode 12
--- rc=1 duration=2s ---
=== 46.6-after-caplog attempt 15/30 @ 2026-04-15T09:57:28Z ===
[scraper] Template cache loaded and seeded
[scraper] Default profile loaded
[scraper] jQuery source loaded (96410 chars)
[scraper] vm-slide fallback loaded (43688 chars)
[scraper] vData profile loaded from /home/ubuntu/github.com/tut1vog/reverse-chaosvm/profiles/vdata-browser-default.json
[scraper] Init complete
[scraper] Solving CAPTCHA only (no urlsec query)
[scraper] Attempt 1/1
[scraper] Attempt 1/1
[scraper] Step 1: prehandle
[scraper]   sess: s1PmXOVKVAYPt_4ybv5M...
[scraper] Step 2: getSig
[scraper]   nonce: eda1152f11f1daf0
[scraper] Step 3: downloadImages
[scraper]   bg: 24739 bytes, slice: 6633 bytes
[scraper] Step 4: downloadTdc
[scraper]   tdc source: 129582 chars
[scraper]   TDC_NAME: XcabTONObCYZeEGNPRmPGBQbTmYKEAHj
[scraper]   Source hash: e6a45ba64d246f82
[scraper]   Template: unknown, opcodes: 98
[scraper]   eks: gbQjKAyhI+GRVPQxYN+R...
[scraper] Step 5: solveSlider
[scraper]   rawOffset: 477
[scraper]   ans: 477,30;
[scraper] Step 6: generateCollect
[scraper]   collect length: 12460
[scraper] Fetching vm-slide from show page HTML: https://t.captcha.qq.com/vm-slide.e201876f.enc.js
[scraper]   Got live vm-slide (43688 chars)
[scraper] Step 7a: caplog pre-verify beacon
[scraper] Step 7: buildVDataForPost (standalone, browser profile)
[scraper]   vData: eZRhh4slDEr7Wq7I-M6*lcUziXG4OV...
[scraper] Step 8: verify
  [verify] using jQuery prebuilt body, length: 14668
  [verify] Referer: https://t.captcha.qq.com/cap_union_new_show?aid=2046626881&protocol=https&accver...
[scraper]   errorCode: -1, ticket: t03tserverCzyXHzQYNDd_eenvBACC...
[scraper] Step 9: caplog post-verify beacon
[scraper] CAPTCHA solved: {
  errorCode: -1,
  ticket: 't03tserverCzyXHzQYNDd_eenvBACC1JI2NgaoRUGc2KMjMFgB3MxDw3mxgmUKaHrnRhYpuNa3IdfmerxLtU82iuh8-CNLyVmJV08lD6FiW1EGo8CUA5NyMpth2lP8O2u7BQ-QNuQb',
  randstr: '@9Qg'
}
{
  "errorCode": -1,
  "ticket": "t03tserverCzyXHzQYNDd_eenvBACC1JI2NgaoRUGc2KMjMFgB3MxDw3mxgmUKaHrnRhYpuNa3IdfmerxLtU82iuh8-CNLyVmJV08lD6FiW1EGo8CUA5NyMpth2lP8O2u7BQ-QNuQb",
  "randstr": "@9Qg"
}
--- rc=0 duration=2s ---
=== 46.6-after-caplog attempt 16/30 @ 2026-04-15T09:57:30Z ===
[scraper] Template cache loaded and seeded
[scraper] Default profile loaded
[scraper] jQuery source loaded (96410 chars)
[scraper] vm-slide fallback loaded (43688 chars)
[scraper] vData profile loaded from /home/ubuntu/github.com/tut1vog/reverse-chaosvm/profiles/vdata-browser-default.json
[scraper] Init complete
[scraper] Solving CAPTCHA only (no urlsec query)
[scraper] Attempt 1/1
[scraper] Attempt 1/1
[scraper] Step 1: prehandle
[scraper]   sess: s1JagEIC1ZgAWKtdmEf6...
[scraper] Step 2: getSig
[scraper]   nonce: eda1152f11f1daf0
[scraper] Step 3: downloadImages
[scraper]   bg: 24768 bytes, slice: 6392 bytes
[scraper] Step 4: downloadTdc
[scraper]   tdc source: 202765 chars
[scraper]   TDC_NAME: HhXakMGlnYKgNcBiVFZCDckSRgJKTmgA
[scraper]   Source hash: 27dda893f81dbc4f
[scraper]   Template: unknown, opcodes: 103
[scraper]   eks: n2WXwfLgIQ4vjpJQw68S...
[scraper] Step 5: solveSlider
[scraper]   rawOffset: 500
[scraper]   ans: 500,38;
[scraper] Step 6: generateCollect
[scraper]   collect length: 13088
[scraper] Fetching vm-slide from show page HTML: https://t.captcha.qq.com/vm-slide.e201876f.enc.js
[scraper]   Got live vm-slide (43688 chars)
[scraper] Step 7a: caplog pre-verify beacon
[scraper] Step 7: buildVDataForPost (standalone, browser profile)
[scraper]   vData: o0cBBvo6XHuuBrpqpQJrbBm3tvpKb8...
[scraper] Step 8: verify
  [verify] using jQuery prebuilt body, length: 15378
  [verify] Referer: https://t.captcha.qq.com/cap_union_new_show?aid=2046626881&protocol=https&accver...
[scraper]   errorCode: 12, ticket: none
[scraper] Step 9: caplog post-verify beacon
[scraper]   Failed with errorCode 12, retrying...
[scraper] Attempt 1 failed: CAPTCHA verify returned errorCode 12
Error: CAPTCHA solve failed after 1 attempts: CAPTCHA verify returned errorCode 12
--- rc=1 duration=2s ---
=== 46.6-after-caplog attempt 17/30 @ 2026-04-15T09:57:32Z ===
[scraper] Template cache loaded and seeded
[scraper] Default profile loaded
[scraper] jQuery source loaded (96410 chars)
[scraper] vm-slide fallback loaded (43688 chars)
[scraper] vData profile loaded from /home/ubuntu/github.com/tut1vog/reverse-chaosvm/profiles/vdata-browser-default.json
[scraper] Init complete
[scraper] Solving CAPTCHA only (no urlsec query)
[scraper] Attempt 1/1
[scraper] Attempt 1/1
[scraper] Step 1: prehandle
[scraper]   sess: s1L_ACUGM44gMS3eypzM...
[scraper] Step 2: getSig
[scraper]   nonce: eda1152f11f1daf0
[scraper] Step 3: downloadImages
[scraper]   bg: 25347 bytes, slice: 5035 bytes
[scraper] Step 4: downloadTdc
[scraper]   tdc source: 197257 chars
[scraper]   TDC_NAME: FVgbJVJYTmGMFSCMcnTkYjmSFkYnESZF
[scraper]   Source hash: daf0c711ccb82124
[scraper]   Template: B, opcodes: 94
[scraper]   eks: dqi7N6It4XR0Tg2TSs2A...
[scraper] Step 5: solveSlider
[scraper]   rawOffset: 479
[scraper]   ans: 479,49;
[scraper] Step 6: generateCollect
[scraper]   collect length: 10904
[scraper] Fetching vm-slide from show page HTML: https://t.captcha.qq.com/vm-slide.e201876f.enc.js
[scraper]   Got live vm-slide (43688 chars)
[scraper] Step 7a: caplog pre-verify beacon
[scraper] Step 7: buildVDataForPost (standalone, browser profile)
[scraper]   vData: eXjeATb*MQQcq-*FLSisrS*r6_TaPe...
[scraper] Step 8: verify
  [verify] using jQuery prebuilt body, length: 12938
  [verify] Referer: https://t.captcha.qq.com/cap_union_new_show?aid=2046626881&protocol=https&accver...
[scraper]   errorCode: 12, ticket: none
[scraper] Step 9: caplog post-verify beacon
[scraper]   Failed with errorCode 12, retrying...
[scraper] Attempt 1 failed: CAPTCHA verify returned errorCode 12
Error: CAPTCHA solve failed after 1 attempts: CAPTCHA verify returned errorCode 12
--- rc=1 duration=2s ---
=== 46.6-after-caplog attempt 18/30 @ 2026-04-15T09:57:34Z ===
[scraper] Template cache loaded and seeded
[scraper] Default profile loaded
[scraper] jQuery source loaded (96410 chars)
[scraper] vm-slide fallback loaded (43688 chars)
[scraper] vData profile loaded from /home/ubuntu/github.com/tut1vog/reverse-chaosvm/profiles/vdata-browser-default.json
[scraper] Init complete
[scraper] Solving CAPTCHA only (no urlsec query)
[scraper] Attempt 1/1
[scraper] Attempt 1/1
[scraper] Step 1: prehandle
[scraper]   sess: s1eyK9Lon8D1-tsuxoYD...
[scraper] Step 2: getSig
[scraper]   nonce: eda1152f11f1daf0
[scraper] Step 3: downloadImages
[scraper]   bg: 27901 bytes, slice: 9006 bytes
[scraper] Step 4: downloadTdc
[scraper]   tdc source: 202765 chars
[scraper]   TDC_NAME: HhXakMGlnYKgNcBiVFZCDckSRgJKTmgA
[scraper]   Source hash: 27dda893f81dbc4f
[scraper]   Template: unknown, opcodes: 103
[scraper]   eks: xinZ5Yx4yO1MzPXrIcya...
[scraper] Step 5: solveSlider
[scraper]   rawOffset: 507
[scraper]   ans: 507,118;
[scraper] Step 6: generateCollect
[scraper]   collect length: 12044
[scraper] Fetching vm-slide from show page HTML: https://t.captcha.qq.com/vm-slide.e201876f.enc.js
[scraper]   Got live vm-slide (43688 chars)
[scraper] Step 7a: caplog pre-verify beacon
[scraper] Step 7: buildVDataForPost (standalone, browser profile)
[scraper]   vData: AngF*cSMIxGh2p362kzRX97nkV7tdB...
[scraper] Step 8: verify
  [verify] using jQuery prebuilt body, length: 14229
  [verify] Referer: https://t.captcha.qq.com/cap_union_new_show?aid=2046626881&protocol=https&accver...
[scraper]   errorCode: 12, ticket: none
[scraper] Step 9: caplog post-verify beacon
[scraper]   Failed with errorCode 12, retrying...
[scraper] Attempt 1 failed: CAPTCHA verify returned errorCode 12
Error: CAPTCHA solve failed after 1 attempts: CAPTCHA verify returned errorCode 12
--- rc=1 duration=2s ---
=== 46.6-after-caplog attempt 19/30 @ 2026-04-15T09:57:36Z ===
[scraper] Template cache loaded and seeded
[scraper] Default profile loaded
[scraper] jQuery source loaded (96410 chars)
[scraper] vm-slide fallback loaded (43688 chars)
[scraper] vData profile loaded from /home/ubuntu/github.com/tut1vog/reverse-chaosvm/profiles/vdata-browser-default.json
[scraper] Init complete
[scraper] Solving CAPTCHA only (no urlsec query)
[scraper] Attempt 1/1
[scraper] Attempt 1/1
[scraper] Step 1: prehandle
[scraper]   sess: s1CsSK64PIxP7wW7VOSq...
[scraper] Step 2: getSig
[scraper]   nonce: eda1152f11f1daf0
[scraper] Step 3: downloadImages
[scraper]   bg: 13763 bytes, slice: 6245 bytes
[scraper] Step 4: downloadTdc
[scraper]   tdc source: 161122 chars
[scraper]   TDC_NAME: gUbSKiHCiVNcdeXaKTECbTOEkdOclkcR
[scraper]   Source hash: 02fd132edb24a8c1
[scraper]   Template: C, opcodes: 100
[scraper]   eks: z9jpmj3CYI9CrH+uubgE...
[scraper] Step 5: solveSlider
[scraper]   rawOffset: 486
[scraper]   ans: 486,30;
[scraper] Step 6: generateCollect
[scraper]   collect length: 12600
[scraper] Fetching vm-slide from show page HTML: https://t.captcha.qq.com/vm-slide.e201876f.enc.js
[scraper]   Got live vm-slide (43688 chars)
[scraper] Step 7a: caplog pre-verify beacon
[scraper] Step 7: buildVDataForPost (standalone, browser profile)
[scraper]   vData: 7U6WdlnI9Zn4tVBBPZ7LeNzmBcXKW9...
[scraper] Step 8: verify
  [verify] using jQuery prebuilt body, length: 14868
  [verify] Referer: https://t.captcha.qq.com/cap_union_new_show?aid=2046626881&protocol=https&accver...
[scraper]   errorCode: -1, ticket: t03tserveruKTx-Vj3DZZEpfamhS65...
[scraper] Step 9: caplog post-verify beacon
[scraper] CAPTCHA solved: {
  errorCode: -1,
  ticket: 't03tserveruKTx-Vj3DZZEpfamhS65OHO8VCgyA1n_GsprJt-jZzOXraKBOLKKOxs9Aadql24orhxgdHJDJxWyiOrBSgp215hdRXcXjm5nCWzdlAB4TOoCketwxY6jhc1SDlPVYQK9',
  randstr: '@548'
}
{
  "errorCode": -1,
  "ticket": "t03tserveruKTx-Vj3DZZEpfamhS65OHO8VCgyA1n_GsprJt-jZzOXraKBOLKKOxs9Aadql24orhxgdHJDJxWyiOrBSgp215hdRXcXjm5nCWzdlAB4TOoCketwxY6jhc1SDlPVYQK9",
  "randstr": "@548"
}
--- rc=0 duration=2s ---
=== 46.6-after-caplog attempt 20/30 @ 2026-04-15T09:57:38Z ===
[scraper] Template cache loaded and seeded
[scraper] Default profile loaded
[scraper] jQuery source loaded (96410 chars)
[scraper] vm-slide fallback loaded (43688 chars)
[scraper] vData profile loaded from /home/ubuntu/github.com/tut1vog/reverse-chaosvm/profiles/vdata-browser-default.json
[scraper] Init complete
[scraper] Solving CAPTCHA only (no urlsec query)
[scraper] Attempt 1/1
[scraper] Attempt 1/1
[scraper] Step 1: prehandle
[scraper]   sess: s1A9Wu5HJa-UJxQqNmhr...
[scraper] Step 2: getSig
[scraper]   nonce: eda1152f11f1daf0
[scraper] Step 3: downloadImages
[scraper]   bg: 18078 bytes, slice: 5923 bytes
[scraper] Step 4: downloadTdc
[scraper]   tdc source: 199611 chars
[scraper]   TDC_NAME: BGDfWkdQOJJJTnHCNCnZRJZJSeFRWONJ
[scraper]   Source hash: 3429444f324c6110
[scraper]   Template: unknown, opcodes: 91
[scraper]   eks: +Ck8tuTKsVK4BCakkFhO...
[scraper] Step 5: solveSlider
[scraper]   rawOffset: 457
[scraper]   ans: 457,44;
[scraper] Step 6: generateCollect
[scraper]   collect length: 12000
[scraper] Fetching vm-slide from show page HTML: https://t.captcha.qq.com/vm-slide.e201876f.enc.js
[scraper]   Got live vm-slide (43688 chars)
[scraper] Step 7a: caplog pre-verify beacon
[scraper] Step 7: buildVDataForPost (standalone, browser profile)
[scraper]   vData: jk7qmOeXdZaO-Sqk-B9yj33c7lA0ZR...
[scraper] Step 8: verify
  [verify] using jQuery prebuilt body, length: 14086
  [verify] Referer: https://t.captcha.qq.com/cap_union_new_show?aid=2046626881&protocol=https&accver...
[scraper]   errorCode: 12, ticket: none
[scraper] Step 9: caplog post-verify beacon
[scraper]   Failed with errorCode 12, retrying...
[scraper] Attempt 1 failed: CAPTCHA verify returned errorCode 12
Error: CAPTCHA solve failed after 1 attempts: CAPTCHA verify returned errorCode 12
--- rc=1 duration=1s ---
=== 46.6-after-caplog attempt 21/30 @ 2026-04-15T09:57:39Z ===
[scraper] Template cache loaded and seeded
[scraper] Default profile loaded
[scraper] jQuery source loaded (96410 chars)
[scraper] vm-slide fallback loaded (43688 chars)
[scraper] vData profile loaded from /home/ubuntu/github.com/tut1vog/reverse-chaosvm/profiles/vdata-browser-default.json
[scraper] Init complete
[scraper] Solving CAPTCHA only (no urlsec query)
[scraper] Attempt 1/1
[scraper] Attempt 1/1
[scraper] Step 1: prehandle
[scraper]   sess: s1PU3BJSaw8XBBIMPcia...
[scraper] Step 2: getSig
[scraper]   nonce: eda1152f11f1daf0
[scraper] Step 3: downloadImages
[scraper]   bg: 24693 bytes, slice: 6779 bytes
[scraper] Step 4: downloadTdc
[scraper]   tdc source: 161122 chars
[scraper]   TDC_NAME: gUbSKiHCiVNcdeXaKTECbTOEkdOclkcR
[scraper]   Source hash: 02fd132edb24a8c1
[scraper]   Template: C, opcodes: 100
[scraper]   eks: okLzxoZFYU+dINLOVnHi...
[scraper] Step 5: solveSlider
[scraper]   rawOffset: 483
[scraper]   ans: 483,30;
[scraper] Step 6: generateCollect
[scraper]   collect length: 12920
[scraper] Fetching vm-slide from show page HTML: https://t.captcha.qq.com/vm-slide.e201876f.enc.js
[scraper]   Got live vm-slide (43688 chars)
[scraper] Step 7a: caplog pre-verify beacon
[scraper] Step 7: buildVDataForPost (standalone, browser profile)
[scraper]   vData: o0cBBvo6XHuuBrpqpQJrbBm3tvpKb8...
[scraper] Step 8: verify
  [verify] using jQuery prebuilt body, length: 15160
  [verify] Referer: https://t.captcha.qq.com/cap_union_new_show?aid=2046626881&protocol=https&accver...
[scraper]   errorCode: 12, ticket: none
[scraper] Step 9: caplog post-verify beacon
[scraper]   Failed with errorCode 12, retrying...
[scraper] Attempt 1 failed: CAPTCHA verify returned errorCode 12
Error: CAPTCHA solve failed after 1 attempts: CAPTCHA verify returned errorCode 12
--- rc=1 duration=2s ---
=== 46.6-after-caplog attempt 22/30 @ 2026-04-15T09:57:41Z ===
[scraper] Template cache loaded and seeded
[scraper] Default profile loaded
[scraper] jQuery source loaded (96410 chars)
[scraper] vm-slide fallback loaded (43688 chars)
[scraper] vData profile loaded from /home/ubuntu/github.com/tut1vog/reverse-chaosvm/profiles/vdata-browser-default.json
[scraper] Init complete
[scraper] Solving CAPTCHA only (no urlsec query)
[scraper] Attempt 1/1
[scraper] Attempt 1/1
[scraper] Step 1: prehandle
[scraper]   sess: s10Yts4W8aQvPj4E8BW1...
[scraper] Step 2: getSig
[scraper]   nonce: eda1152f11f1daf0
[scraper] Step 3: downloadImages
[scraper]   bg: 11599 bytes, slice: 5604 bytes
[scraper] Step 4: downloadTdc
[scraper]   tdc source: 197545 chars
[scraper]   TDC_NAME: dNiffQDBnfBhFYVHJUXMVbRchmDEmPaH
[scraper]   Source hash: f53142c54fc43699
[scraper]   Source hash not in cache — attempting auto-port via pipeline...
[scraper] Auto-porting unknown template: f53142c54fc43699
[scraper] Auto-port failed for f53142c54fc43699: Command failed: /home/ubuntu/.nvm/versions/node/v20.20.0/bin/node /home/ubuntu/github.com/tut1vog/reverse-chaosvm/tools/porting-pipeline/run.js /tmp/tdc-autoport-f53142c54fc43699.js --skip-verify

[scraper]   Error: Unknown template (hash=f53142c54fc43699), auto-port failed
[scraper] Attempt 1 failed: Unknown template (hash=f53142c54fc43699), auto-port failed
Error: CAPTCHA solve failed after 1 attempts: Unknown template (hash=f53142c54fc43699), auto-port failed
--- rc=1 duration=2s ---
=== 46.6-after-caplog attempt 23/30 @ 2026-04-15T09:57:43Z ===
[scraper] Template cache loaded and seeded
[scraper] Default profile loaded
[scraper] jQuery source loaded (96410 chars)
[scraper] vm-slide fallback loaded (43688 chars)
[scraper] vData profile loaded from /home/ubuntu/github.com/tut1vog/reverse-chaosvm/profiles/vdata-browser-default.json
[scraper] Init complete
[scraper] Solving CAPTCHA only (no urlsec query)
[scraper] Attempt 1/1
[scraper] Attempt 1/1
[scraper] Step 1: prehandle
[scraper]   sess: s1MxYgMz1OdVaGU-Ybqn...
[scraper] Step 2: getSig
[scraper]   nonce: eda1152f11f1daf0
[scraper] Step 3: downloadImages
[scraper]   bg: 22181 bytes, slice: 7534 bytes
[scraper] Step 4: downloadTdc
[scraper]   tdc source: 144440 chars
[scraper]   TDC_NAME: SlVCfKSRjkmVXRnTigehmWSaDkeUUNfk
[scraper]   Source hash: e5341ccb12b78e65
[scraper]   Template: unknown, opcodes: 96
[scraper]   eks: dl+VmzaknXH1hq7bF7Gi...
[scraper] Step 5: solveSlider
[scraper]   rawOffset: 495
[scraper]   ans: 495,59;
[scraper] Step 6: generateCollect
[scraper]   collect length: 14816
[scraper] Fetching vm-slide from show page HTML: https://t.captcha.qq.com/vm-slide.e201876f.enc.js
[scraper]   Got live vm-slide (43688 chars)
[scraper] Step 7a: caplog pre-verify beacon
[scraper] Step 7: buildVDataForPost (standalone, browser profile)
[scraper]   vData: -Iq3xF474Ut2Kc98LMr5F3X0cQihFa...
[scraper] Step 8: verify
  [verify] using jQuery prebuilt body, length: 17186
  [verify] Referer: https://t.captcha.qq.com/cap_union_new_show?aid=2046626881&protocol=https&accver...
[scraper]   errorCode: 12, ticket: none
[scraper] Step 9: caplog post-verify beacon
[scraper]   Failed with errorCode 12, retrying...
[scraper] Attempt 1 failed: CAPTCHA verify returned errorCode 12
Error: CAPTCHA solve failed after 1 attempts: CAPTCHA verify returned errorCode 12
--- rc=1 duration=1s ---
=== 46.6-after-caplog attempt 24/30 @ 2026-04-15T09:57:44Z ===
[scraper] Template cache loaded and seeded
[scraper] Default profile loaded
[scraper] jQuery source loaded (96410 chars)
[scraper] vm-slide fallback loaded (43688 chars)
[scraper] vData profile loaded from /home/ubuntu/github.com/tut1vog/reverse-chaosvm/profiles/vdata-browser-default.json
[scraper] Init complete
[scraper] Solving CAPTCHA only (no urlsec query)
[scraper] Attempt 1/1
[scraper] Attempt 1/1
[scraper] Step 1: prehandle
[scraper]   sess: s14PdWsWFDlhZxko-Yek...
[scraper] Step 2: getSig
[scraper]   nonce: eda1152f11f1daf0
[scraper] Step 3: downloadImages
[scraper]   bg: 11537 bytes, slice: 5966 bytes
[scraper] Step 4: downloadTdc
[scraper]   tdc source: 162790 chars
[scraper]   TDC_NAME: DkPDkCnAekYMgVghTDOeSKmVZbkVCQUG
[scraper]   Source hash: e2170903e201e018
[scraper]   Template: unknown, opcodes: 93
[scraper]   eks: pD8Ss6vcoqkne7DJN9tG...
[scraper] Step 5: solveSlider
[scraper]   rawOffset: 451
[scraper]   ans: 451,158;
[scraper] Step 6: generateCollect
[scraper]   collect length: 10680
[scraper] Fetching vm-slide from show page HTML: https://t.captcha.qq.com/vm-slide.e201876f.enc.js
[scraper]   Got live vm-slide (43688 chars)
[scraper] Step 7a: caplog pre-verify beacon
[scraper] Step 7: buildVDataForPost (standalone, browser profile)
[scraper]   vData: -Iq3xF474Ut2Kc98LMr5FqdST7f5l5...
[scraper] Step 8: verify
  [verify] using jQuery prebuilt body, length: 12741
  [verify] Referer: https://t.captcha.qq.com/cap_union_new_show?aid=2046626881&protocol=https&accver...
[scraper]   errorCode: 12, ticket: none
[scraper] Step 9: caplog post-verify beacon
[scraper]   Failed with errorCode 12, retrying...
[scraper] Attempt 1 failed: CAPTCHA verify returned errorCode 12
Error: CAPTCHA solve failed after 1 attempts: CAPTCHA verify returned errorCode 12
--- rc=1 duration=2s ---
=== 46.6-after-caplog attempt 25/30 @ 2026-04-15T09:57:46Z ===
[scraper] Template cache loaded and seeded
[scraper] Default profile loaded
[scraper] jQuery source loaded (96410 chars)
[scraper] vm-slide fallback loaded (43688 chars)
[scraper] vData profile loaded from /home/ubuntu/github.com/tut1vog/reverse-chaosvm/profiles/vdata-browser-default.json
[scraper] Init complete
[scraper] Solving CAPTCHA only (no urlsec query)
[scraper] Attempt 1/1
[scraper] Attempt 1/1
[scraper] Step 1: prehandle
[scraper]   sess: s1UO2SFzPuKTsAcp_c3v...
[scraper] Step 2: getSig
[scraper]   nonce: eda1152f11f1daf0
[scraper] Step 3: downloadImages
[scraper]   bg: 18123 bytes, slice: 5519 bytes
[scraper] Step 4: downloadTdc
[scraper]   tdc source: 129582 chars
[scraper]   TDC_NAME: XcabTONObCYZeEGNPRmPGBQbTmYKEAHj
[scraper]   Source hash: e6a45ba64d246f82
[scraper]   Template: unknown, opcodes: 98
[scraper]   eks: 9XifI34oDNHkSyxDP/YP...
[scraper] Step 5: solveSlider
[scraper]   rawOffset: 475
[scraper]   ans: 475,30;
[scraper] Step 6: generateCollect
[scraper]   collect length: 10912
[scraper] Fetching vm-slide from show page HTML: https://t.captcha.qq.com/vm-slide.e201876f.enc.js
[scraper]   Got live vm-slide (43688 chars)
[scraper] Step 7a: caplog pre-verify beacon
[scraper] Step 7: buildVDataForPost (standalone, browser profile)
[scraper]   vData: hUDp9UaRBR-7Ie3-6rhrvu-A11C1Jj...
[scraper] Step 8: verify
  [verify] using jQuery prebuilt body, length: 13022
  [verify] Referer: https://t.captcha.qq.com/cap_union_new_show?aid=2046626881&protocol=https&accver...
[scraper]   errorCode: 12, ticket: none
[scraper] Step 9: caplog post-verify beacon
[scraper]   Failed with errorCode 12, retrying...
[scraper] Attempt 1 failed: CAPTCHA verify returned errorCode 12
Error: CAPTCHA solve failed after 1 attempts: CAPTCHA verify returned errorCode 12
--- rc=1 duration=2s ---
=== 46.6-after-caplog attempt 26/30 @ 2026-04-15T09:57:48Z ===
[scraper] Template cache loaded and seeded
[scraper] Default profile loaded
[scraper] jQuery source loaded (96410 chars)
[scraper] vm-slide fallback loaded (43688 chars)
[scraper] vData profile loaded from /home/ubuntu/github.com/tut1vog/reverse-chaosvm/profiles/vdata-browser-default.json
[scraper] Init complete
[scraper] Solving CAPTCHA only (no urlsec query)
[scraper] Attempt 1/1
[scraper] Attempt 1/1
[scraper] Step 1: prehandle
[scraper]   sess: s1etXlTixwr61DM58ENQ...
[scraper] Step 2: getSig
[scraper]   nonce: eda1152f11f1daf0
[scraper] Step 3: downloadImages
[scraper]   bg: 25392 bytes, slice: 5292 bytes
[scraper] Step 4: downloadTdc
[scraper]   tdc source: 197545 chars
[scraper]   TDC_NAME: dNiffQDBnfBhFYVHJUXMVbRchmDEmPaH
[scraper]   Source hash: f53142c54fc43699
[scraper]   Source hash not in cache — attempting auto-port via pipeline...
[scraper] Auto-porting unknown template: f53142c54fc43699
[scraper] Auto-port failed for f53142c54fc43699: Command failed: /home/ubuntu/.nvm/versions/node/v20.20.0/bin/node /home/ubuntu/github.com/tut1vog/reverse-chaosvm/tools/porting-pipeline/run.js /tmp/tdc-autoport-f53142c54fc43699.js --skip-verify

[scraper]   Error: Unknown template (hash=f53142c54fc43699), auto-port failed
[scraper] Attempt 1 failed: Unknown template (hash=f53142c54fc43699), auto-port failed
Error: CAPTCHA solve failed after 1 attempts: Unknown template (hash=f53142c54fc43699), auto-port failed
--- rc=1 duration=2s ---
=== 46.6-after-caplog attempt 27/30 @ 2026-04-15T09:57:50Z ===
[scraper] Template cache loaded and seeded
[scraper] Default profile loaded
[scraper] jQuery source loaded (96410 chars)
[scraper] vm-slide fallback loaded (43688 chars)
[scraper] vData profile loaded from /home/ubuntu/github.com/tut1vog/reverse-chaosvm/profiles/vdata-browser-default.json
[scraper] Init complete
[scraper] Solving CAPTCHA only (no urlsec query)
[scraper] Attempt 1/1
[scraper] Attempt 1/1
[scraper] Step 1: prehandle
[scraper]   sess: s19nSOUZR_mpVM3f7i0y...
[scraper] Step 2: getSig
[scraper]   nonce: eda1152f11f1daf0
[scraper] Step 3: downloadImages
[scraper]   bg: 25291 bytes, slice: 5175 bytes
[scraper] Step 4: downloadTdc
[scraper]   tdc source: 144440 chars
[scraper]   TDC_NAME: SlVCfKSRjkmVXRnTigehmWSaDkeUUNfk
[scraper]   Source hash: e5341ccb12b78e65
[scraper]   Template: unknown, opcodes: 96
[scraper]   eks: xzi+FBve5vA2Pj8lSzK3...
[scraper] Step 5: solveSlider
[scraper]   rawOffset: 450
[scraper]   ans: 450,70;
[scraper] Step 6: generateCollect
[scraper]   collect length: 13688
[scraper] Fetching vm-slide from show page HTML: https://t.captcha.qq.com/vm-slide.e201876f.enc.js
[scraper]   Got live vm-slide (43688 chars)
[scraper] Step 7a: caplog pre-verify beacon
[scraper] Step 7: buildVDataForPost (standalone, browser profile)
[scraper]   vData: wjcvIRwVDKq3aoz3ZkDKkZDIi*oPhs...
[scraper] Step 8: verify
  [verify] using jQuery prebuilt body, length: 16010
  [verify] Referer: https://t.captcha.qq.com/cap_union_new_show?aid=2046626881&protocol=https&accver...
[scraper]   errorCode: 12, ticket: none
[scraper] Step 9: caplog post-verify beacon
[scraper]   Failed with errorCode 12, retrying...
[scraper] Attempt 1 failed: CAPTCHA verify returned errorCode 12
Error: CAPTCHA solve failed after 1 attempts: CAPTCHA verify returned errorCode 12
--- rc=1 duration=2s ---
=== 46.6-after-caplog attempt 28/30 @ 2026-04-15T09:57:52Z ===
[scraper] Template cache loaded and seeded
[scraper] Default profile loaded
[scraper] jQuery source loaded (96410 chars)
[scraper] vm-slide fallback loaded (43688 chars)
[scraper] vData profile loaded from /home/ubuntu/github.com/tut1vog/reverse-chaosvm/profiles/vdata-browser-default.json
[scraper] Init complete
[scraper] Solving CAPTCHA only (no urlsec query)
[scraper] Attempt 1/1
[scraper] Attempt 1/1
[scraper] Step 1: prehandle
[scraper]   sess: s1GU8Pin5ikoZwGVQqbp...
[scraper] Step 2: getSig
[scraper]   nonce: eda1152f11f1daf0
[scraper] Step 3: downloadImages
[scraper]   bg: 28017 bytes, slice: 8367 bytes
[scraper] Step 4: downloadTdc
[scraper]   tdc source: 129582 chars
[scraper]   TDC_NAME: XcabTONObCYZeEGNPRmPGBQbTmYKEAHj
[scraper]   Source hash: e6a45ba64d246f82
[scraper]   Template: unknown, opcodes: 98
[scraper]   eks: U/6qhfxi/ajKqb9YChLG...
[scraper] Step 5: solveSlider
[scraper]   rawOffset: 458
[scraper]   ans: 458,107;
[scraper] Step 6: generateCollect
[scraper]   collect length: 12288
[scraper] Fetching vm-slide from show page HTML: https://t.captcha.qq.com/vm-slide.e201876f.enc.js
[scraper]   Got live vm-slide (43688 chars)
[scraper] Step 7a: caplog pre-verify beacon
[scraper] Step 7: buildVDataForPost (standalone, browser profile)
[scraper]   vData: XvOFebMiaDBU2ciBTDCq9XCnQgZsLT...
[scraper] Step 8: verify
  [verify] using jQuery prebuilt body, length: 14451
  [verify] Referer: https://t.captcha.qq.com/cap_union_new_show?aid=2046626881&protocol=https&accver...
[scraper]   errorCode: 12, ticket: none
[scraper] Step 9: caplog post-verify beacon
[scraper]   Failed with errorCode 12, retrying...
[scraper] Attempt 1 failed: CAPTCHA verify returned errorCode 12
Error: CAPTCHA solve failed after 1 attempts: CAPTCHA verify returned errorCode 12
--- rc=1 duration=1s ---
=== 46.6-after-caplog attempt 29/30 @ 2026-04-15T09:57:53Z ===
[scraper] Template cache loaded and seeded
[scraper] Default profile loaded
[scraper] jQuery source loaded (96410 chars)
[scraper] vm-slide fallback loaded (43688 chars)
[scraper] vData profile loaded from /home/ubuntu/github.com/tut1vog/reverse-chaosvm/profiles/vdata-browser-default.json
[scraper] Init complete
[scraper] Solving CAPTCHA only (no urlsec query)
[scraper] Attempt 1/1
[scraper] Attempt 1/1
[scraper] Step 1: prehandle
[scraper]   sess: s1lGpAlg3gvHyHWo9Lu0...
[scraper] Step 2: getSig
[scraper]   nonce: eda1152f11f1daf0
[scraper] Step 3: downloadImages
[scraper]   bg: 18129 bytes, slice: 5909 bytes
[scraper] Step 4: downloadTdc
[scraper]   tdc source: 161122 chars
[scraper]   TDC_NAME: gUbSKiHCiVNcdeXaKTECbTOEkdOclkcR
[scraper]   Source hash: 02fd132edb24a8c1
[scraper]   Template: C, opcodes: 100
[scraper]   eks: ErBep54qBofHudbFq/1v...
[scraper] Step 5: solveSlider
[scraper]   rawOffset: 472
[scraper]   ans: 472,30;
[scraper] Step 6: generateCollect
[scraper]   collect length: 15084
[scraper] Fetching vm-slide from show page HTML: https://t.captcha.qq.com/vm-slide.e201876f.enc.js
[scraper]   Got live vm-slide (43688 chars)
[scraper] Step 7a: caplog pre-verify beacon
[scraper] Step 7: buildVDataForPost (standalone, browser profile)
[scraper]   vData: -Iq3xF474Ut2Kc98LMr5FR2-hPjpXs...
[scraper] Step 8: verify
  [verify] using jQuery prebuilt body, length: 17396
  [verify] Referer: https://t.captcha.qq.com/cap_union_new_show?aid=2046626881&protocol=https&accver...
[scraper]   errorCode: 12, ticket: none
[scraper] Step 9: caplog post-verify beacon
[scraper]   Failed with errorCode 12, retrying...
[scraper] Attempt 1 failed: CAPTCHA verify returned errorCode 12
Error: CAPTCHA solve failed after 1 attempts: CAPTCHA verify returned errorCode 12
--- rc=1 duration=2s ---
=== 46.6-after-caplog attempt 30/30 @ 2026-04-15T09:57:55Z ===
[scraper] Template cache loaded and seeded
[scraper] Default profile loaded
[scraper] jQuery source loaded (96410 chars)
[scraper] vm-slide fallback loaded (43688 chars)
[scraper] vData profile loaded from /home/ubuntu/github.com/tut1vog/reverse-chaosvm/profiles/vdata-browser-default.json
[scraper] Init complete
[scraper] Solving CAPTCHA only (no urlsec query)
[scraper] Attempt 1/1
[scraper] Attempt 1/1
[scraper] Step 1: prehandle
[scraper]   sess: s1CEtkW5rJJjCp_hDaLo...
[scraper] Step 2: getSig
[scraper]   nonce: eda1152f11f1daf0
[scraper] Step 3: downloadImages
[scraper]   bg: 18091 bytes, slice: 5464 bytes
[scraper] Step 4: downloadTdc
[scraper]   tdc source: 199611 chars
[scraper]   TDC_NAME: BGDfWkdQOJJJTnHCNCnZRJZJSeFRWONJ
[scraper]   Source hash: 3429444f324c6110
[scraper]   Template: unknown, opcodes: 91
[scraper]   eks: 4SlkqSMB4iKRlIP70EPf...
[scraper] Step 5: solveSlider
[scraper]   rawOffset: 474
[scraper]   ans: 474,30;
[scraper] Step 6: generateCollect
[scraper]   collect length: 10456
[scraper] Fetching vm-slide from show page HTML: https://t.captcha.qq.com/vm-slide.e201876f.enc.js
[scraper]   Got live vm-slide (43688 chars)
[scraper] Step 7a: caplog pre-verify beacon
[scraper] Step 7: buildVDataForPost (standalone, browser profile)
[scraper]   vData: VueBKpkQNbhk8PJ_PeBGUsDygdVqW6...
[scraper] Step 8: verify
  [verify] using jQuery prebuilt body, length: 12516
  [verify] Referer: https://t.captcha.qq.com/cap_union_new_show?aid=2046626881&protocol=https&accver...
[scraper]   errorCode: 12, ticket: none
[scraper] Step 9: caplog post-verify beacon
[scraper]   Failed with errorCode 12, retrying...
[scraper] Attempt 1 failed: CAPTCHA verify returned errorCode 12
Error: CAPTCHA solve failed after 1 attempts: CAPTCHA verify returned errorCode 12
--- rc=1 duration=2s ---
