=== default attempt 1/30 @ 2026-04-15T07:38:35Z ===
[scraper] Template cache loaded and seeded
[scraper] Default profile loaded
[scraper] jQuery source loaded (96410 chars)
[scraper] vm-slide fallback loaded (43688 chars)
[scraper] vData profile loaded from /home/ubuntu/github.com/tut1vog/reverse-chaosvm/profiles/vdata-browser-default.json
[scraper] Init complete
[scraper] Solving CAPTCHA only (no urlsec query)
[scraper] Attempt 1/1
[scraper] Attempt 1/1
[scraper] Step 1: prehandle
[scraper]   sess: s1uI09CUucGVkHvvvVvb...
[scraper] Step 2: getSig
[scraper]   nonce: eda1152f11f1daf0
[scraper] Step 3: downloadImages
[scraper]   bg: 11538 bytes, slice: 5730 bytes
[scraper] Step 4: downloadTdc
[scraper]   tdc source: 144440 chars
[scraper]   TDC_NAME: SlVCfKSRjkmVXRnTigehmWSaDkeUUNfk
[scraper]   Source hash: e5341ccb12b78e65
[scraper]   Template: unknown, opcodes: 96
[scraper]   eks: ZRbHSKkUo3zFf3p6sAye...
[scraper] Step 5: solveSlider
[scraper]   rawOffset: 459
[scraper]   ans: 459,59;
[scraper] Step 6: generateCollect
[scraper]   collect length: 13016
[scraper] Step 7: buildVDataForPost (standalone, browser profile)
[scraper]   vData: XvOFebMiaDBU2ciBTDCq9dx6DJZQ7B...
[scraper] Step 8: verify
  [verify] using jQuery prebuilt body, length: 15184
  [verify] Referer: https://t.captcha.qq.com/cap_union_new_show?aid=2046626881&protocol=https&accver...
[scraper]   errorCode: -1, ticket: t03tserverVaiaR1JKRGJvdzrzL5lh...
[scraper] CAPTCHA solved: {
  errorCode: -1,
  ticket: 't03tserverVaiaR1JKRGJvdzrzL5lhgsn4uwmLPQ1haMP9WF9xvlrFz3_jsAKSlZb8E1GPrrHla1axuV-KyN6EMXiDFJoVe9IO8Tg7XALPr1s9dglY1FRK8kRWuZFEhaRTqTzmSil8',
  randstr: '@rl2'
}
{
  "errorCode": -1,
  "ticket": "t03tserverVaiaR1JKRGJvdzrzL5lhgsn4uwmLPQ1haMP9WF9xvlrFz3_jsAKSlZb8E1GPrrHla1axuV-KyN6EMXiDFJoVe9IO8Tg7XALPr1s9dglY1FRK8kRWuZFEhaRTqTzmSil8",
  "randstr": "@rl2"
}
--- rc=0 duration=2s ---
=== default attempt 2/30 @ 2026-04-15T07:38:37Z ===
[scraper] Template cache loaded and seeded
[scraper] Default profile loaded
[scraper] jQuery source loaded (96410 chars)
[scraper] vm-slide fallback loaded (43688 chars)
[scraper] vData profile loaded from /home/ubuntu/github.com/tut1vog/reverse-chaosvm/profiles/vdata-browser-default.json
[scraper] Init complete
[scraper] Solving CAPTCHA only (no urlsec query)
[scraper] Attempt 1/1
[scraper] Attempt 1/1
[scraper] Step 1: prehandle
[scraper]   sess: s1MkR2S6OTKLrqlcsNgM...
[scraper] Step 2: getSig
[scraper]   nonce: eda1152f11f1daf0
[scraper] Step 3: downloadImages
[scraper]   bg: 25417 bytes, slice: 5069 bytes
[scraper] Step 4: downloadTdc
[scraper]   tdc source: 199611 chars
[scraper]   TDC_NAME: BGDfWkdQOJJJTnHCNCnZRJZJSeFRWONJ
[scraper]   Source hash: 3429444f324c6110
[scraper]   Template: unknown, opcodes: 91
[scraper]   eks: LBz7h+hcrhxeCKVVJnJy...
[scraper] Step 5: solveSlider
[scraper]   rawOffset: 481
[scraper]   ans: 481,51;
[scraper] Step 6: generateCollect
[scraper]   collect length: 12256
[scraper] Step 7: buildVDataForPost (standalone, browser profile)
[scraper]   vData: -Iq3xF474Ut2Kc98LMr5F0_Nu*Tn5Q...
[scraper] Step 8: verify
  [verify] using jQuery prebuilt body, length: 14420
  [verify] Referer: https://t.captcha.qq.com/cap_union_new_show?aid=2046626881&protocol=https&accver...
[scraper]   errorCode: -1, ticket: t03tserver1rNxbRSz1E1_N2u5S0xa...
[scraper] CAPTCHA solved: {
  errorCode: -1,
  ticket: 't03tserver1rNxbRSz1E1_N2u5S0xa4vWNrqx8mz68Xmoe-rgEsh6u-Ap3WHJm2Vw-oNcUH005WxgwK2OLyL32VoOBzYA-068JYwoJGbzRAzUvt2CLiOiPu8GYswvdvOk3aS3Nbs5V',
  randstr: '@3GP'
}
{
  "errorCode": -1,
  "ticket": "t03tserver1rNxbRSz1E1_N2u5S0xa4vWNrqx8mz68Xmoe-rgEsh6u-Ap3WHJm2Vw-oNcUH005WxgwK2OLyL32VoOBzYA-068JYwoJGbzRAzUvt2CLiOiPu8GYswvdvOk3aS3Nbs5V",
  "randstr": "@3GP"
}
--- rc=0 duration=1s ---
=== default attempt 3/30 @ 2026-04-15T07:38:38Z ===
[scraper] Template cache loaded and seeded
[scraper] Default profile loaded
[scraper] jQuery source loaded (96410 chars)
[scraper] vm-slide fallback loaded (43688 chars)
[scraper] vData profile loaded from /home/ubuntu/github.com/tut1vog/reverse-chaosvm/profiles/vdata-browser-default.json
[scraper] Init complete
[scraper] Solving CAPTCHA only (no urlsec query)
[scraper] Attempt 1/1
[scraper] Attempt 1/1
[scraper] Step 1: prehandle
[scraper]   sess: s1KRnRuOI3h16W-jt6HT...
[scraper] Step 2: getSig
[scraper]   nonce: eda1152f11f1daf0
[scraper] Step 3: downloadImages
[scraper]   bg: 25417 bytes, slice: 5121 bytes
[scraper] Step 4: downloadTdc
[scraper]   tdc source: 202765 chars
[scraper]   TDC_NAME: HhXakMGlnYKgNcBiVFZCDckSRgJKTmgA
[scraper]   Source hash: 27dda893f81dbc4f
[scraper]   Template: unknown, opcodes: 103
[scraper]   eks: hr1TCFBHC6+vZGll7HfM...
[scraper] Step 5: solveSlider
[scraper]   rawOffset: 488
[scraper]   ans: 488,82;
[scraper] Step 6: generateCollect
[scraper]   collect length: 11276
[scraper] Step 7: buildVDataForPost (standalone, browser profile)
[scraper]   vData: -Iq3xF474Ut2Kc98LMr5F30_GbPd28...
[scraper] Step 8: verify
  [verify] using jQuery prebuilt body, length: 13454
  [verify] Referer: https://t.captcha.qq.com/cap_union_new_show?aid=2046626881&protocol=https&accver...
[scraper]   errorCode: 12, ticket: none
[scraper]   Failed with errorCode 12, retrying...
[scraper] Attempt 1 failed: CAPTCHA verify returned errorCode 12
Error: CAPTCHA solve failed after 1 attempts: CAPTCHA verify returned errorCode 12
--- rc=1 duration=2s ---
=== default attempt 4/30 @ 2026-04-15T07:38:40Z ===
[scraper] Template cache loaded and seeded
[scraper] Default profile loaded
[scraper] jQuery source loaded (96410 chars)
[scraper] vm-slide fallback loaded (43688 chars)
[scraper] vData profile loaded from /home/ubuntu/github.com/tut1vog/reverse-chaosvm/profiles/vdata-browser-default.json
[scraper] Init complete
[scraper] Solving CAPTCHA only (no urlsec query)
[scraper] Attempt 1/1
[scraper] Attempt 1/1
[scraper] Step 1: prehandle
[scraper]   sess: s1zg7RRD7lPlVwjjEN0w...
[scraper] Step 2: getSig
[scraper]   nonce: eda1152f11f1daf0
[scraper] Step 3: downloadImages
[scraper]   bg: 11615 bytes, slice: 5339 bytes
[scraper] Step 4: downloadTdc
[scraper]   tdc source: 162790 chars
[scraper]   TDC_NAME: DkPDkCnAekYMgVghTDOeSKmVZbkVCQUG
[scraper]   Source hash: e2170903e201e018
[scraper]   Source hash not in cache — attempting auto-port via pipeline...
[scraper] Auto-porting unknown template: e2170903e201e018
[scraper]   pipeline: [port] Starting pipeline for /tmp/tdc-autoport-e2170903e201e018.js
[scraper]   pipeline: [port] Stage 1/5: Parsing VM... found 93 opcodes, variables: _0x40f128/_0x4909e2/_0x116fb3/_0x53b31f/_0x4b8a48/_0x190dbe
[scraper]   pipeline: [port] Stage 1.5/5: Deobfuscating... 128 decoder replacements, 61 helper replacements
[scraper]   pipeline: [port] Stage 2/5: Mapping opcodes... 69/93 mapped, 24 unmapped (Template unknown)
[scraper]   pipeline: [port] Stage 3/5: Extracting XTEA key... key=[0x52363532, 0x696C4B4F, 0x62536D47, 0x671D1D16] delta=0x9E3779B9 rounds=32
[scraper]   pipeline: [port] Stage 4/5: Verifying token... SKIPPED (--skip-verify)
[scraper]   pipeline: [port] Stage 5/5: Extracting structure... hash@18, 55 fields matched, split=byte-boundary
[scraper]   pipeline: [port] Pipeline complete. Config saved to output/tdc-autoport-e2170903e201e018/pipeline-config.json
[scraper] Auto-port succeeded for e2170903e201e018 (template unknown)
[scraper]   Template: unknown, opcodes: 93
[scraper]   eks: rColdnsXQZwFsls8D2Qd...
[scraper] Step 5: solveSlider
[scraper]   rawOffset: 453
[scraper]   ans: 453,102;
[scraper] Step 6: generateCollect
[scraper]   collect length: 10284
[scraper] Step 7: buildVDataForPost (standalone, browser profile)
[scraper]   vData: TVNtVnOFowaDlWNBOr35Or9SOdSz4j...
[scraper] Step 8: verify
  [verify] using jQuery prebuilt body, length: 12355
  [verify] Referer: https://t.captcha.qq.com/cap_union_new_show?aid=2046626881&protocol=https&accver...
[scraper]   errorCode: -1, ticket: t03tserver-PmhkGtOEPkn6ZJULM-j...
[scraper] CAPTCHA solved: {
  errorCode: -1,
  ticket: 't03tserver-PmhkGtOEPkn6ZJULM-jI-MH3e1OY1T7-S_Fj0-SPk5tN6y85gtnXjFh-3f59aKYFwAWAX-AREEYSa1dzukVMuZfVfuev5xMJk4UAI5bcX6GTpwc8rxHEzfc064Wmrkz',
  randstr: '@qht'
}
{
  "errorCode": -1,
  "ticket": "t03tserver-PmhkGtOEPkn6ZJULM-jI-MH3e1OY1T7-S_Fj0-SPk5tN6y85gtnXjFh-3f59aKYFwAWAX-AREEYSa1dzukVMuZfVfuev5xMJk4UAI5bcX6GTpwc8rxHEzfc064Wmrkz",
  "randstr": "@qht"
}
--- rc=0 duration=12s ---
=== default attempt 5/30 @ 2026-04-15T07:38:52Z ===
[scraper] Template cache loaded and seeded
[scraper] Default profile loaded
[scraper] jQuery source loaded (96410 chars)
[scraper] vm-slide fallback loaded (43688 chars)
[scraper] vData profile loaded from /home/ubuntu/github.com/tut1vog/reverse-chaosvm/profiles/vdata-browser-default.json
[scraper] Init complete
[scraper] Solving CAPTCHA only (no urlsec query)
[scraper] Attempt 1/1
[scraper] Attempt 1/1
[scraper] Step 1: prehandle
[scraper]   sess: s1upy2al3L76V4AvPZSo...
[scraper] Step 2: getSig
[scraper]   nonce: eda1152f11f1daf0
[scraper] Step 3: downloadImages
[scraper]   bg: 11551 bytes, slice: 5671 bytes
[scraper] Step 4: downloadTdc
[scraper]   tdc source: 129582 chars
[scraper]   TDC_NAME: XcabTONObCYZeEGNPRmPGBQbTmYKEAHj
[scraper]   Source hash: e6a45ba64d246f82
[scraper]   Template: unknown, opcodes: 98
[scraper]   eks: oAdHk5gBF8+fSEYjPmJ8...
[scraper] Step 5: solveSlider
[scraper]   rawOffset: 468
[scraper]   ans: 468,38;
[scraper] Step 6: generateCollect
[scraper]   collect length: 11136
[scraper] Step 7: buildVDataForPost (standalone, browser profile)
[scraper]   vData: jk7qmOeXdZaO-Sqk-B9yjjZDdufvz_...
[scraper] Step 8: verify
  [verify] using jQuery prebuilt body, length: 13260
  [verify] Referer: https://t.captcha.qq.com/cap_union_new_show?aid=2046626881&protocol=https&accver...
[scraper]   errorCode: -1, ticket: t03tserverm9LdruuOeFWl-hwA1HgO...
[scraper] CAPTCHA solved: {
  errorCode: -1,
  ticket: 't03tserverm9LdruuOeFWl-hwA1HgOZCg65Fj5KMQ-xxSQl9Tg_0uu5o3tQ7t_0voz40hyp8IoM0wnk1Hl64NToTrz2THJXvsATASceLm9HeUiJ55G5gGSicaglrtgfZub9tGMeXxO',
  randstr: '@8QW'
}
{
  "errorCode": -1,
  "ticket": "t03tserverm9LdruuOeFWl-hwA1HgOZCg65Fj5KMQ-xxSQl9Tg_0uu5o3tQ7t_0voz40hyp8IoM0wnk1Hl64NToTrz2THJXvsATASceLm9HeUiJ55G5gGSicaglrtgfZub9tGMeXxO",
  "randstr": "@8QW"
}
--- rc=0 duration=2s ---
=== default attempt 6/30 @ 2026-04-15T07:38:54Z ===
[scraper] Template cache loaded and seeded
[scraper] Default profile loaded
[scraper] jQuery source loaded (96410 chars)
[scraper] vm-slide fallback loaded (43688 chars)
[scraper] vData profile loaded from /home/ubuntu/github.com/tut1vog/reverse-chaosvm/profiles/vdata-browser-default.json
[scraper] Init complete
[scraper] Solving CAPTCHA only (no urlsec query)
[scraper] Attempt 1/1
[scraper] Attempt 1/1
[scraper] Step 1: prehandle
[scraper]   sess: s10OiRn07ZSEJ53c-mAr...
[scraper] Step 2: getSig
[scraper]   nonce: eda1152f11f1daf0
[scraper] Step 3: downloadImages
[scraper]   bg: 25392 bytes, slice: 4625 bytes
[scraper] Step 4: downloadTdc
[scraper]   tdc source: 144440 chars
[scraper]   TDC_NAME: SlVCfKSRjkmVXRnTigehmWSaDkeUUNfk
[scraper]   Source hash: e5341ccb12b78e65
[scraper]   Template: unknown, opcodes: 96
[scraper]   eks: AlRPzEOst1fDS3lR9xOb...
[scraper] Step 5: solveSlider
[scraper]   rawOffset: 508
[scraper]   ans: 508,78;
[scraper] Step 6: generateCollect
[scraper]   collect length: 15128
[scraper] Step 7: buildVDataForPost (standalone, browser profile)
[scraper]   vData: 2A10_4LMO3jqSZ8tlVC3i5DIi*oPhs...
[scraper] Step 8: verify
  [verify] using jQuery prebuilt body, length: 17424
  [verify] Referer: https://t.captcha.qq.com/cap_union_new_show?aid=2046626881&protocol=https&accver...
[scraper]   errorCode: 12, ticket: none
[scraper]   Failed with errorCode 12, retrying...
[scraper] Attempt 1 failed: CAPTCHA verify returned errorCode 12
Error: CAPTCHA solve failed after 1 attempts: CAPTCHA verify returned errorCode 12
--- rc=1 duration=2s ---
=== default attempt 7/30 @ 2026-04-15T07:38:56Z ===
[scraper] Template cache loaded and seeded
[scraper] Default profile loaded
[scraper] jQuery source loaded (96410 chars)
[scraper] vm-slide fallback loaded (43688 chars)
[scraper] vData profile loaded from /home/ubuntu/github.com/tut1vog/reverse-chaosvm/profiles/vdata-browser-default.json
[scraper] Init complete
[scraper] Solving CAPTCHA only (no urlsec query)
[scraper] Attempt 1/1
[scraper] Attempt 1/1
[scraper] Step 1: prehandle
[scraper]   sess: s1hHtsuZqQkzqYIxTZi6...
[scraper] Step 2: getSig
[scraper]   nonce: eda1152f11f1daf0
[scraper] Step 3: downloadImages
[scraper]   bg: 11534 bytes, slice: 6327 bytes
[scraper] Step 4: downloadTdc
[scraper]   tdc source: 161122 chars
[scraper]   TDC_NAME: gUbSKiHCiVNcdeXaKTECbTOEkdOclkcR
[scraper]   Source hash: 02fd132edb24a8c1
[scraper]   Template: C, opcodes: 100
[scraper]   eks: GKtlIBzLdEzT1WWlfpoD...
[scraper] Step 5: solveSlider
[scraper]   rawOffset: 470
[scraper]   ans: 470,36;
[scraper] Step 6: generateCollect
[scraper]   collect length: 14104
[scraper] Step 7: buildVDataForPost (standalone, browser profile)
[scraper]   vData: *dyhoB8iGH3htfLk_N87Fr17qwMACn...
[scraper] Step 8: verify
  [verify] using jQuery prebuilt body, length: 16434
  [verify] Referer: https://t.captcha.qq.com/cap_union_new_show?aid=2046626881&protocol=https&accver...
[scraper]   errorCode: 12, ticket: none
[scraper]   Failed with errorCode 12, retrying...
[scraper] Attempt 1 failed: CAPTCHA verify returned errorCode 12
Error: CAPTCHA solve failed after 1 attempts: CAPTCHA verify returned errorCode 12
--- rc=1 duration=1s ---
=== default attempt 8/30 @ 2026-04-15T07:38:57Z ===
[scraper] Template cache loaded and seeded
[scraper] Default profile loaded
[scraper] jQuery source loaded (96410 chars)
[scraper] vm-slide fallback loaded (43688 chars)
[scraper] vData profile loaded from /home/ubuntu/github.com/tut1vog/reverse-chaosvm/profiles/vdata-browser-default.json
[scraper] Init complete
[scraper] Solving CAPTCHA only (no urlsec query)
[scraper] Attempt 1/1
[scraper] Attempt 1/1
[scraper] Step 1: prehandle
[scraper]   sess: s1gkMVBnF65v4qmgKdys...
[scraper] Step 2: getSig
[scraper]   nonce: eda1152f11f1daf0
[scraper] Step 3: downloadImages
[scraper]   bg: 18125 bytes, slice: 5881 bytes
[scraper] Step 4: downloadTdc
[scraper]   tdc source: 203186 chars
[scraper]   TDC_NAME: UAniMSgbcnMTPUjjGcEVEnBCQgkKHVWS
[scraper]   Source hash: 88ebeea62f566ec5
[scraper]   Source hash not in cache — attempting auto-port via pipeline...
[scraper] Auto-porting unknown template: 88ebeea62f566ec5
[scraper] Auto-port failed for 88ebeea62f566ec5: Command failed: /home/ubuntu/.nvm/versions/node/v20.20.0/bin/node /home/ubuntu/github.com/tut1vog/reverse-chaosvm/tools/porting-pipeline/run.js /tmp/tdc-autoport-88ebeea62f566ec5.js --skip-verify

[scraper]   Error: Unknown template (hash=88ebeea62f566ec5), auto-port failed
[scraper] Attempt 1 failed: Unknown template (hash=88ebeea62f566ec5), auto-port failed
Error: CAPTCHA solve failed after 1 attempts: Unknown template (hash=88ebeea62f566ec5), auto-port failed
--- rc=1 duration=2s ---
=== default attempt 9/30 @ 2026-04-15T07:38:59Z ===
[scraper] Template cache loaded and seeded
[scraper] Default profile loaded
[scraper] jQuery source loaded (96410 chars)
[scraper] vm-slide fallback loaded (43688 chars)
[scraper] vData profile loaded from /home/ubuntu/github.com/tut1vog/reverse-chaosvm/profiles/vdata-browser-default.json
[scraper] Init complete
[scraper] Solving CAPTCHA only (no urlsec query)
[scraper] Attempt 1/1
[scraper] Attempt 1/1
[scraper] Step 1: prehandle
[scraper]   sess: s17LEQvr8PMUwRIeZ9tq...
[scraper] Step 2: getSig
[scraper]   nonce: eda1152f11f1daf0
[scraper] Step 3: downloadImages
[scraper]   bg: 18100 bytes, slice: 5314 bytes
[scraper] Step 4: downloadTdc
[scraper]   tdc source: 203186 chars
[scraper]   TDC_NAME: UAniMSgbcnMTPUjjGcEVEnBCQgkKHVWS
[scraper]   Source hash: 88ebeea62f566ec5
[scraper]   Source hash not in cache — attempting auto-port via pipeline...
[scraper] Auto-porting unknown template: 88ebeea62f566ec5
[scraper] Auto-port failed for 88ebeea62f566ec5: Command failed: /home/ubuntu/.nvm/versions/node/v20.20.0/bin/node /home/ubuntu/github.com/tut1vog/reverse-chaosvm/tools/porting-pipeline/run.js /tmp/tdc-autoport-88ebeea62f566ec5.js --skip-verify

[scraper]   Error: Unknown template (hash=88ebeea62f566ec5), auto-port failed
[scraper] Attempt 1 failed: Unknown template (hash=88ebeea62f566ec5), auto-port failed
Error: CAPTCHA solve failed after 1 attempts: Unknown template (hash=88ebeea62f566ec5), auto-port failed
--- rc=1 duration=2s ---
=== default attempt 10/30 @ 2026-04-15T07:39:01Z ===
[scraper] Template cache loaded and seeded
[scraper] Default profile loaded
[scraper] jQuery source loaded (96410 chars)
[scraper] vm-slide fallback loaded (43688 chars)
[scraper] vData profile loaded from /home/ubuntu/github.com/tut1vog/reverse-chaosvm/profiles/vdata-browser-default.json
[scraper] Init complete
[scraper] Solving CAPTCHA only (no urlsec query)
[scraper] Attempt 1/1
[scraper] Attempt 1/1
[scraper] Step 1: prehandle
[scraper]   sess: s1y3pkWuqM4e0yEscjy_...
[scraper] Step 2: getSig
[scraper]   nonce: eda1152f11f1daf0
[scraper] Step 3: downloadImages
[scraper]   bg: 20392 bytes, slice: 8169 bytes
[scraper] Step 4: downloadTdc
[scraper]   tdc source: 162790 chars
[scraper]   TDC_NAME: DkPDkCnAekYMgVghTDOeSKmVZbkVCQUG
[scraper]   Source hash: e2170903e201e018
[scraper]   Template: unknown, opcodes: 93
[scraper]   eks: VlviiFEXW9Oo28kxeSCI...
[scraper] Step 5: solveSlider
[scraper]   rawOffset: 470
[scraper]   ans: 470,125;
[scraper] Step 6: generateCollect
[scraper]   collect length: 12472
[scraper] Step 7: buildVDataForPost (standalone, browser profile)
[scraper]   vData: VVK5_cnQHC9hnWn_CA-Ep7HezWBJ-L...
[scraper] Step 8: verify
  [verify] using jQuery prebuilt body, length: 14662
  [verify] Referer: https://t.captcha.qq.com/cap_union_new_show?aid=2046626881&protocol=https&accver...
[scraper]   errorCode: -1, ticket: t03tserverJYG2fMbF7jSDeTqfy4Ua...
[scraper] CAPTCHA solved: {
  errorCode: -1,
  ticket: 't03tserverJYG2fMbF7jSDeTqfy4UaYf_7E6gUYh6nR0Y4VnVo3q7YiU9uoBlOuPKR_gFJ9z06O_b7KgPvbGBT6kNCrSJdlkEIMpd7yrPSJqBeOhb17ClNyBhlX4a3UOrlXTZKRJry',
  randstr: '@I6g'
}
{
  "errorCode": -1,
  "ticket": "t03tserverJYG2fMbF7jSDeTqfy4UaYf_7E6gUYh6nR0Y4VnVo3q7YiU9uoBlOuPKR_gFJ9z06O_b7KgPvbGBT6kNCrSJdlkEIMpd7yrPSJqBeOhb17ClNyBhlX4a3UOrlXTZKRJry",
  "randstr": "@I6g"
}
--- rc=0 duration=1s ---
=== default attempt 11/30 @ 2026-04-15T07:39:02Z ===
[scraper] Template cache loaded and seeded
[scraper] Default profile loaded
[scraper] jQuery source loaded (96410 chars)
[scraper] vm-slide fallback loaded (43688 chars)
[scraper] vData profile loaded from /home/ubuntu/github.com/tut1vog/reverse-chaosvm/profiles/vdata-browser-default.json
[scraper] Init complete
[scraper] Solving CAPTCHA only (no urlsec query)
[scraper] Attempt 1/1
[scraper] Attempt 1/1
[scraper] Step 1: prehandle
[scraper]   sess: s15Zo6lf3qZXEuliKNzi...
[scraper] Step 2: getSig
[scraper]   nonce: eda1152f11f1daf0
[scraper] Step 3: downloadImages
[scraper]   bg: 12430 bytes, slice: 4377 bytes
[scraper] Step 4: downloadTdc
[scraper]   tdc source: 207422 chars
[scraper]   TDC_NAME: GCDJAPicKHeHfOBnnYMEdUgUkTnAhOFV
[scraper]   Source hash: 8f1d32beb4fcaa4d
[scraper]   Template: unknown, opcodes: 96
[scraper]   eks: pFaYZPE/VmxC09eW21pQ...
[scraper] Step 5: solveSlider
[scraper]   rawOffset: 475
[scraper]   ans: 475,62;
[scraper] Step 6: generateCollect
[scraper]   collect length: 19296
[scraper] Step 7: buildVDataForPost (standalone, browser profile)
[scraper]   vData: K4qseriCvqNo0mrgrZxaB0J57bhvcB...
[scraper] Step 8: verify
  [verify] using jQuery prebuilt body, length: 21772
  [verify] Referer: https://t.captcha.qq.com/cap_union_new_show?aid=2046626881&protocol=https&accver...
[scraper]   errorCode: 12, ticket: none
[scraper]   Failed with errorCode 12, retrying...
[scraper] Attempt 1 failed: CAPTCHA verify returned errorCode 12
Error: CAPTCHA solve failed after 1 attempts: CAPTCHA verify returned errorCode 12
--- rc=1 duration=2s ---
=== default attempt 12/30 @ 2026-04-15T07:39:04Z ===
[scraper] Template cache loaded and seeded
[scraper] Default profile loaded
[scraper] jQuery source loaded (96410 chars)
[scraper] vm-slide fallback loaded (43688 chars)
[scraper] vData profile loaded from /home/ubuntu/github.com/tut1vog/reverse-chaosvm/profiles/vdata-browser-default.json
[scraper] Init complete
[scraper] Solving CAPTCHA only (no urlsec query)
[scraper] Attempt 1/1
[scraper] Attempt 1/1
[scraper] Step 1: prehandle
[scraper]   sess: s1PWgWlV-X-O6bcXmBgM...
[scraper] Step 2: getSig
[scraper]   nonce: eda1152f11f1daf0
[scraper] Step 3: downloadImages
[scraper]   bg: 20493 bytes, slice: 7482 bytes
[scraper] Step 4: downloadTdc
[scraper]   tdc source: 129582 chars
[scraper]   TDC_NAME: XcabTONObCYZeEGNPRmPGBQbTmYKEAHj
[scraper]   Source hash: e6a45ba64d246f82
[scraper]   Template: unknown, opcodes: 98
[scraper]   eks: z7yYQ77SdjqATrEyAsii...
[scraper] Step 5: solveSlider
[scraper]   rawOffset: 522
[scraper]   ans: 522,58;
[scraper] Step 6: generateCollect
[scraper]   collect length: 11596
[scraper] Step 7: buildVDataForPost (standalone, browser profile)
[scraper]   vData: FuUHXizaUT_z--foz1Zp6lSpnZu27u...
[scraper] Step 8: verify
  [verify] using jQuery prebuilt body, length: 13760
  [verify] Referer: https://t.captcha.qq.com/cap_union_new_show?aid=2046626881&protocol=https&accver...
[scraper]   errorCode: -1, ticket: t03tserveriOhhX8Pdc0fwhuOxfTQH...
[scraper] CAPTCHA solved: {
  errorCode: -1,
  ticket: 't03tserveriOhhX8Pdc0fwhuOxfTQHE0MoQeWVK8GX_iRFbeNVY-FZr-DbRQGrDTOKQvqwXczgIos7Z7RVkfO9Dv3ZGG-cePWs89ePOEm24Cf5OhIGf0q-8kvuKTG5brGVjolDFXKg',
  randstr: '@qDA'
}
{
  "errorCode": -1,
  "ticket": "t03tserveriOhhX8Pdc0fwhuOxfTQHE0MoQeWVK8GX_iRFbeNVY-FZr-DbRQGrDTOKQvqwXczgIos7Z7RVkfO9Dv3ZGG-cePWs89ePOEm24Cf5OhIGf0q-8kvuKTG5brGVjolDFXKg",
  "randstr": "@qDA"
}
--- rc=0 duration=2s ---
=== default attempt 13/30 @ 2026-04-15T07:39:06Z ===
[scraper] Template cache loaded and seeded
[scraper] Default profile loaded
[scraper] jQuery source loaded (96410 chars)
[scraper] vm-slide fallback loaded (43688 chars)
[scraper] vData profile loaded from /home/ubuntu/github.com/tut1vog/reverse-chaosvm/profiles/vdata-browser-default.json
[scraper] Init complete
[scraper] Solving CAPTCHA only (no urlsec query)
[scraper] Attempt 1/1
[scraper] Attempt 1/1
[scraper] Step 1: prehandle
[scraper]   sess: s10CjrGptIcnl51eGkut...
[scraper] Step 2: getSig
[scraper]   nonce: eda1152f11f1daf0
[scraper] Step 3: downloadImages
[scraper]   bg: 15405 bytes, slice: 5229 bytes
[scraper] Step 4: downloadTdc
[scraper]   tdc source: 129582 chars
[scraper]   TDC_NAME: XcabTONObCYZeEGNPRmPGBQbTmYKEAHj
[scraper]   Source hash: e6a45ba64d246f82
[scraper]   Template: unknown, opcodes: 98
[scraper]   eks: jjgYtkqbZG7qBiCL7272...
[scraper] Step 5: solveSlider
[scraper]   rawOffset: 454
[scraper]   ans: 454,30;
[scraper] Step 6: generateCollect
[scraper]   collect length: 10272
[scraper] Step 7: buildVDataForPost (standalone, browser profile)
[scraper]   vData: dG20EtmVsLg8RQJN0kE3sit-ULzMPo...
[scraper] Step 8: verify
  [verify] using jQuery prebuilt body, length: 12341
  [verify] Referer: https://t.captcha.qq.com/cap_union_new_show?aid=2046626881&protocol=https&accver...
[scraper]   errorCode: 12, ticket: none
[scraper]   Failed with errorCode 12, retrying...
[scraper] Attempt 1 failed: CAPTCHA verify returned errorCode 12
Error: CAPTCHA solve failed after 1 attempts: CAPTCHA verify returned errorCode 12
--- rc=1 duration=1s ---
=== default attempt 14/30 @ 2026-04-15T07:39:07Z ===
[scraper] Template cache loaded and seeded
[scraper] Default profile loaded
[scraper] jQuery source loaded (96410 chars)
[scraper] vm-slide fallback loaded (43688 chars)
[scraper] vData profile loaded from /home/ubuntu/github.com/tut1vog/reverse-chaosvm/profiles/vdata-browser-default.json
[scraper] Init complete
[scraper] Solving CAPTCHA only (no urlsec query)
[scraper] Attempt 1/1
[scraper] Attempt 1/1
[scraper] Step 1: prehandle
[scraper]   sess: s1JmGiw5x_70_WgZXxp7...
[scraper] Step 2: getSig
[scraper]   nonce: eda1152f11f1daf0
[scraper] Step 3: downloadImages
[scraper]   bg: 11600 bytes, slice: 4717 bytes
[scraper] Step 4: downloadTdc
[scraper]   tdc source: 162790 chars
[scraper]   TDC_NAME: DkPDkCnAekYMgVghTDOeSKmVZbkVCQUG
[scraper]   Source hash: e2170903e201e018
[scraper]   Template: unknown, opcodes: 93
[scraper]   eks: 1DgeGBc+gNdEpFY9W9td...
[scraper] Step 5: solveSlider
[scraper]   rawOffset: 516
[scraper]   ans: 516,76;
[scraper] Step 6: generateCollect
[scraper]   collect length: 10220
[scraper] Step 7: buildVDataForPost (standalone, browser profile)
[scraper]   vData: VueBKpkQNbhk8PJ_PeBGUD-dqbjpqT...
[scraper] Step 8: verify
  [verify] using jQuery prebuilt body, length: 12216
  [verify] Referer: https://t.captcha.qq.com/cap_union_new_show?aid=2046626881&protocol=https&accver...
[scraper]   errorCode: 12, ticket: none
[scraper]   Failed with errorCode 12, retrying...
[scraper] Attempt 1 failed: CAPTCHA verify returned errorCode 12
Error: CAPTCHA solve failed after 1 attempts: CAPTCHA verify returned errorCode 12
--- rc=1 duration=2s ---
=== default attempt 15/30 @ 2026-04-15T07:39:09Z ===
[scraper] Template cache loaded and seeded
[scraper] Default profile loaded
[scraper] jQuery source loaded (96410 chars)
[scraper] vm-slide fallback loaded (43688 chars)
[scraper] vData profile loaded from /home/ubuntu/github.com/tut1vog/reverse-chaosvm/profiles/vdata-browser-default.json
[scraper] Init complete
[scraper] Solving CAPTCHA only (no urlsec query)
[scraper] Attempt 1/1
[scraper] Attempt 1/1
[scraper] Step 1: prehandle
[scraper]   sess: s1TXon71wZBEoFLd612I...
[scraper] Step 2: getSig
[scraper]   nonce: eda1152f11f1daf0
[scraper] Step 3: downloadImages
[scraper]   bg: 20600 bytes, slice: 6790 bytes
[scraper] Step 4: downloadTdc
[scraper]   tdc source: 161122 chars
[scraper]   TDC_NAME: gUbSKiHCiVNcdeXaKTECbTOEkdOclkcR
[scraper]   Source hash: 02fd132edb24a8c1
[scraper]   Template: C, opcodes: 100
[scraper]   eks: sN3AMsoi5bIVf6TuBXqj...
[scraper] Step 5: solveSlider
[scraper]   rawOffset: 450
[scraper]   ans: 450,30;
[scraper] Step 6: generateCollect
[scraper]   collect length: 14400
[scraper] Step 7: buildVDataForPost (standalone, browser profile)
[scraper]   vData: -Iq3xF474Ut2Kc98LMr5F0kZOPwoTR...
[scraper] Step 8: verify
  [verify] using jQuery prebuilt body, length: 16674
  [verify] Referer: https://t.captcha.qq.com/cap_union_new_show?aid=2046626881&protocol=https&accver...
[scraper]   errorCode: 12, ticket: none
[scraper]   Failed with errorCode 12, retrying...
[scraper] Attempt 1 failed: CAPTCHA verify returned errorCode 12
Error: CAPTCHA solve failed after 1 attempts: CAPTCHA verify returned errorCode 12
--- rc=1 duration=2s ---
=== default attempt 16/30 @ 2026-04-15T07:39:11Z ===
[scraper] Template cache loaded and seeded
[scraper] Default profile loaded
[scraper] jQuery source loaded (96410 chars)
[scraper] vm-slide fallback loaded (43688 chars)
[scraper] vData profile loaded from /home/ubuntu/github.com/tut1vog/reverse-chaosvm/profiles/vdata-browser-default.json
[scraper] Init complete
[scraper] Solving CAPTCHA only (no urlsec query)
[scraper] Attempt 1/1
[scraper] Attempt 1/1
[scraper] Step 1: prehandle
[scraper]   sess: s13vrlJrtv3ijEYuSQMY...
[scraper] Step 2: getSig
[scraper]   nonce: eda1152f11f1daf0
[scraper] Step 3: downloadImages
[scraper]   bg: 24902 bytes, slice: 5941 bytes
[scraper] Step 4: downloadTdc
[scraper]   tdc source: 197545 chars
[scraper]   TDC_NAME: dNiffQDBnfBhFYVHJUXMVbRchmDEmPaH
[scraper]   Source hash: f53142c54fc43699
[scraper]   Source hash not in cache — attempting auto-port via pipeline...
[scraper] Auto-porting unknown template: f53142c54fc43699
[scraper] Auto-port failed for f53142c54fc43699: Command failed: /home/ubuntu/.nvm/versions/node/v20.20.0/bin/node /home/ubuntu/github.com/tut1vog/reverse-chaosvm/tools/porting-pipeline/run.js /tmp/tdc-autoport-f53142c54fc43699.js --skip-verify

[scraper]   Error: Unknown template (hash=f53142c54fc43699), auto-port failed
[scraper] Attempt 1 failed: Unknown template (hash=f53142c54fc43699), auto-port failed
Error: CAPTCHA solve failed after 1 attempts: Unknown template (hash=f53142c54fc43699), auto-port failed
--- rc=1 duration=1s ---
=== default attempt 17/30 @ 2026-04-15T07:39:12Z ===
[scraper] Template cache loaded and seeded
[scraper] Default profile loaded
[scraper] jQuery source loaded (96410 chars)
[scraper] vm-slide fallback loaded (43688 chars)
[scraper] vData profile loaded from /home/ubuntu/github.com/tut1vog/reverse-chaosvm/profiles/vdata-browser-default.json
[scraper] Init complete
[scraper] Solving CAPTCHA only (no urlsec query)
[scraper] Attempt 1/1
[scraper] Attempt 1/1
[scraper] Step 1: prehandle
[scraper]   sess: s11o9QHthP78Q8w3voRn...
[scraper] Step 2: getSig
[scraper]   nonce: eda1152f11f1daf0
[scraper] Step 3: downloadImages
[scraper]   bg: 18089 bytes, slice: 5620 bytes
[scraper] Step 4: downloadTdc
[scraper]   tdc source: 162790 chars
[scraper]   TDC_NAME: DkPDkCnAekYMgVghTDOeSKmVZbkVCQUG
[scraper]   Source hash: e2170903e201e018
[scraper]   Template: unknown, opcodes: 93
[scraper]   eks: ByUJ6+tYn7x9Gu0ilwcz...
[scraper] Step 5: solveSlider
[scraper]   rawOffset: 465
[scraper]   ans: 465,30;
[scraper] Step 6: generateCollect
[scraper]   collect length: 11596
[scraper] Step 7: buildVDataForPost (standalone, browser profile)
[scraper]   vData: 9yIv1GMZ-ooXnvFO4d*17hzEr1*h6f...
[scraper] Step 8: verify
  [verify] using jQuery prebuilt body, length: 13712
  [verify] Referer: https://t.captcha.qq.com/cap_union_new_show?aid=2046626881&protocol=https&accver...
[scraper]   errorCode: 12, ticket: none
[scraper]   Failed with errorCode 12, retrying...
[scraper] Attempt 1 failed: CAPTCHA verify returned errorCode 12
Error: CAPTCHA solve failed after 1 attempts: CAPTCHA verify returned errorCode 12
--- rc=1 duration=2s ---
=== default attempt 18/30 @ 2026-04-15T07:39:14Z ===
[scraper] Template cache loaded and seeded
[scraper] Default profile loaded
[scraper] jQuery source loaded (96410 chars)
[scraper] vm-slide fallback loaded (43688 chars)
[scraper] vData profile loaded from /home/ubuntu/github.com/tut1vog/reverse-chaosvm/profiles/vdata-browser-default.json
[scraper] Init complete
[scraper] Solving CAPTCHA only (no urlsec query)
[scraper] Attempt 1/1
[scraper] Attempt 1/1
[scraper] Step 1: prehandle
[scraper]   sess: s1PyBozJqCTisbtuBYCW...
[scraper] Step 2: getSig
[scraper]   nonce: eda1152f11f1daf0
[scraper] Step 3: downloadImages
[scraper]   bg: 12452 bytes, slice: 4259 bytes
[scraper] Step 4: downloadTdc
[scraper]   tdc source: 197545 chars
[scraper]   TDC_NAME: dNiffQDBnfBhFYVHJUXMVbRchmDEmPaH
[scraper]   Source hash: f53142c54fc43699
[scraper]   Source hash not in cache — attempting auto-port via pipeline...
[scraper] Auto-porting unknown template: f53142c54fc43699
[scraper] Auto-port failed for f53142c54fc43699: Command failed: /home/ubuntu/.nvm/versions/node/v20.20.0/bin/node /home/ubuntu/github.com/tut1vog/reverse-chaosvm/tools/porting-pipeline/run.js /tmp/tdc-autoport-f53142c54fc43699.js --skip-verify

[scraper]   Error: Unknown template (hash=f53142c54fc43699), auto-port failed
[scraper] Attempt 1 failed: Unknown template (hash=f53142c54fc43699), auto-port failed
Error: CAPTCHA solve failed after 1 attempts: Unknown template (hash=f53142c54fc43699), auto-port failed
--- rc=1 duration=1s ---
=== default attempt 19/30 @ 2026-04-15T07:39:15Z ===
[scraper] Template cache loaded and seeded
[scraper] Default profile loaded
[scraper] jQuery source loaded (96410 chars)
[scraper] vm-slide fallback loaded (43688 chars)
[scraper] vData profile loaded from /home/ubuntu/github.com/tut1vog/reverse-chaosvm/profiles/vdata-browser-default.json
[scraper] Init complete
[scraper] Solving CAPTCHA only (no urlsec query)
[scraper] Attempt 1/1
[scraper] Attempt 1/1
[scraper] Step 1: prehandle
[scraper]   sess: s1n3AXxFe6yoD-_0AZYH...
[scraper] Step 2: getSig
[scraper]   nonce: eda1152f11f1daf0
[scraper] Step 3: downloadImages
[scraper]   bg: 18141 bytes, slice: 5981 bytes
[scraper] Step 4: downloadTdc
[scraper]   tdc source: 197545 chars
[scraper]   TDC_NAME: dNiffQDBnfBhFYVHJUXMVbRchmDEmPaH
[scraper]   Source hash: f53142c54fc43699
[scraper]   Source hash not in cache — attempting auto-port via pipeline...
[scraper] Auto-porting unknown template: f53142c54fc43699
[scraper] Auto-port failed for f53142c54fc43699: Command failed: /home/ubuntu/.nvm/versions/node/v20.20.0/bin/node /home/ubuntu/github.com/tut1vog/reverse-chaosvm/tools/porting-pipeline/run.js /tmp/tdc-autoport-f53142c54fc43699.js --skip-verify

[scraper]   Error: Unknown template (hash=f53142c54fc43699), auto-port failed
[scraper] Attempt 1 failed: Unknown template (hash=f53142c54fc43699), auto-port failed
Error: CAPTCHA solve failed after 1 attempts: Unknown template (hash=f53142c54fc43699), auto-port failed
--- rc=1 duration=2s ---
=== default attempt 20/30 @ 2026-04-15T07:39:17Z ===
[scraper] Template cache loaded and seeded
[scraper] Default profile loaded
[scraper] jQuery source loaded (96410 chars)
[scraper] vm-slide fallback loaded (43688 chars)
[scraper] vData profile loaded from /home/ubuntu/github.com/tut1vog/reverse-chaosvm/profiles/vdata-browser-default.json
[scraper] Init complete
[scraper] Solving CAPTCHA only (no urlsec query)
[scraper] Attempt 1/1
[scraper] Attempt 1/1
[scraper] Step 1: prehandle
[scraper]   sess: s1AotQoIx9HTLdssnfOP...
[scraper] Step 2: getSig
[scraper]   nonce: eda1152f11f1daf0
[scraper] Step 3: downloadImages
[scraper]   bg: 20563 bytes, slice: 6545 bytes
[scraper] Step 4: downloadTdc
[scraper]   tdc source: 144440 chars
[scraper]   TDC_NAME: SlVCfKSRjkmVXRnTigehmWSaDkeUUNfk
[scraper]   Source hash: e5341ccb12b78e65
[scraper]   Template: unknown, opcodes: 96
[scraper]   eks: VrdEApY7yBBeEafU4n01...
[scraper] Step 5: solveSlider
[scraper]   rawOffset: 463
[scraper]   ans: 463,50;
[scraper] Step 6: generateCollect
[scraper]   collect length: 15736
[scraper] Step 7: buildVDataForPost (standalone, browser profile)
[scraper]   vData: -Iq3xF474Ut2Kc98LMr5FqabaR6hv-...
[scraper] Step 8: verify
  [verify] using jQuery prebuilt body, length: 18080
  [verify] Referer: https://t.captcha.qq.com/cap_union_new_show?aid=2046626881&protocol=https&accver...
[scraper]   errorCode: 12, ticket: none
[scraper]   Failed with errorCode 12, retrying...
[scraper] Attempt 1 failed: CAPTCHA verify returned errorCode 12
Error: CAPTCHA solve failed after 1 attempts: CAPTCHA verify returned errorCode 12
--- rc=1 duration=1s ---
=== default attempt 21/30 @ 2026-04-15T07:39:19Z ===
[scraper] Template cache loaded and seeded
[scraper] Default profile loaded
[scraper] jQuery source loaded (96410 chars)
[scraper] vm-slide fallback loaded (43688 chars)
[scraper] vData profile loaded from /home/ubuntu/github.com/tut1vog/reverse-chaosvm/profiles/vdata-browser-default.json
[scraper] Init complete
[scraper] Solving CAPTCHA only (no urlsec query)
[scraper] Attempt 1/1
[scraper] Attempt 1/1
[scraper] Step 1: prehandle
[scraper]   sess: s1pX-MD36inejWUZiKTj...
[scraper] Step 2: getSig
[scraper]   nonce: eda1152f11f1daf0
[scraper] Step 3: downloadImages
[scraper]   bg: 18030 bytes, slice: 5601 bytes
[scraper] Step 4: downloadTdc
[scraper]   tdc source: 197545 chars
[scraper]   TDC_NAME: dNiffQDBnfBhFYVHJUXMVbRchmDEmPaH
[scraper]   Source hash: f53142c54fc43699
[scraper]   Source hash not in cache — attempting auto-port via pipeline...
[scraper] Auto-porting unknown template: f53142c54fc43699
[scraper] Auto-port failed for f53142c54fc43699: Command failed: /home/ubuntu/.nvm/versions/node/v20.20.0/bin/node /home/ubuntu/github.com/tut1vog/reverse-chaosvm/tools/porting-pipeline/run.js /tmp/tdc-autoport-f53142c54fc43699.js --skip-verify

[scraper]   Error: Unknown template (hash=f53142c54fc43699), auto-port failed
[scraper] Attempt 1 failed: Unknown template (hash=f53142c54fc43699), auto-port failed
Error: CAPTCHA solve failed after 1 attempts: Unknown template (hash=f53142c54fc43699), auto-port failed
--- rc=1 duration=1s ---
=== default attempt 22/30 @ 2026-04-15T07:39:20Z ===
[scraper] Template cache loaded and seeded
[scraper] Default profile loaded
[scraper] jQuery source loaded (96410 chars)
[scraper] vm-slide fallback loaded (43688 chars)
[scraper] vData profile loaded from /home/ubuntu/github.com/tut1vog/reverse-chaosvm/profiles/vdata-browser-default.json
[scraper] Init complete
[scraper] Solving CAPTCHA only (no urlsec query)
[scraper] Attempt 1/1
[scraper] Attempt 1/1
[scraper] Step 1: prehandle
[scraper]   sess: s1mQhFogmX_M9xk4n06A...
[scraper] Step 2: getSig
[scraper]   nonce: eda1152f11f1daf0
[scraper] Step 3: downloadImages
[scraper]   bg: 27916 bytes, slice: 9428 bytes
[scraper] Step 4: downloadTdc
[scraper]   tdc source: 144440 chars
[scraper]   TDC_NAME: SlVCfKSRjkmVXRnTigehmWSaDkeUUNfk
[scraper]   Source hash: e5341ccb12b78e65
[scraper]   Template: unknown, opcodes: 96
[scraper]   eks: V7S6u2AO4/6qyNjzTUcY...
[scraper] Step 5: solveSlider
[scraper]   rawOffset: 258
[scraper]   ans: 258,60;
[scraper] Step 6: generateCollect
[scraper]   collect length: 15904
[scraper] Step 7: buildVDataForPost (standalone, browser profile)
[scraper]   vData: CypnXZixjXGe8v45ZZc9JvKVzBLyav...
[scraper] Step 8: verify
  [verify] using jQuery prebuilt body, length: 18216
  [verify] Referer: https://t.captcha.qq.com/cap_union_new_show?aid=2046626881&protocol=https&accver...
[scraper]   errorCode: 9, ticket: none
[scraper]   Failed with errorCode 9, retrying...
[scraper] Attempt 1 failed: CAPTCHA verify returned errorCode 9
Error: CAPTCHA solve failed after 1 attempts: CAPTCHA verify returned errorCode 9
--- rc=1 duration=2s ---
=== default attempt 23/30 @ 2026-04-15T07:39:22Z ===
[scraper] Template cache loaded and seeded
[scraper] Default profile loaded
[scraper] jQuery source loaded (96410 chars)
[scraper] vm-slide fallback loaded (43688 chars)
[scraper] vData profile loaded from /home/ubuntu/github.com/tut1vog/reverse-chaosvm/profiles/vdata-browser-default.json
[scraper] Init complete
[scraper] Solving CAPTCHA only (no urlsec query)
[scraper] Attempt 1/1
[scraper] Attempt 1/1
[scraper] Step 1: prehandle
[scraper]   sess: s1eU6MNh9ONxsoDMh2kA...
[scraper] Step 2: getSig
[scraper]   nonce: eda1152f11f1daf0
[scraper] Step 3: downloadImages
[scraper]   bg: 27896 bytes, slice: 8805 bytes
[scraper] Step 4: downloadTdc
[scraper]   tdc source: 202765 chars
[scraper]   TDC_NAME: HhXakMGlnYKgNcBiVFZCDckSRgJKTmgA
[scraper]   Source hash: 27dda893f81dbc4f
[scraper]   Template: unknown, opcodes: 103
[scraper]   eks: k0UrGPe/idBa8uO9HhEu...
[scraper] Step 5: solveSlider
[scraper]   rawOffset: 254
[scraper]   ans: 254,158;
[scraper] Step 6: generateCollect
[scraper]   collect length: 11212
[scraper] Step 7: buildVDataForPost (standalone, browser profile)
[scraper]   vData: 3xsq09l8yrfdw3Ihy*sQT48ETGpino...
[scraper] Step 8: verify
  [verify] using jQuery prebuilt body, length: 13381
  [verify] Referer: https://t.captcha.qq.com/cap_union_new_show?aid=2046626881&protocol=https&accver...
[scraper]   errorCode: 9, ticket: none
[scraper]   Failed with errorCode 9, retrying...
[scraper] Attempt 1 failed: CAPTCHA verify returned errorCode 9
Error: CAPTCHA solve failed after 1 attempts: CAPTCHA verify returned errorCode 9
--- rc=1 duration=1s ---
=== default attempt 24/30 @ 2026-04-15T07:39:23Z ===
[scraper] Template cache loaded and seeded
[scraper] Default profile loaded
[scraper] jQuery source loaded (96410 chars)
[scraper] vm-slide fallback loaded (43688 chars)
[scraper] vData profile loaded from /home/ubuntu/github.com/tut1vog/reverse-chaosvm/profiles/vdata-browser-default.json
[scraper] Init complete
[scraper] Solving CAPTCHA only (no urlsec query)
[scraper] Attempt 1/1
[scraper] Attempt 1/1
[scraper] Step 1: prehandle
[scraper]   sess: s1ofLYGD72CKvJMx1b9f...
[scraper] Step 2: getSig
[scraper]   nonce: eda1152f11f1daf0
[scraper] Step 3: downloadImages
[scraper]   bg: 15425 bytes, slice: 4784 bytes
[scraper] Step 4: downloadTdc
[scraper]   tdc source: 199611 chars
[scraper]   TDC_NAME: BGDfWkdQOJJJTnHCNCnZRJZJSeFRWONJ
[scraper]   Source hash: 3429444f324c6110
[scraper]   Template: unknown, opcodes: 91
[scraper]   eks: NLybYeWh5xMYKB6NxGB+...
[scraper] Step 5: solveSlider
[scraper]   rawOffset: 508
[scraper]   ans: 508,82;
[scraper] Step 6: generateCollect
[scraper]   collect length: 10924
[scraper] Step 7: buildVDataForPost (standalone, browser profile)
[scraper]   vData: PtAun2D5V*qO*PtkZzQhzjo8gfl83F...
[scraper] Step 8: verify
  [verify] using jQuery prebuilt body, length: 12934
  [verify] Referer: https://t.captcha.qq.com/cap_union_new_show?aid=2046626881&protocol=https&accver...
[scraper]   errorCode: 12, ticket: none
[scraper]   Failed with errorCode 12, retrying...
[scraper] Attempt 1 failed: CAPTCHA verify returned errorCode 12
Error: CAPTCHA solve failed after 1 attempts: CAPTCHA verify returned errorCode 12
--- rc=1 duration=2s ---
=== default attempt 25/30 @ 2026-04-15T07:39:25Z ===
[scraper] Template cache loaded and seeded
[scraper] Default profile loaded
[scraper] jQuery source loaded (96410 chars)
[scraper] vm-slide fallback loaded (43688 chars)
[scraper] vData profile loaded from /home/ubuntu/github.com/tut1vog/reverse-chaosvm/profiles/vdata-browser-default.json
[scraper] Init complete
[scraper] Solving CAPTCHA only (no urlsec query)
[scraper] Attempt 1/1
[scraper] Attempt 1/1
[scraper] Step 1: prehandle
[scraper]   sess: s1pqLORCrX_ykM_I0sNo...
[scraper] Step 2: getSig
[scraper]   nonce: eda1152f11f1daf0
[scraper] Step 3: downloadImages
[scraper]   bg: 25424 bytes, slice: 5040 bytes
[scraper] Step 4: downloadTdc
[scraper]   tdc source: 129582 chars
[scraper]   TDC_NAME: XcabTONObCYZeEGNPRmPGBQbTmYKEAHj
[scraper]   Source hash: e6a45ba64d246f82
[scraper]   Template: unknown, opcodes: 98
[scraper]   eks: HvR/xtJmoVmCA1/3kEco...
[scraper] Step 5: solveSlider
[scraper]   rawOffset: 473
[scraper]   ans: 473,40;
[scraper] Step 6: generateCollect
[scraper]   collect length: 10284
[scraper] Step 7: buildVDataForPost (standalone, browser profile)
[scraper]   vData: UaQvbxnIyaBHLzDKXkmLjpkjAvqW6C...
[scraper] Step 8: verify
  [verify] using jQuery prebuilt body, length: 12368
  [verify] Referer: https://t.captcha.qq.com/cap_union_new_show?aid=2046626881&protocol=https&accver...
[scraper]   errorCode: 12, ticket: none
[scraper]   Failed with errorCode 12, retrying...
[scraper] Attempt 1 failed: CAPTCHA verify returned errorCode 12
Error: CAPTCHA solve failed after 1 attempts: CAPTCHA verify returned errorCode 12
--- rc=1 duration=2s ---
=== default attempt 26/30 @ 2026-04-15T07:39:27Z ===
[scraper] Template cache loaded and seeded
[scraper] Default profile loaded
[scraper] jQuery source loaded (96410 chars)
[scraper] vm-slide fallback loaded (43688 chars)
[scraper] vData profile loaded from /home/ubuntu/github.com/tut1vog/reverse-chaosvm/profiles/vdata-browser-default.json
[scraper] Init complete
[scraper] Solving CAPTCHA only (no urlsec query)
[scraper] Attempt 1/1
[scraper] Attempt 1/1
[scraper] Step 1: prehandle
[scraper]   sess: s19qqB5n2JVXZqMsdKP8...
[scraper] Step 2: getSig
[scraper]   nonce: eda1152f11f1daf0
[scraper] Step 3: downloadImages
[scraper]   bg: 24894 bytes, slice: 6373 bytes
[scraper] Step 4: downloadTdc
[scraper]   tdc source: 203186 chars
[scraper]   TDC_NAME: UAniMSgbcnMTPUjjGcEVEnBCQgkKHVWS
[scraper]   Source hash: 88ebeea62f566ec5
[scraper]   Source hash not in cache — attempting auto-port via pipeline...
[scraper] Auto-porting unknown template: 88ebeea62f566ec5
[scraper] Auto-port failed for 88ebeea62f566ec5: Command failed: /home/ubuntu/.nvm/versions/node/v20.20.0/bin/node /home/ubuntu/github.com/tut1vog/reverse-chaosvm/tools/porting-pipeline/run.js /tmp/tdc-autoport-88ebeea62f566ec5.js --skip-verify

[scraper]   Error: Unknown template (hash=88ebeea62f566ec5), auto-port failed
[scraper] Attempt 1 failed: Unknown template (hash=88ebeea62f566ec5), auto-port failed
Error: CAPTCHA solve failed after 1 attempts: Unknown template (hash=88ebeea62f566ec5), auto-port failed
--- rc=1 duration=1s ---
=== default attempt 27/30 @ 2026-04-15T07:39:28Z ===
[scraper] Template cache loaded and seeded
[scraper] Default profile loaded
[scraper] jQuery source loaded (96410 chars)
[scraper] vm-slide fallback loaded (43688 chars)
[scraper] vData profile loaded from /home/ubuntu/github.com/tut1vog/reverse-chaosvm/profiles/vdata-browser-default.json
[scraper] Init complete
[scraper] Solving CAPTCHA only (no urlsec query)
[scraper] Attempt 1/1
[scraper] Attempt 1/1
[scraper] Step 1: prehandle
[scraper]   sess: s1uhPuLofOqmEP2ZpC1o...
[scraper] Step 2: getSig
[scraper]   nonce: eda1152f11f1daf0
[scraper] Step 3: downloadImages
[scraper]   bg: 12420 bytes, slice: 4010 bytes
[scraper] Step 4: downloadTdc
[scraper]   tdc source: 197545 chars
[scraper]   TDC_NAME: dNiffQDBnfBhFYVHJUXMVbRchmDEmPaH
[scraper]   Source hash: f53142c54fc43699
[scraper]   Source hash not in cache — attempting auto-port via pipeline...
[scraper] Auto-porting unknown template: f53142c54fc43699
[scraper] Auto-port failed for f53142c54fc43699: Command failed: /home/ubuntu/.nvm/versions/node/v20.20.0/bin/node /home/ubuntu/github.com/tut1vog/reverse-chaosvm/tools/porting-pipeline/run.js /tmp/tdc-autoport-f53142c54fc43699.js --skip-verify

[scraper]   Error: Unknown template (hash=f53142c54fc43699), auto-port failed
[scraper] Attempt 1 failed: Unknown template (hash=f53142c54fc43699), auto-port failed
Error: CAPTCHA solve failed after 1 attempts: Unknown template (hash=f53142c54fc43699), auto-port failed
--- rc=1 duration=1s ---
=== default attempt 28/30 @ 2026-04-15T07:39:29Z ===
[scraper] Template cache loaded and seeded
[scraper] Default profile loaded
[scraper] jQuery source loaded (96410 chars)
[scraper] vm-slide fallback loaded (43688 chars)
[scraper] vData profile loaded from /home/ubuntu/github.com/tut1vog/reverse-chaosvm/profiles/vdata-browser-default.json
[scraper] Init complete
[scraper] Solving CAPTCHA only (no urlsec query)
[scraper] Attempt 1/1
[scraper] Attempt 1/1
[scraper] Step 1: prehandle
[scraper]   sess: s1WYU58LlN6fXc-YeHdh...
[scraper] Step 2: getSig
[scraper]   nonce: eda1152f11f1daf0
[scraper] Step 3: downloadImages
[scraper]   bg: 12414 bytes, slice: 4141 bytes
[scraper] Step 4: downloadTdc
[scraper]   tdc source: 197545 chars
[scraper]   TDC_NAME: dNiffQDBnfBhFYVHJUXMVbRchmDEmPaH
[scraper]   Source hash: f53142c54fc43699
[scraper]   Source hash not in cache — attempting auto-port via pipeline...
[scraper] Auto-porting unknown template: f53142c54fc43699
[scraper] Auto-port failed for f53142c54fc43699: Command failed: /home/ubuntu/.nvm/versions/node/v20.20.0/bin/node /home/ubuntu/github.com/tut1vog/reverse-chaosvm/tools/porting-pipeline/run.js /tmp/tdc-autoport-f53142c54fc43699.js --skip-verify

[scraper]   Error: Unknown template (hash=f53142c54fc43699), auto-port failed
[scraper] Attempt 1 failed: Unknown template (hash=f53142c54fc43699), auto-port failed
Error: CAPTCHA solve failed after 1 attempts: Unknown template (hash=f53142c54fc43699), auto-port failed
--- rc=1 duration=2s ---
=== default attempt 29/30 @ 2026-04-15T07:39:31Z ===
[scraper] Template cache loaded and seeded
[scraper] Default profile loaded
[scraper] jQuery source loaded (96410 chars)
[scraper] vm-slide fallback loaded (43688 chars)
[scraper] vData profile loaded from /home/ubuntu/github.com/tut1vog/reverse-chaosvm/profiles/vdata-browser-default.json
[scraper] Init complete
[scraper] Solving CAPTCHA only (no urlsec query)
[scraper] Attempt 1/1
[scraper] Attempt 1/1
[scraper] Step 1: prehandle
[scraper]   sess: s1KR_h_xdXw_DeS0iWRe...
[scraper] Step 2: getSig
[scraper]   nonce: eda1152f11f1daf0
[scraper] Step 3: downloadImages
[scraper]   bg: 12414 bytes, slice: 3932 bytes
[scraper] Step 4: downloadTdc
[scraper]   tdc source: 129582 chars
[scraper]   TDC_NAME: XcabTONObCYZeEGNPRmPGBQbTmYKEAHj
[scraper]   Source hash: e6a45ba64d246f82
[scraper]   Template: unknown, opcodes: 98
[scraper]   eks: 0fVqtnoULkUdnvf858bI...
[scraper] Step 5: solveSlider
[scraper]   rawOffset: 454
[scraper]   ans: 454,30;
[scraper] Step 6: generateCollect
[scraper]   collect length: 12448
[scraper] Step 7: buildVDataForPost (standalone, browser profile)
[scraper]   vData: znXmtEQyJRgtoPLXglW_kSakAcP3nu...
[scraper] Step 8: verify
  [verify] using jQuery prebuilt body, length: 14682
  [verify] Referer: https://t.captcha.qq.com/cap_union_new_show?aid=2046626881&protocol=https&accver...
[scraper]   errorCode: 12, ticket: none
[scraper]   Failed with errorCode 12, retrying...
[scraper] Attempt 1 failed: CAPTCHA verify returned errorCode 12
Error: CAPTCHA solve failed after 1 attempts: CAPTCHA verify returned errorCode 12
--- rc=1 duration=2s ---
=== default attempt 30/30 @ 2026-04-15T07:39:33Z ===
[scraper] Template cache loaded and seeded
[scraper] Default profile loaded
[scraper] jQuery source loaded (96410 chars)
[scraper] vm-slide fallback loaded (43688 chars)
[scraper] vData profile loaded from /home/ubuntu/github.com/tut1vog/reverse-chaosvm/profiles/vdata-browser-default.json
[scraper] Init complete
[scraper] Solving CAPTCHA only (no urlsec query)
[scraper] Attempt 1/1
[scraper] Attempt 1/1
[scraper] Step 1: prehandle
[scraper]   sess: s1HNlDNazPxOeRopeguw...
[scraper] Step 2: getSig
[scraper]   nonce: eda1152f11f1daf0
[scraper] Step 3: downloadImages
[scraper]   bg: 12399 bytes, slice: 4115 bytes
[scraper] Step 4: downloadTdc
[scraper]   tdc source: 144440 chars
[scraper]   TDC_NAME: SlVCfKSRjkmVXRnTigehmWSaDkeUUNfk
[scraper]   Source hash: e5341ccb12b78e65
[scraper]   Template: unknown, opcodes: 96
[scraper]   eks: 1Zvj/ECZ6ugNuuoGFeww...
[scraper] Step 5: solveSlider
[scraper]   rawOffset: 461
[scraper]   ans: 461,30;
[scraper] Step 6: generateCollect
[scraper]   collect length: 13344
[scraper] Step 7: buildVDataForPost (standalone, browser profile)
[scraper]   vData: -Iq3xF474Ut2Kc98LMr5FLGRglDKp3...
[scraper] Step 8: verify
  [verify] using jQuery prebuilt body, length: 15452
  [verify] Referer: https://t.captcha.qq.com/cap_union_new_show?aid=2046626881&protocol=https&accver...
[scraper]   errorCode: 12, ticket: none
[scraper]   Failed with errorCode 12, retrying...
[scraper] Attempt 1 failed: CAPTCHA verify returned errorCode 12
Error: CAPTCHA solve failed after 1 attempts: CAPTCHA verify returned errorCode 12
--- rc=1 duration=1s ---
