### tdc-08.js  cases=92  regs=_0x4a24ea  bytecode=_0x3ff919  pc=_0x15c987
  total extension matches: 6
    case 4:  prop=[_0x79777a(270)]  arg0=_0x4f6760
      _0x4a24ea[_0x3ff919[++_0x15c987]][_0x79777a(0x10e)](_0x4f6760,_0x4a24ea[_0x3ff919[++_0x15c987]])
    case 26:  prop=[_0x79777a(270)]  arg0=_0x4f6760
      _0x4a24ea[_0x3ff919[++_0x15c987]][_0x79777a(0x10e)](_0x4f6760,_0x4a24ea[_0x3ff919[++_0x15c987]])
    case 37:  prop=[_0x79777a(270)]  arg0=_0x4f6760
      _0x4a24ea[_0x3ff919[++_0x15c987]][_0x79777a(0x10e)](_0x4f6760,_0x4a24ea[_0x3ff919[++_0x15c987]],_0x4a24ea[_0x3ff919[++_0x15c987]],_0x4a24ea[_0x3ff919[++_0x15c987]])
    case 61:  prop=[_0x79777a(270)]  arg0=_0x4f6760
      _0x4a24ea[_0x3ff919[++_0x15c987]][_0x79777a(0x10e)](_0x4f6760,_0x4a24ea[_0x3ff919[++_0x15c987]],_0x4a24ea[_0x3ff919[++_0x15c987]])
    case 74:  prop=[_0x79777a(270)]  arg0=_0x4f6760
      _0x4a24ea[_0x3ff919[++_0x15c987]][_0x79777a(0x10e)](_0x4f6760)
    case 76:  prop=[_0x79777a(270)]  arg0=_0x4f6760
      _0x4a24ea[_0x3ff919[++_0x15c987]][_0x79777a(0x10e)](_0x4f6760,_0x4a24ea[_0x3ff919[++_0x15c987]])

### tdc-09.js  cases=99  regs=_0x29ce13  bytecode=_0xc06ffc  pc=_0x536cc0
  total extension matches: 5
    case 8:  prop=[_0x1ab1ec(329)]  arg0=_0x54b916
      _0x29ce13[_0xc06ffc[++_0x536cc0]][_0x1ab1ec(0x149)](_0x54b916,_0x29ce13[_0xc06ffc[++_0x536cc0]])
    case 32:  prop=[_0x1ab1ec(329)]  arg0=_0x54b916
      _0x29ce13[_0xc06ffc[++_0x536cc0]][_0x1ab1ec(0x149)](_0x54b916,_0x29ce13[_0xc06ffc[++_0x536cc0]],_0x29ce13[_0xc06ffc[++_0x536cc0]])
    case 36:  prop=[_0x1ab1ec(329)]  arg0=_0x54b916
      _0x29ce13[_0xc06ffc[++_0x536cc0]][_0x1ab1ec(0x149)](_0x54b916)
    case 41:  prop=[_0x1ab1ec(329)]  arg0=_0x54b916
      _0x29ce13[_0xc06ffc[++_0x536cc0]][_0x1ab1ec(0x149)](_0x54b916,_0x29ce13[_0xc06ffc[++_0x536cc0]],_0x29ce13[_0xc06ffc[++_0x536cc0]],_0x29ce13[_0xc06ffc[++_0x536cc0]])
    case 78:  prop=[_0x1ab1ec(329)]  arg0=_0x54b916
      _0x29ce13[_0xc06ffc[++_0x536cc0]][_0x1ab1ec(0x149)](_0x54b916,_0x29ce13[_0xc06ffc[++_0x536cc0]])

### tdc-01.js  cases=96  regs=_0x293063  bytecode=_0x496410  pc=_0x23b425
  total extension matches: 6
    case 25:  prop=[_0x3fe4a4(316)]  arg0=_0x5ae5b4
      _0x293063[_0x496410[++_0x23b425]][_0x3fe4a4(0x13c)](_0x5ae5b4,_0x293063[_0x496410[++_0x23b425]])
    case 47:  prop=["call"]  arg0=_0x5ae5b4
      _0x293063[_0x496410[++_0x23b425]]['call'](_0x5ae5b4)
    case 62:  prop=[_0x3fe4a4(316)]  arg0=_0x5ae5b4
      _0x293063[_0x496410[++_0x23b425]][_0x3fe4a4(0x13c)](_0x5ae5b4,_0x293063[_0x496410[++_0x23b425]])
    case 71:  prop=[_0x3fe4a4(316)]  arg0=_0x5ae5b4
      _0x293063[_0x496410[++_0x23b425]][_0x3fe4a4(0x13c)](_0x5ae5b4,_0x293063[_0x496410[++_0x23b425]],_0x293063[_0x496410[++_0x23b425]])
    case 83:  prop=[_0x3fe4a4(316)]  arg0=_0x5ae5b4
      _0x293063[_0x496410[++_0x23b425]][_0x3fe4a4(0x13c)](_0x5ae5b4,_0x293063[_0x496410[++_0x23b425]])
    case 85:  prop=[_0x3fe4a4(316)]  arg0=_0x5ae5b4
      _0x293063[_0x496410[++_0x23b425]][_0x3fe4a4(0x13c)](_0x5ae5b4,_0x293063[_0x496410[++_0x23b425]],_0x293063[_0x496410[++_0x23b425]],_0x293063[_0x496410[++_0x23b425]])

### tdc-10.js  cases=94  regs=_0x304860  bytecode=_0x319b10  pc=_0x2be400
  total extension matches: 7
    case 15:  prop=[_0x126831(443)]  arg0=_0x5c6106
      _0x304860[_0x319b10[++_0x2be400]][_0x126831(0x1bb)](_0x5c6106,_0x304860[_0x319b10[++_0x2be400]])
    case 35:  prop=[_0x126831(443)]  arg0=_0x5c6106
      _0x304860[_0x319b10[++_0x2be400]][_0x126831(0x1bb)](_0x5c6106,_0x304860[_0x319b10[++_0x2be400]])
    case 50:  prop=[_0x126831(443)]  arg0=_0x5c6106
      _0x304860[_0x319b10[++_0x2be400]][_0x126831(0x1bb)](_0x5c6106)
    case 62:  prop=["call"]  arg0=_0x5c6106
      _0x304860[_0x319b10[++_0x2be400]]['call'](_0x5c6106,_0x304860[_0x319b10[++_0x2be400]],_0x304860[_0x319b10[++_0x2be400]],_0x304860[_0x319b10[++_0x2be400]])
    case 70:  prop=[_0x126831(443)]  arg0=_0x5c6106
      _0x304860[_0x319b10[++_0x2be400]][_0x126831(0x1bb)](_0x5c6106,_0x304860[_0x319b10[++_0x2be400]])
    case 76:  prop=[_0x126831(443)]  arg0=_0x5c6106
      _0x304860[_0x319b10[++_0x2be400]][_0x126831(0x1bb)](_0x5c6106,_0x304860[_0x319b10[++_0x2be400]],_0x304860[_0x319b10[++_0x2be400]])
    case 80:  prop=[_0x126831(443)]  arg0=_0x5c6106
      _0x304860[_0x319b10[++_0x2be400]][_0x126831(0x1bb)](_0x5c6106,_0x304860[_0x319b10[++_0x2be400]])

### tdc-20.js  cases=100  regs=_0x454100  bytecode=_0x534f24  pc=_0x29aa77
  total extension matches: 6
    case 16:  prop=[_0x24e57e(250)]  arg0=_0x1e1607
      _0x454100[_0x534f24[++_0x29aa77]][_0x24e57e(0xfa)](_0x1e1607)
    case 17:  prop=[_0x24e57e(250)]  arg0=_0x1e1607
      _0x454100[_0x534f24[++_0x29aa77]][_0x24e57e(0xfa)](_0x1e1607,_0x454100[_0x534f24[++_0x29aa77]])
    case 57:  prop=[_0x24e57e(250)]  arg0=_0x1e1607
      _0x454100[_0x534f24[++_0x29aa77]][_0x24e57e(0xfa)](_0x1e1607,_0x454100[_0x534f24[++_0x29aa77]],_0x454100[_0x534f24[++_0x29aa77]])
    case 80:  prop=[_0x24e57e(250)]  arg0=_0x1e1607
      _0x454100[_0x534f24[++_0x29aa77]][_0x24e57e(0xfa)](_0x1e1607,_0x454100[_0x534f24[++_0x29aa77]],_0x454100[_0x534f24[++_0x29aa77]],_0x454100[_0x534f24[++_0x29aa77]])
    case 92:  prop=[_0x24e57e(250)]  arg0=_0x1e1607
      _0x454100[_0x534f24[++_0x29aa77]][_0x24e57e(0xfa)](_0x1e1607,_0x454100[_0x534f24[++_0x29aa77]])
    case 99:  prop=["call"]  arg0=_0x1e1607
      _0x454100[_0x534f24[++_0x29aa77]]['call'](_0x1e1607,_0x454100[_0x534f24[++_0x29aa77]])

