=== default attempt 1/30 @ 2026-04-16T07:53:53Z ===
[scraper] Template cache loaded and seeded
[scraper] Default profile loaded
[scraper] jQuery source loaded (96410 chars)
[scraper] vm-slide fallback loaded (43688 chars)
[scraper] vData profile loaded from /home/ubuntu/github.com/tut1vog/reverse-chaosvm/profiles/vdata-browser-default.json
[scraper] Chrome fingerprint profile loaded (59 canonical fields)
[scraper] Init complete
[scraper] Solving CAPTCHA only (no urlsec query)
[scraper] Attempt 1/1
[scraper] Attempt 1/1
[scraper] Step 1: prehandle
[scraper]   sess: s1YIWbOKqFmFSbRBgyaH...
[scraper] Step 2: getSig
[scraper]   nonce: eda1152f11f1daf0
[scraper] Step 3: downloadImages
[scraper]   bg: 22240 bytes, slice: 7089 bytes
[scraper] Step 4: downloadTdc
[scraper]   tdc source: 197257 chars
[scraper]   TDC_NAME: FVgbJVJYTmGMFSCMcnTkYjmSFkYnESZF
[scraper]   Source hash: daf0c711ccb82124
[scraper]   Template: B, opcodes: 94
[scraper]   eks: sDsrc81YgfG3mmTd4Erb...
[scraper] Step 5: solveSlider
[scraper]   rawOffset: 484
[scraper]   ans: 484,58;
[scraper] Step 6: generateCollect
[scraper]   Chrome profile: 60 cd fields (canonical 59, reordered via 60-slot cdFieldOrder)
[scraper]   collect length: 6412
[scraper] Fetching vm-slide from show page HTML: https://t.captcha.qq.com/vm-slide.e201876f.enc.js
[scraper]   Got live vm-slide (43688 chars)
[scraper] Step 7a: caplog pre-verify beacon
[scraper] Step 7: buildVDataForPost (standalone, browser profile)
[scraper]   vData: VueBKpkQNbhk8PJ_PeBGUmxP5ONA_y...
[scraper] Step 8: verify
  [verify] using jQuery prebuilt body, length: 8213
  [verify] Referer: https://t.captcha.qq.com/cap_union_new_show?aid=2046626881&protocol=https&accver...
[scraper]   errorCode: -1, ticket: t03tserverdMKpDhrtU9WHqmlPG_v1...
[scraper] Step 9: caplog post-verify beacon
[scraper] CAPTCHA solved: {
  errorCode: -1,
  ticket: 't03tserverdMKpDhrtU9WHqmlPG_v1uPRjAewJ3OeTF-GJuD-BcKTTTNAwtY4tHNEdkWs0JkqR5tUuuMld-AWRXRio66rYGqPdATplwgymPDsYYQ80o8qONPwZ3xIEe8LBdK81j7gm',
  randstr: '@gzJ'
}
{
  "errorCode": -1,
  "ticket": "t03tserverdMKpDhrtU9WHqmlPG_v1uPRjAewJ3OeTF-GJuD-BcKTTTNAwtY4tHNEdkWs0JkqR5tUuuMld-AWRXRio66rYGqPdATplwgymPDsYYQ80o8qONPwZ3xIEe8LBdK81j7gm",
  "randstr": "@gzJ"
}
--- rc=0 duration=1s ---
=== default attempt 2/30 @ 2026-04-16T07:53:55Z ===
[scraper] Template cache loaded and seeded
[scraper] Default profile loaded
[scraper] jQuery source loaded (96410 chars)
[scraper] vm-slide fallback loaded (43688 chars)
[scraper] vData profile loaded from /home/ubuntu/github.com/tut1vog/reverse-chaosvm/profiles/vdata-browser-default.json
[scraper] Chrome fingerprint profile loaded (59 canonical fields)
[scraper] Init complete
[scraper] Solving CAPTCHA only (no urlsec query)
[scraper] Attempt 1/1
[scraper] Attempt 1/1
[scraper] Step 1: prehandle
[scraper]   sess: s11GimsDtV_2xoRX0SSm...
[scraper] Step 2: getSig
[scraper]   nonce: eda1152f11f1daf0
[scraper] Step 3: downloadImages
[scraper]   bg: 13718 bytes, slice: 5955 bytes
[scraper] Step 4: downloadTdc
[scraper]   tdc source: 197257 chars
[scraper]   TDC_NAME: FVgbJVJYTmGMFSCMcnTkYjmSFkYnESZF
[scraper]   Source hash: daf0c711ccb82124
[scraper]   Template: B, opcodes: 94
[scraper]   eks: sdO7Q7Lu9ygvhIGA1ehj...
[scraper] Step 5: solveSlider
[scraper]   rawOffset: 450
[scraper]   ans: 450,30;
[scraper] Step 6: generateCollect
[scraper]   Chrome profile: 60 cd fields (canonical 59, reordered via 60-slot cdFieldOrder)
[scraper]   collect length: 6496
[scraper] Fetching vm-slide from show page HTML: https://t.captcha.qq.com/vm-slide.e201876f.enc.js
[scraper]   Got live vm-slide (43688 chars)
[scraper] Step 7a: caplog pre-verify beacon
[scraper] Step 7: buildVDataForPost (standalone, browser profile)
[scraper]   vData: VueBKpkQNbhk8PJ_PeBGUD-dqbjpqT...
[scraper] Step 8: verify
  [verify] using jQuery prebuilt body, length: 8337
  [verify] Referer: https://t.captcha.qq.com/cap_union_new_show?aid=2046626881&protocol=https&accver...
[scraper]   errorCode: -1, ticket: t03tserverXWFyp0N5CTalR1OB6LPT...
[scraper] Step 9: caplog post-verify beacon
[scraper] CAPTCHA solved: {
  errorCode: -1,
  ticket: 't03tserverXWFyp0N5CTalR1OB6LPTZqNwnM5L0w6oOeUl5cgVNl3hENvcdlPNiJRusZg4uTg1f8nbpcooFFDm0xvwwSz59BHiMSzCVcllyuDlIIqHRQyeWiWKh1tjb2mAKQcrksPm',
  randstr: '@GXg'
}
{
  "errorCode": -1,
  "ticket": "t03tserverXWFyp0N5CTalR1OB6LPTZqNwnM5L0w6oOeUl5cgVNl3hENvcdlPNiJRusZg4uTg1f8nbpcooFFDm0xvwwSz59BHiMSzCVcllyuDlIIqHRQyeWiWKh1tjb2mAKQcrksPm",
  "randstr": "@GXg"
}
--- rc=0 duration=2s ---
=== default attempt 3/30 @ 2026-04-16T07:53:58Z ===
[scraper] Template cache loaded and seeded
[scraper] Default profile loaded
[scraper] jQuery source loaded (96410 chars)
[scraper] vm-slide fallback loaded (43688 chars)
[scraper] vData profile loaded from /home/ubuntu/github.com/tut1vog/reverse-chaosvm/profiles/vdata-browser-default.json
[scraper] Chrome fingerprint profile loaded (59 canonical fields)
[scraper] Init complete
[scraper] Solving CAPTCHA only (no urlsec query)
[scraper] Attempt 1/1
[scraper] Attempt 1/1
[scraper] Step 1: prehandle
[scraper]   sess: s1FyZuQpPcwgaYg83iKU...
[scraper] Step 2: getSig
[scraper]   nonce: eda1152f11f1daf0
[scraper] Step 3: downloadImages
[scraper]   bg: 11614 bytes, slice: 5579 bytes
[scraper] Step 4: downloadTdc
[scraper]   tdc source: 199611 chars
[scraper]   TDC_NAME: BGDfWkdQOJJJTnHCNCnZRJZJSeFRWONJ
[scraper]   Source hash: 3429444f324c6110
[scraper]   Template: unknown, opcodes: 91
[scraper]   eks: WvYV+q0SUXE8CqTbuav6...
[scraper] Step 5: solveSlider
[scraper]   rawOffset: 504
[scraper]   ans: 504,52;
[scraper] Step 6: generateCollect
[scraper]   Chrome profile: 60 cd fields (canonical 59, reordered via 60-slot cdFieldOrder)
[scraper]   collect length: 6272
[scraper] Fetching vm-slide from show page HTML: https://t.captcha.qq.com/vm-slide.e201876f.enc.js
[scraper]   Got live vm-slide (43688 chars)
[scraper] Step 7a: caplog pre-verify beacon
[scraper] Step 7: buildVDataForPost (standalone, browser profile)
[scraper]   vData: VueBKpkQNbhk8PJ_PeBGUrZ7OBgJB1...
[scraper] Step 8: verify
  [verify] using jQuery prebuilt body, length: 8085
  [verify] Referer: https://t.captcha.qq.com/cap_union_new_show?aid=2046626881&protocol=https&accver...
[scraper]   errorCode: -1, ticket: t03tserver7Vl-eZkSGF3CIPPvpYd4...
[scraper] Step 9: caplog post-verify beacon
[scraper] CAPTCHA solved: {
  errorCode: -1,
  ticket: 't03tserver7Vl-eZkSGF3CIPPvpYd4wvHP1JKE0gJk6o0ClJkSccortAvWljUBnAio3j23TicFmOGVWunAIsBxOp3c26MOijVc0t706KmkUGp7xpxlDJjk1IfgHqTHtqm5O1rmgqaY',
  randstr: '@dlJ'
}
{
  "errorCode": -1,
  "ticket": "t03tserver7Vl-eZkSGF3CIPPvpYd4wvHP1JKE0gJk6o0ClJkSccortAvWljUBnAio3j23TicFmOGVWunAIsBxOp3c26MOijVc0t706KmkUGp7xpxlDJjk1IfgHqTHtqm5O1rmgqaY",
  "randstr": "@dlJ"
}
--- rc=0 duration=2s ---
=== default attempt 4/30 @ 2026-04-16T07:54:01Z ===
[scraper] Template cache loaded and seeded
[scraper] Default profile loaded
[scraper] jQuery source loaded (96410 chars)
[scraper] vm-slide fallback loaded (43688 chars)
[scraper] vData profile loaded from /home/ubuntu/github.com/tut1vog/reverse-chaosvm/profiles/vdata-browser-default.json
[scraper] Chrome fingerprint profile loaded (59 canonical fields)
[scraper] Init complete
[scraper] Solving CAPTCHA only (no urlsec query)
[scraper] Attempt 1/1
[scraper] Attempt 1/1
[scraper] Step 1: prehandle
[scraper]   sess: s1p3udOMJ35ToTH3AnvN...
[scraper] Step 2: getSig
[scraper]   nonce: eda1152f11f1daf0
[scraper] Step 3: downloadImages
[scraper]   bg: 25342 bytes, slice: 5011 bytes
[scraper] Step 4: downloadTdc
[scraper]   tdc source: 199611 chars
[scraper]   TDC_NAME: BGDfWkdQOJJJTnHCNCnZRJZJSeFRWONJ
[scraper]   Source hash: 3429444f324c6110
[scraper]   Template: unknown, opcodes: 91
[scraper]   eks: ApXQ7gxBhd0d9H5CUwTC...
[scraper] Step 5: solveSlider
[scraper]   rawOffset: 467
[scraper]   ans: 467,62;
[scraper] Step 6: generateCollect
[scraper]   Chrome profile: 60 cd fields (canonical 59, reordered via 60-slot cdFieldOrder)
[scraper]   collect length: 6488
[scraper] Fetching vm-slide from show page HTML: https://t.captcha.qq.com/vm-slide.e201876f.enc.js
[scraper]   Got live vm-slide (43688 chars)
[scraper] Step 7a: caplog pre-verify beacon
[scraper] Step 7: buildVDataForPost (standalone, browser profile)
[scraper]   vData: UwZkC2JeiN-*BlyMSmQFvPLD8kd*-s...
[scraper] Step 8: verify
  [verify] using jQuery prebuilt body, length: 8261
  [verify] Referer: https://t.captcha.qq.com/cap_union_new_show?aid=2046626881&protocol=https&accver...
[scraper]   errorCode: -1, ticket: t03tserverd9voM9FJOz9yvyRKmrjU...
[scraper] Step 9: caplog post-verify beacon
[scraper] CAPTCHA solved: {
  errorCode: -1,
  ticket: 't03tserverd9voM9FJOz9yvyRKmrjUEHiYfeb82SFCWImbJdACxjE9cbcIdIXwmB6lKLIV381vdT0-fDf6sxLpZ_NdOGD7KMhvjbzEi4KFBFWlQk_pBrJGivvXfHPuI1jKREiZ_oWZ',
  randstr: '@wHr'
}
{
  "errorCode": -1,
  "ticket": "t03tserverd9voM9FJOz9yvyRKmrjUEHiYfeb82SFCWImbJdACxjE9cbcIdIXwmB6lKLIV381vdT0-fDf6sxLpZ_NdOGD7KMhvjbzEi4KFBFWlQk_pBrJGivvXfHPuI1jKREiZ_oWZ",
  "randstr": "@wHr"
}
--- rc=0 duration=2s ---
=== default attempt 5/30 @ 2026-04-16T07:54:04Z ===
[scraper] Template cache loaded and seeded
[scraper] Default profile loaded
[scraper] jQuery source loaded (96410 chars)
[scraper] vm-slide fallback loaded (43688 chars)
[scraper] vData profile loaded from /home/ubuntu/github.com/tut1vog/reverse-chaosvm/profiles/vdata-browser-default.json
[scraper] Chrome fingerprint profile loaded (59 canonical fields)
[scraper] Init complete
[scraper] Solving CAPTCHA only (no urlsec query)
[scraper] Attempt 1/1
[scraper] Attempt 1/1
[scraper] Step 1: prehandle
[scraper]   sess: s1VNFYVe-O4_7DTV9OiQ...
[scraper] Step 2: getSig
[scraper]   nonce: eda1152f11f1daf0
[scraper] Step 3: downloadImages
[scraper]   bg: 11483 bytes, slice: 6129 bytes
[scraper] Step 4: downloadTdc
[scraper]   tdc source: 197257 chars
[scraper]   TDC_NAME: FVgbJVJYTmGMFSCMcnTkYjmSFkYnESZF
[scraper]   Source hash: daf0c711ccb82124
[scraper]   Template: B, opcodes: 94
[scraper]   eks: 3P5ra+OpvB2vSo5dI76i...
[scraper] Step 5: solveSlider
[scraper]   rawOffset: 466
[scraper]   ans: 466,30;
[scraper] Step 6: generateCollect
[scraper]   Chrome profile: 60 cd fields (canonical 59, reordered via 60-slot cdFieldOrder)
[scraper]   collect length: 6488
[scraper] Fetching vm-slide from show page HTML: https://t.captcha.qq.com/vm-slide.e201876f.enc.js
[scraper]   Got live vm-slide (43688 chars)
[scraper] Step 7a: caplog pre-verify beacon
[scraper] Step 7: buildVDataForPost (standalone, browser profile)
[scraper]   vData: KsAG-bRvvM8_4iVIzk53EJikX5Owg*...
[scraper] Step 8: verify
  [verify] using jQuery prebuilt body, length: 8293
  [verify] Referer: https://t.captcha.qq.com/cap_union_new_show?aid=2046626881&protocol=https&accver...
[scraper]   errorCode: -1, ticket: t03tserveryDj8kOqe14I-8SMCNUee...
[scraper] Step 9: caplog post-verify beacon
[scraper] CAPTCHA solved: {
  errorCode: -1,
  ticket: 't03tserveryDj8kOqe14I-8SMCNUeeohtkRD-MCKk5IMz2vch8E-MNfcLwCa1wZ3hTTQ44ZjFg_ubQVNsWAbcUhJZ7uvFRmDKx-rlddoxtCbFRud_wI8QwbjXRgdfuPYsdUBr4dUcy',
  randstr: '@Uc9'
}
{
  "errorCode": -1,
  "ticket": "t03tserveryDj8kOqe14I-8SMCNUeeohtkRD-MCKk5IMz2vch8E-MNfcLwCa1wZ3hTTQ44ZjFg_ubQVNsWAbcUhJZ7uvFRmDKx-rlddoxtCbFRud_wI8QwbjXRgdfuPYsdUBr4dUcy",
  "randstr": "@Uc9"
}
--- rc=0 duration=2s ---
=== default attempt 6/30 @ 2026-04-16T07:54:07Z ===
[scraper] Template cache loaded and seeded
[scraper] Default profile loaded
[scraper] jQuery source loaded (96410 chars)
[scraper] vm-slide fallback loaded (43688 chars)
[scraper] vData profile loaded from /home/ubuntu/github.com/tut1vog/reverse-chaosvm/profiles/vdata-browser-default.json
[scraper] Chrome fingerprint profile loaded (59 canonical fields)
[scraper] Init complete
[scraper] Solving CAPTCHA only (no urlsec query)
[scraper] Attempt 1/1
[scraper] Attempt 1/1
[scraper] Step 1: prehandle
[scraper]   sess: s1yp1zPfl_ZfYvjIfnrY...
[scraper] Step 2: getSig
[scraper]   nonce: eda1152f11f1daf0
[scraper] Step 3: downloadImages
[scraper]   bg: 25368 bytes, slice: 5543 bytes
[scraper] Step 4: downloadTdc
[scraper]   tdc source: 207422 chars
[scraper]   TDC_NAME: GCDJAPicKHeHfOBnnYMEdUgUkTnAhOFV
[scraper]   Source hash: 8f1d32beb4fcaa4d
[scraper]   Template: unknown, opcodes: 96
[scraper]   eks: adqK0HalDrVO13cC+2te...
[scraper] Step 5: solveSlider
[scraper]   rawOffset: 453
[scraper]   ans: 453,30;
[scraper] Step 6: generateCollect
[scraper]   Chrome profile: 60 cd fields (canonical 59, reordered via 60-slot cdFieldOrder)
[scraper]   collect length: 5280
[scraper] Fetching vm-slide from show page HTML: https://t.captcha.qq.com/vm-slide.e201876f.enc.js
[scraper]   Got live vm-slide (43688 chars)
[scraper] Step 7a: caplog pre-verify beacon
[scraper] Step 7: buildVDataForPost (standalone, browser profile)
[scraper]   vData: -Iq3xF474Ut2Kc98LMr5F3X0cQihFa...
[scraper] Step 8: verify
  [verify] using jQuery prebuilt body, length: 6991
  [verify] Referer: https://t.captcha.qq.com/cap_union_new_show?aid=2046626881&protocol=https&accver...
[scraper]   errorCode: -1, ticket: t03tserver5fj2fgmQ1ErPOYBbNPnv...
[scraper] Step 9: caplog post-verify beacon
[scraper] CAPTCHA solved: {
  errorCode: -1,
  ticket: 't03tserver5fj2fgmQ1ErPOYBbNPnvOUJVlGDOHb7cu8JfztvtJlrAKzaW-cPyOxu42_CNZ7A1XiAHOwE4mR8Wp1Grgno6vpARgLJhBhm2_9s5G48iI7AF8OAo6ZD6ca--KOrzjWbp',
  randstr: '@Uxf'
}
{
  "errorCode": -1,
  "ticket": "t03tserver5fj2fgmQ1ErPOYBbNPnvOUJVlGDOHb7cu8JfztvtJlrAKzaW-cPyOxu42_CNZ7A1XiAHOwE4mR8Wp1Grgno6vpARgLJhBhm2_9s5G48iI7AF8OAo6ZD6ca--KOrzjWbp",
  "randstr": "@Uxf"
}
--- rc=0 duration=2s ---
=== default attempt 7/30 @ 2026-04-16T07:54:10Z ===
[scraper] Template cache loaded and seeded
[scraper] Default profile loaded
[scraper] jQuery source loaded (96410 chars)
[scraper] vm-slide fallback loaded (43688 chars)
[scraper] vData profile loaded from /home/ubuntu/github.com/tut1vog/reverse-chaosvm/profiles/vdata-browser-default.json
[scraper] Chrome fingerprint profile loaded (59 canonical fields)
[scraper] Init complete
[scraper] Solving CAPTCHA only (no urlsec query)
[scraper] Attempt 1/1
[scraper] Attempt 1/1
[scraper] Step 1: prehandle
[scraper]   sess: s1vqmfYIEnmepTpWYV3x...
[scraper] Step 2: getSig
[scraper]   nonce: eda1152f11f1daf0
[scraper] Step 3: downloadImages
[scraper]   bg: 12363 bytes, slice: 4264 bytes
[scraper] Step 4: downloadTdc
[scraper]   tdc source: 129582 chars
[scraper]   TDC_NAME: XcabTONObCYZeEGNPRmPGBQbTmYKEAHj
[scraper]   Source hash: e6a45ba64d246f82
[scraper]   Template: unknown, opcodes: 98
[scraper]   eks: 3df+fvS1NH0CCwRSNyx3...
[scraper] Step 5: solveSlider
[scraper]   rawOffset: 484
[scraper]   ans: 484,88;
[scraper] Step 6: generateCollect
[scraper]   Chrome profile: 60 cd fields (canonical 59, reordered via 60-slot cdFieldOrder)
[scraper]   collect length: 6424
[scraper] Fetching vm-slide from show page HTML: https://t.captcha.qq.com/vm-slide.e201876f.enc.js
[scraper]   Got live vm-slide (43688 chars)
[scraper] Step 7a: caplog pre-verify beacon
[scraper] Step 7: buildVDataForPost (standalone, browser profile)
[scraper]   vData: -Iq3xF474Ut2Kc98LMr5F24umGC0Tn...
[scraper] Step 8: verify
  [verify] using jQuery prebuilt body, length: 8271
  [verify] Referer: https://t.captcha.qq.com/cap_union_new_show?aid=2046626881&protocol=https&accver...
[scraper]   errorCode: -1, ticket: t03tserverj1UivqiLxs0kN5dmmJZ8...
[scraper] Step 9: caplog post-verify beacon
[scraper] CAPTCHA solved: {
  errorCode: -1,
  ticket: 't03tserverj1UivqiLxs0kN5dmmJZ8XjzBll9YUiETIN85R4DgDn6OmoLvLtbWJDpMFl5iTfW7VT5Cp6zwg1-vkIB8DzlpMQLVjjKaIkozv2udizD1OdxgNNxtvfSzSQAOYOPESs_5',
  randstr: '@9mz'
}
{
  "errorCode": -1,
  "ticket": "t03tserverj1UivqiLxs0kN5dmmJZ8XjzBll9YUiETIN85R4DgDn6OmoLvLtbWJDpMFl5iTfW7VT5Cp6zwg1-vkIB8DzlpMQLVjjKaIkozv2udizD1OdxgNNxtvfSzSQAOYOPESs_5",
  "randstr": "@9mz"
}
--- rc=0 duration=1s ---
=== default attempt 8/30 @ 2026-04-16T07:54:12Z ===
[scraper] Template cache loaded and seeded
[scraper] Default profile loaded
[scraper] jQuery source loaded (96410 chars)
[scraper] vm-slide fallback loaded (43688 chars)
[scraper] vData profile loaded from /home/ubuntu/github.com/tut1vog/reverse-chaosvm/profiles/vdata-browser-default.json
[scraper] Chrome fingerprint profile loaded (59 canonical fields)
[scraper] Init complete
[scraper] Solving CAPTCHA only (no urlsec query)
[scraper] Attempt 1/1
[scraper] Attempt 1/1
[scraper] Step 1: prehandle
[scraper]   sess: s1uk2FAblNd7-LCG_gvF...
[scraper] Step 2: getSig
[scraper]   nonce: eda1152f11f1daf0
[scraper] Step 3: downloadImages
[scraper]   bg: 22191 bytes, slice: 7224 bytes
[scraper] Step 4: downloadTdc
[scraper]   tdc source: 203186 chars
[scraper]   TDC_NAME: UAniMSgbcnMTPUjjGcEVEnBCQgkKHVWS
[scraper]   Source hash: 88ebeea62f566ec5
[scraper]   Source hash not in cache — attempting auto-port via pipeline...
[scraper] Auto-porting unknown template: 88ebeea62f566ec5
[scraper] Auto-port failed for 88ebeea62f566ec5: Command failed: /home/ubuntu/.nvm/versions/node/v20.20.0/bin/node /home/ubuntu/github.com/tut1vog/reverse-chaosvm/tools/porting-pipeline/run.js /tmp/tdc-autoport-88ebeea62f566ec5.js --skip-verify

[scraper]   Error: Unknown template (hash=88ebeea62f566ec5), auto-port failed
[scraper] Attempt 1 failed: Unknown template (hash=88ebeea62f566ec5), auto-port failed
Error: CAPTCHA solve failed after 1 attempts: Unknown template (hash=88ebeea62f566ec5), auto-port failed
--- rc=1 duration=2s ---
=== default attempt 9/30 @ 2026-04-16T07:54:15Z ===
[scraper] Template cache loaded and seeded
[scraper] Default profile loaded
[scraper] jQuery source loaded (96410 chars)
[scraper] vm-slide fallback loaded (43688 chars)
[scraper] vData profile loaded from /home/ubuntu/github.com/tut1vog/reverse-chaosvm/profiles/vdata-browser-default.json
[scraper] Chrome fingerprint profile loaded (59 canonical fields)
[scraper] Init complete
[scraper] Solving CAPTCHA only (no urlsec query)
[scraper] Attempt 1/1
[scraper] Attempt 1/1
[scraper] Step 1: prehandle
[scraper]   sess: s1PC8C8UfeT61Dx7S0Xq...
[scraper] Step 2: getSig
[scraper]   nonce: eda1152f11f1daf0
[scraper] Step 3: downloadImages
[scraper]   bg: 25443 bytes, slice: 4504 bytes
[scraper] Step 4: downloadTdc
[scraper]   tdc source: 207422 chars
[scraper]   TDC_NAME: GCDJAPicKHeHfOBnnYMEdUgUkTnAhOFV
[scraper]   Source hash: 8f1d32beb4fcaa4d
[scraper]   Template: unknown, opcodes: 96
[scraper]   eks: Ailp32AzYhjfw9bu8ui2...
[scraper] Step 5: solveSlider
[scraper]   rawOffset: 536
[scraper]   ans: 536,82;
[scraper] Step 6: generateCollect
[scraper]   Chrome profile: 60 cd fields (canonical 59, reordered via 60-slot cdFieldOrder)
[scraper]   collect length: 5612
[scraper] Fetching vm-slide from show page HTML: https://t.captcha.qq.com/vm-slide.e201876f.enc.js
[scraper]   Got live vm-slide (43688 chars)
[scraper] Step 7a: caplog pre-verify beacon
[scraper] Step 7: buildVDataForPost (standalone, browser profile)
[scraper]   vData: 6cvQlh92lvIWCbTyucP2P3ugCDDUiG...
[scraper] Step 8: verify
  [verify] using jQuery prebuilt body, length: 7349
  [verify] Referer: https://t.captcha.qq.com/cap_union_new_show?aid=2046626881&protocol=https&accver...
[scraper]   errorCode: -1, ticket: t03tserverzYtn-H49xbzIsfE_Xup3...
[scraper] Step 9: caplog post-verify beacon
[scraper] CAPTCHA solved: {
  errorCode: -1,
  ticket: 't03tserverzYtn-H49xbzIsfE_Xup3go8FaunkcIwcjQsKUMxFVtnAjuYiqaLJSLTD5VunP3g1DO_mcNUzwgbTa7UMjyzv1OU4dEAizp821czYHJYK7bU1PtPk86LPRla7qrZGvmf-',
  randstr: '@tFD'
}
{
  "errorCode": -1,
  "ticket": "t03tserverzYtn-H49xbzIsfE_Xup3go8FaunkcIwcjQsKUMxFVtnAjuYiqaLJSLTD5VunP3g1DO_mcNUzwgbTa7UMjyzv1OU4dEAizp821czYHJYK7bU1PtPk86LPRla7qrZGvmf-",
  "randstr": "@tFD"
}
--- rc=0 duration=2s ---
=== default attempt 10/30 @ 2026-04-16T07:54:18Z ===
[scraper] Template cache loaded and seeded
[scraper] Default profile loaded
[scraper] jQuery source loaded (96410 chars)
[scraper] vm-slide fallback loaded (43688 chars)
[scraper] vData profile loaded from /home/ubuntu/github.com/tut1vog/reverse-chaosvm/profiles/vdata-browser-default.json
[scraper] Chrome fingerprint profile loaded (59 canonical fields)
[scraper] Init complete
[scraper] Solving CAPTCHA only (no urlsec query)
[scraper] Attempt 1/1
[scraper] Attempt 1/1
[scraper] Step 1: prehandle
[scraper]   sess: s1On9tTpTNjuXkJRqoXs...
[scraper] Step 2: getSig
[scraper]   nonce: eda1152f11f1daf0
[scraper] Step 3: downloadImages
[scraper]   bg: 20317 bytes, slice: 8557 bytes
[scraper] Step 4: downloadTdc
[scraper]   tdc source: 203186 chars
[scraper]   TDC_NAME: UAniMSgbcnMTPUjjGcEVEnBCQgkKHVWS
[scraper]   Source hash: 88ebeea62f566ec5
[scraper]   Source hash not in cache — attempting auto-port via pipeline...
[scraper] Auto-porting unknown template: 88ebeea62f566ec5
[scraper] Auto-port failed for 88ebeea62f566ec5: Command failed: /home/ubuntu/.nvm/versions/node/v20.20.0/bin/node /home/ubuntu/github.com/tut1vog/reverse-chaosvm/tools/porting-pipeline/run.js /tmp/tdc-autoport-88ebeea62f566ec5.js --skip-verify

[scraper]   Error: Unknown template (hash=88ebeea62f566ec5), auto-port failed
[scraper] Attempt 1 failed: Unknown template (hash=88ebeea62f566ec5), auto-port failed
Error: CAPTCHA solve failed after 1 attempts: Unknown template (hash=88ebeea62f566ec5), auto-port failed
--- rc=1 duration=1s ---
=== default attempt 11/30 @ 2026-04-16T07:54:20Z ===
[scraper] Template cache loaded and seeded
[scraper] Default profile loaded
[scraper] jQuery source loaded (96410 chars)
[scraper] vm-slide fallback loaded (43688 chars)
[scraper] vData profile loaded from /home/ubuntu/github.com/tut1vog/reverse-chaosvm/profiles/vdata-browser-default.json
[scraper] Chrome fingerprint profile loaded (59 canonical fields)
[scraper] Init complete
[scraper] Solving CAPTCHA only (no urlsec query)
[scraper] Attempt 1/1
[scraper] Attempt 1/1
[scraper] Step 1: prehandle
[scraper]   sess: s1xn1SwvqgwROQYFL90q...
[scraper] Step 2: getSig
[scraper]   nonce: eda1152f11f1daf0
[scraper] Step 3: downloadImages
[scraper]   bg: 24867 bytes, slice: 5941 bytes
[scraper] Step 4: downloadTdc
[scraper]   tdc source: 161122 chars
[scraper]   TDC_NAME: gUbSKiHCiVNcdeXaKTECbTOEkdOclkcR
[scraper]   Source hash: 02fd132edb24a8c1
[scraper]   Template: C, opcodes: 100
[scraper]   eks: ogJXegNWf7/rLE8+7ZEM...
[scraper] Step 5: solveSlider
[scraper]   rawOffset: 470
[scraper]   ans: 470,66;
[scraper] Step 6: generateCollect
[scraper]   Chrome profile: 60 cd fields (canonical 59, reordered via 60-slot cdFieldOrder)
[scraper]   collect length: 6296
[scraper] Fetching vm-slide from show page HTML: https://t.captcha.qq.com/vm-slide.e201876f.enc.js
[scraper]   Got live vm-slide (43688 chars)
[scraper] Step 7a: caplog pre-verify beacon
[scraper] Step 7: buildVDataForPost (standalone, browser profile)
[scraper]   vData: W4hcQalehU_qy-XCk0hWtn2z6yfSJE...
[scraper] Step 8: verify
  [verify] using jQuery prebuilt body, length: 8089
  [verify] Referer: https://t.captcha.qq.com/cap_union_new_show?aid=2046626881&protocol=https&accver...
[scraper]   errorCode: -1, ticket: t03tserverQjirz63E3iEjaHsY__yf...
[scraper] Step 9: caplog post-verify beacon
[scraper] CAPTCHA solved: {
  errorCode: -1,
  ticket: 't03tserverQjirz63E3iEjaHsY__yf6h54fwg8pIuKK9eoYY0NjDrSdS4qp7YB2NhYpcv7tte7t3zMCQkQHw3aprE9TRgW9UMJ2ifSbcAFogn4pylTN0xRuTbHrpjn_JIxEGZGlpYt',
  randstr: '@0Fg'
}
{
  "errorCode": -1,
  "ticket": "t03tserverQjirz63E3iEjaHsY__yf6h54fwg8pIuKK9eoYY0NjDrSdS4qp7YB2NhYpcv7tte7t3zMCQkQHw3aprE9TRgW9UMJ2ifSbcAFogn4pylTN0xRuTbHrpjn_JIxEGZGlpYt",
  "randstr": "@0Fg"
}
--- rc=0 duration=2s ---
=== default attempt 12/30 @ 2026-04-16T07:54:23Z ===
[scraper] Template cache loaded and seeded
[scraper] Default profile loaded
[scraper] jQuery source loaded (96410 chars)
[scraper] vm-slide fallback loaded (43688 chars)
[scraper] vData profile loaded from /home/ubuntu/github.com/tut1vog/reverse-chaosvm/profiles/vdata-browser-default.json
[scraper] Chrome fingerprint profile loaded (59 canonical fields)
[scraper] Init complete
[scraper] Solving CAPTCHA only (no urlsec query)
[scraper] Attempt 1/1
[scraper] Attempt 1/1
[scraper] Step 1: prehandle
[scraper]   sess: s1wnYVzpfGxFHdtiQvyn...
[scraper] Step 2: getSig
[scraper]   nonce: eda1152f11f1daf0
[scraper] Step 3: downloadImages
[scraper]   bg: 24929 bytes, slice: 5780 bytes
[scraper] Step 4: downloadTdc
[scraper]   tdc source: 144440 chars
[scraper]   TDC_NAME: SlVCfKSRjkmVXRnTigehmWSaDkeUUNfk
[scraper]   Source hash: e5341ccb12b78e65
[scraper]   Template: unknown, opcodes: 96
[scraper]   eks: K9SA3GQEfiusAgyXf+gj...
[scraper] Step 5: solveSlider
[scraper]   rawOffset: 460
[scraper]   ans: 460,77;
[scraper] Step 6: generateCollect
[scraper]   Chrome profile: 60 cd fields (canonical 59, reordered via 60-slot cdFieldOrder)
[scraper]   collect length: 6572
[scraper] Fetching vm-slide from show page HTML: https://t.captcha.qq.com/vm-slide.e201876f.enc.js
[scraper]   Got live vm-slide (43688 chars)
[scraper] Step 7a: caplog pre-verify beacon
[scraper] Step 7: buildVDataForPost (standalone, browser profile)
[scraper]   vData: PtAun2D5V*qO*PtkZzQhzxP*UOIK7K...
[scraper] Step 8: verify
  [verify] using jQuery prebuilt body, length: 8389
  [verify] Referer: https://t.captcha.qq.com/cap_union_new_show?aid=2046626881&protocol=https&accver...
[scraper]   errorCode: -1, ticket: t03tserverzyOBb_7-H5BWdW1BiOcI...
[scraper] Step 9: caplog post-verify beacon
[scraper] CAPTCHA solved: {
  errorCode: -1,
  ticket: 't03tserverzyOBb_7-H5BWdW1BiOcIFgLBKjjqrZtZ8_4dMVWZddvX4ti6-Ona4Kkl0NwK1YHLwB1O45zk4ZqzysKSpneZxi_Z0uTY0bIuQsla7_UVqo8oT3HNHsYYngBUhuR-0cFu',
  randstr: '@OME'
}
{
  "errorCode": -1,
  "ticket": "t03tserverzyOBb_7-H5BWdW1BiOcIFgLBKjjqrZtZ8_4dMVWZddvX4ti6-Ona4Kkl0NwK1YHLwB1O45zk4ZqzysKSpneZxi_Z0uTY0bIuQsla7_UVqo8oT3HNHsYYngBUhuR-0cFu",
  "randstr": "@OME"
}
--- rc=0 duration=2s ---
=== default attempt 13/30 @ 2026-04-16T07:54:26Z ===
[scraper] Template cache loaded and seeded
[scraper] Default profile loaded
[scraper] jQuery source loaded (96410 chars)
[scraper] vm-slide fallback loaded (43688 chars)
[scraper] vData profile loaded from /home/ubuntu/github.com/tut1vog/reverse-chaosvm/profiles/vdata-browser-default.json
[scraper] Chrome fingerprint profile loaded (59 canonical fields)
[scraper] Init complete
[scraper] Solving CAPTCHA only (no urlsec query)
[scraper] Attempt 1/1
[scraper] Attempt 1/1
[scraper] Step 1: prehandle
[scraper]   sess: s1-zgeI9K7LlRuf0LXC4...
[scraper] Step 2: getSig
[scraper]   nonce: eda1152f11f1daf0
[scraper] Step 3: downloadImages
[scraper]   bg: 22325 bytes, slice: 6739 bytes
[scraper] Step 4: downloadTdc
[scraper]   tdc source: 129582 chars
[scraper]   TDC_NAME: XcabTONObCYZeEGNPRmPGBQbTmYKEAHj
[scraper]   Source hash: e6a45ba64d246f82
[scraper]   Template: unknown, opcodes: 98
[scraper]   eks: GoRk+laKJIr44aKDxiqn...
[scraper] Step 5: solveSlider
[scraper]   rawOffset: 450
[scraper]   ans: 450,30;
[scraper] Step 6: generateCollect
[scraper]   Chrome profile: 60 cd fields (canonical 59, reordered via 60-slot cdFieldOrder)
[scraper]   collect length: 6336
[scraper] Fetching vm-slide from show page HTML: https://t.captcha.qq.com/vm-slide.e201876f.enc.js
[scraper]   Got live vm-slide (43688 chars)
[scraper] Step 7a: caplog pre-verify beacon
[scraper] Step 7: buildVDataForPost (standalone, browser profile)
[scraper]   vData: W4hcQalehU_qy-XCk0hWtnXDV2iAI0...
[scraper] Step 8: verify
  [verify] using jQuery prebuilt body, length: 8151
  [verify] Referer: https://t.captcha.qq.com/cap_union_new_show?aid=2046626881&protocol=https&accver...
[scraper]   errorCode: 12, ticket: none
[scraper] Step 9: caplog post-verify beacon
[scraper]   Failed with errorCode 12, retrying...
[scraper] Attempt 1 failed: CAPTCHA verify returned errorCode 12
Error: CAPTCHA solve failed after 1 attempts: CAPTCHA verify returned errorCode 12
--- rc=1 duration=2s ---
=== default attempt 14/30 @ 2026-04-16T07:54:29Z ===
[scraper] Template cache loaded and seeded
[scraper] Default profile loaded
[scraper] jQuery source loaded (96410 chars)
[scraper] vm-slide fallback loaded (43688 chars)
[scraper] vData profile loaded from /home/ubuntu/github.com/tut1vog/reverse-chaosvm/profiles/vdata-browser-default.json
[scraper] Chrome fingerprint profile loaded (59 canonical fields)
[scraper] Init complete
[scraper] Solving CAPTCHA only (no urlsec query)
[scraper] Attempt 1/1
[scraper] Attempt 1/1
[scraper] Step 1: prehandle
[scraper]   sess: s1Qrn7YkT6pN2Wodlg75...
[scraper] Step 2: getSig
[scraper]   nonce: eda1152f11f1daf0
[scraper] Step 3: downloadImages
[scraper]   bg: 13698 bytes, slice: 5915 bytes
[scraper] Step 4: downloadTdc
[scraper]   tdc source: 129582 chars
[scraper]   TDC_NAME: XcabTONObCYZeEGNPRmPGBQbTmYKEAHj
[scraper]   Source hash: e6a45ba64d246f82
[scraper]   Template: unknown, opcodes: 98
[scraper]   eks: SEVMES7D2U5nSdP5p0Kk...
[scraper] Step 5: solveSlider
[scraper]   rawOffset: 472
[scraper]   ans: 472,47;
[scraper] Step 6: generateCollect
[scraper]   Chrome profile: 60 cd fields (canonical 59, reordered via 60-slot cdFieldOrder)
[scraper]   collect length: 6488
[scraper] Fetching vm-slide from show page HTML: https://t.captcha.qq.com/vm-slide.e201876f.enc.js
[scraper]   Got live vm-slide (43688 chars)
[scraper] Step 7a: caplog pre-verify beacon
[scraper] Step 7: buildVDataForPost (standalone, browser profile)
[scraper]   vData: -Iq3xF474Ut2Kc98LMr5FjyFxQPzt6...
[scraper] Step 8: verify
  [verify] using jQuery prebuilt body, length: 8299
  [verify] Referer: https://t.captcha.qq.com/cap_union_new_show?aid=2046626881&protocol=https&accver...
[scraper]   errorCode: 12, ticket: none
[scraper] Step 9: caplog post-verify beacon
[scraper]   Failed with errorCode 12, retrying...
[scraper] Attempt 1 failed: CAPTCHA verify returned errorCode 12
Error: CAPTCHA solve failed after 1 attempts: CAPTCHA verify returned errorCode 12
--- rc=1 duration=2s ---
=== default attempt 15/30 @ 2026-04-16T07:54:32Z ===
[scraper] Template cache loaded and seeded
[scraper] Default profile loaded
[scraper] jQuery source loaded (96410 chars)
[scraper] vm-slide fallback loaded (43688 chars)
[scraper] vData profile loaded from /home/ubuntu/github.com/tut1vog/reverse-chaosvm/profiles/vdata-browser-default.json
[scraper] Chrome fingerprint profile loaded (59 canonical fields)
[scraper] Init complete
[scraper] Solving CAPTCHA only (no urlsec query)
[scraper] Attempt 1/1
[scraper] Attempt 1/1
[scraper] Step 1: prehandle
[scraper]   sess: s13qbB_mXWecAGnu0OVX...
[scraper] Step 2: getSig
[scraper]   nonce: eda1152f11f1daf0
[scraper] Step 3: downloadImages
[scraper]   bg: 24914 bytes, slice: 6043 bytes
[scraper] Step 4: downloadTdc
[scraper]   tdc source: 203186 chars
[scraper]   TDC_NAME: UAniMSgbcnMTPUjjGcEVEnBCQgkKHVWS
[scraper]   Source hash: 88ebeea62f566ec5
[scraper]   Source hash not in cache — attempting auto-port via pipeline...
[scraper] Auto-porting unknown template: 88ebeea62f566ec5
[scraper] Auto-port failed for 88ebeea62f566ec5: Command failed: /home/ubuntu/.nvm/versions/node/v20.20.0/bin/node /home/ubuntu/github.com/tut1vog/reverse-chaosvm/tools/porting-pipeline/run.js /tmp/tdc-autoport-88ebeea62f566ec5.js --skip-verify

[scraper]   Error: Unknown template (hash=88ebeea62f566ec5), auto-port failed
[scraper] Attempt 1 failed: Unknown template (hash=88ebeea62f566ec5), auto-port failed
Error: CAPTCHA solve failed after 1 attempts: Unknown template (hash=88ebeea62f566ec5), auto-port failed
--- rc=1 duration=1s ---
=== default attempt 16/30 @ 2026-04-16T07:54:34Z ===
[scraper] Template cache loaded and seeded
[scraper] Default profile loaded
[scraper] jQuery source loaded (96410 chars)
[scraper] vm-slide fallback loaded (43688 chars)
[scraper] vData profile loaded from /home/ubuntu/github.com/tut1vog/reverse-chaosvm/profiles/vdata-browser-default.json
[scraper] Chrome fingerprint profile loaded (59 canonical fields)
[scraper] Init complete
[scraper] Solving CAPTCHA only (no urlsec query)
[scraper] Attempt 1/1
[scraper] Attempt 1/1
[scraper] Step 1: prehandle
[scraper]   sess: s13N0NydBtq3gHvHoe2z...
[scraper] Step 2: getSig
[scraper]   nonce: eda1152f11f1daf0
[scraper] Step 3: downloadImages
[scraper]   bg: 27830 bytes, slice: 8722 bytes
[scraper] Step 4: downloadTdc
[scraper]   tdc source: 129582 chars
[scraper]   TDC_NAME: XcabTONObCYZeEGNPRmPGBQbTmYKEAHj
[scraper]   Source hash: e6a45ba64d246f82
[scraper]   Template: unknown, opcodes: 98
[scraper]   eks: jUgXaqouMay8IPJ2G7p1...
[scraper] Step 5: solveSlider
[scraper]   rawOffset: 391
[scraper]   ans: 391,35;
[scraper] Step 6: generateCollect
[scraper]   Chrome profile: 60 cd fields (canonical 59, reordered via 60-slot cdFieldOrder)
[scraper]   collect length: 6220
[scraper] Fetching vm-slide from show page HTML: https://t.captcha.qq.com/vm-slide.e201876f.enc.js
[scraper]   Got live vm-slide (43688 chars)
[scraper] Step 7a: caplog pre-verify beacon
[scraper] Step 7: buildVDataForPost (standalone, browser profile)
[scraper]   vData: -Iq3xF474Ut2Kc98LMr5FjyFxQPzt6...
[scraper] Step 8: verify
  [verify] using jQuery prebuilt body, length: 8073
  [verify] Referer: https://t.captcha.qq.com/cap_union_new_show?aid=2046626881&protocol=https&accver...
[scraper]   errorCode: 9, ticket: none
[scraper] Step 9: caplog post-verify beacon
[scraper]   Failed with errorCode 9, retrying...
[scraper] Attempt 1 failed: CAPTCHA verify returned errorCode 9
Error: CAPTCHA solve failed after 1 attempts: CAPTCHA verify returned errorCode 9
--- rc=1 duration=2s ---
=== default attempt 17/30 @ 2026-04-16T07:54:37Z ===
[scraper] Template cache loaded and seeded
[scraper] Default profile loaded
[scraper] jQuery source loaded (96410 chars)
[scraper] vm-slide fallback loaded (43688 chars)
[scraper] vData profile loaded from /home/ubuntu/github.com/tut1vog/reverse-chaosvm/profiles/vdata-browser-default.json
[scraper] Chrome fingerprint profile loaded (59 canonical fields)
[scraper] Init complete
[scraper] Solving CAPTCHA only (no urlsec query)
[scraper] Attempt 1/1
[scraper] Attempt 1/1
[scraper] Step 1: prehandle
[scraper]   sess: s1R-R9M5vF5XupX1zHNH...
[scraper] Step 2: getSig
[scraper]   nonce: eda1152f11f1daf0
[scraper] Step 3: downloadImages
[scraper]   bg: 11506 bytes, slice: 6130 bytes
[scraper] Step 4: downloadTdc
[scraper]   tdc source: 203186 chars
[scraper]   TDC_NAME: UAniMSgbcnMTPUjjGcEVEnBCQgkKHVWS
[scraper]   Source hash: 88ebeea62f566ec5
[scraper]   Source hash not in cache — attempting auto-port via pipeline...
[scraper] Auto-porting unknown template: 88ebeea62f566ec5
[scraper] Auto-port failed for 88ebeea62f566ec5: Command failed: /home/ubuntu/.nvm/versions/node/v20.20.0/bin/node /home/ubuntu/github.com/tut1vog/reverse-chaosvm/tools/porting-pipeline/run.js /tmp/tdc-autoport-88ebeea62f566ec5.js --skip-verify

[scraper]   Error: Unknown template (hash=88ebeea62f566ec5), auto-port failed
[scraper] Attempt 1 failed: Unknown template (hash=88ebeea62f566ec5), auto-port failed
Error: CAPTCHA solve failed after 1 attempts: Unknown template (hash=88ebeea62f566ec5), auto-port failed
--- rc=1 duration=2s ---
=== default attempt 18/30 @ 2026-04-16T07:54:40Z ===
[scraper] Template cache loaded and seeded
[scraper] Default profile loaded
[scraper] jQuery source loaded (96410 chars)
[scraper] vm-slide fallback loaded (43688 chars)
[scraper] vData profile loaded from /home/ubuntu/github.com/tut1vog/reverse-chaosvm/profiles/vdata-browser-default.json
[scraper] Chrome fingerprint profile loaded (59 canonical fields)
[scraper] Init complete
[scraper] Solving CAPTCHA only (no urlsec query)
[scraper] Attempt 1/1
[scraper] Attempt 1/1
[scraper] Step 1: prehandle
[scraper]   sess: s1mPBjfIgu2zD_rZPbpT...
[scraper] Step 2: getSig
[scraper]   nonce: eda1152f11f1daf0
[scraper] Step 3: downloadImages
[scraper]   bg: 11536 bytes, slice: 5738 bytes
[scraper] Step 4: downloadTdc
[scraper]   tdc source: 207422 chars
[scraper]   TDC_NAME: GCDJAPicKHeHfOBnnYMEdUgUkTnAhOFV
[scraper]   Source hash: 8f1d32beb4fcaa4d
[scraper]   Template: unknown, opcodes: 96
[scraper]   eks: Dxo6cKAVd9f3sPqfCdLg...
[scraper] Step 5: solveSlider
[scraper]   rawOffset: 486
[scraper]   ans: 486,30;
[scraper] Step 6: generateCollect
[scraper]   Chrome profile: 60 cd fields (canonical 59, reordered via 60-slot cdFieldOrder)
[scraper]   collect length: 5336
[scraper] Fetching vm-slide from show page HTML: https://t.captcha.qq.com/vm-slide.e201876f.enc.js
[scraper]   Got live vm-slide (43688 chars)
[scraper] Step 7a: caplog pre-verify beacon
[scraper] Step 7: buildVDataForPost (standalone, browser profile)
[scraper]   vData: P4WtEQzElAbtTxcqsQSUVyp_ILL8*q...
[scraper] Step 8: verify
  [verify] using jQuery prebuilt body, length: 7065
  [verify] Referer: https://t.captcha.qq.com/cap_union_new_show?aid=2046626881&protocol=https&accver...
[scraper]   errorCode: 12, ticket: none
[scraper] Step 9: caplog post-verify beacon
[scraper]   Failed with errorCode 12, retrying...
[scraper] Attempt 1 failed: CAPTCHA verify returned errorCode 12
Error: CAPTCHA solve failed after 1 attempts: CAPTCHA verify returned errorCode 12
--- rc=1 duration=1s ---
=== default attempt 19/30 @ 2026-04-16T07:54:42Z ===
[scraper] Template cache loaded and seeded
[scraper] Default profile loaded
[scraper] jQuery source loaded (96410 chars)
[scraper] vm-slide fallback loaded (43688 chars)
[scraper] vData profile loaded from /home/ubuntu/github.com/tut1vog/reverse-chaosvm/profiles/vdata-browser-default.json
[scraper] Chrome fingerprint profile loaded (59 canonical fields)
[scraper] Init complete
[scraper] Solving CAPTCHA only (no urlsec query)
[scraper] Attempt 1/1
[scraper] Attempt 1/1
[scraper] Step 1: prehandle
[scraper]   sess: s1Isg-snabJYTGkkz-GM...
[scraper] Step 2: getSig
[scraper]   nonce: eda1152f11f1daf0
[scraper] Step 3: downloadImages
[scraper]   bg: 12429 bytes, slice: 3709 bytes
[scraper] Step 4: downloadTdc
[scraper]   tdc source: 197257 chars
[scraper]   TDC_NAME: FVgbJVJYTmGMFSCMcnTkYjmSFkYnESZF
[scraper]   Source hash: daf0c711ccb82124
[scraper]   Template: B, opcodes: 94
[scraper]   eks: LvPIVmO2k51s5FgYoA+1...
[scraper] Step 5: solveSlider
[scraper]   rawOffset: 476
[scraper]   ans: 476,30;
[scraper] Step 6: generateCollect
[scraper]   Chrome profile: 60 cd fields (canonical 59, reordered via 60-slot cdFieldOrder)
[scraper]   collect length: 6424
[scraper] Fetching vm-slide from show page HTML: https://t.captcha.qq.com/vm-slide.e201876f.enc.js
[scraper]   Got live vm-slide (43688 chars)
[scraper] Step 7a: caplog pre-verify beacon
[scraper] Step 7: buildVDataForPost (standalone, browser profile)
[scraper]   vData: -Iq3xF474Ut2Kc98LMr5FL5rJiUIWC...
[scraper] Step 8: verify
  [verify] using jQuery prebuilt body, length: 8217
  [verify] Referer: https://t.captcha.qq.com/cap_union_new_show?aid=2046626881&protocol=https&accver...
[scraper]   errorCode: 12, ticket: none
[scraper] Step 9: caplog post-verify beacon
[scraper]   Failed with errorCode 12, retrying...
[scraper] Attempt 1 failed: CAPTCHA verify returned errorCode 12
Error: CAPTCHA solve failed after 1 attempts: CAPTCHA verify returned errorCode 12
--- rc=1 duration=2s ---
=== default attempt 20/30 @ 2026-04-16T07:54:45Z ===
[scraper] Template cache loaded and seeded
[scraper] Default profile loaded
[scraper] jQuery source loaded (96410 chars)
[scraper] vm-slide fallback loaded (43688 chars)
[scraper] vData profile loaded from /home/ubuntu/github.com/tut1vog/reverse-chaosvm/profiles/vdata-browser-default.json
[scraper] Chrome fingerprint profile loaded (59 canonical fields)
[scraper] Init complete
[scraper] Solving CAPTCHA only (no urlsec query)
[scraper] Attempt 1/1
[scraper] Attempt 1/1
[scraper] Step 1: prehandle
[scraper]   sess: s13-nj8k9PRanajsZifB...
[scraper] Step 2: getSig
[scraper]   nonce: eda1152f11f1daf0
[scraper] Step 3: downloadImages
[scraper]   bg: 25276 bytes, slice: 5193 bytes
[scraper] Step 4: downloadTdc
[scraper]   tdc source: 144440 chars
[scraper]   TDC_NAME: SlVCfKSRjkmVXRnTigehmWSaDkeUUNfk
[scraper]   Source hash: e5341ccb12b78e65
[scraper]   Template: unknown, opcodes: 96
[scraper]   eks: sSBp9QzafGKvOwXu0NfR...
[scraper] Step 5: solveSlider
[scraper]   rawOffset: 492
[scraper]   ans: 492,134;
[scraper] Step 6: generateCollect
[scraper]   Chrome profile: 60 cd fields (canonical 59, reordered via 60-slot cdFieldOrder)
[scraper]   collect length: 6464
[scraper] Fetching vm-slide from show page HTML: https://t.captcha.qq.com/vm-slide.e201876f.enc.js
[scraper]   Got live vm-slide (43688 chars)
[scraper] Step 7a: caplog pre-verify beacon
[scraper] Step 7: buildVDataForPost (standalone, browser profile)
[scraper]   vData: DmNhtOyU*-O2UcKpOHCCxyyLBUjwe4...
[scraper] Step 8: verify
  [verify] using jQuery prebuilt body, length: 8300
  [verify] Referer: https://t.captcha.qq.com/cap_union_new_show?aid=2046626881&protocol=https&accver...
[scraper]   errorCode: 12, ticket: none
[scraper] Step 9: caplog post-verify beacon
[scraper]   Failed with errorCode 12, retrying...
[scraper] Attempt 1 failed: CAPTCHA verify returned errorCode 12
Error: CAPTCHA solve failed after 1 attempts: CAPTCHA verify returned errorCode 12
--- rc=1 duration=2s ---
=== default attempt 21/30 @ 2026-04-16T07:54:48Z ===
[scraper] Template cache loaded and seeded
[scraper] Default profile loaded
[scraper] jQuery source loaded (96410 chars)
[scraper] vm-slide fallback loaded (43688 chars)
[scraper] vData profile loaded from /home/ubuntu/github.com/tut1vog/reverse-chaosvm/profiles/vdata-browser-default.json
[scraper] Chrome fingerprint profile loaded (59 canonical fields)
[scraper] Init complete
[scraper] Solving CAPTCHA only (no urlsec query)
[scraper] Attempt 1/1
[scraper] Attempt 1/1
[scraper] Step 1: prehandle
[scraper]   sess: s1J-gFYP8oTUpPpVewLt...
[scraper] Step 2: getSig
[scraper]   nonce: eda1152f11f1daf0
[scraper] Step 3: downloadImages
[scraper]   bg: 24908 bytes, slice: 5937 bytes
[scraper] Step 4: downloadTdc
[scraper]   tdc source: 203186 chars
[scraper]   TDC_NAME: UAniMSgbcnMTPUjjGcEVEnBCQgkKHVWS
[scraper]   Source hash: 88ebeea62f566ec5
[scraper]   Source hash not in cache — attempting auto-port via pipeline...
[scraper] Auto-porting unknown template: 88ebeea62f566ec5
[scraper] Auto-port failed for 88ebeea62f566ec5: Command failed: /home/ubuntu/.nvm/versions/node/v20.20.0/bin/node /home/ubuntu/github.com/tut1vog/reverse-chaosvm/tools/porting-pipeline/run.js /tmp/tdc-autoport-88ebeea62f566ec5.js --skip-verify

[scraper]   Error: Unknown template (hash=88ebeea62f566ec5), auto-port failed
[scraper] Attempt 1 failed: Unknown template (hash=88ebeea62f566ec5), auto-port failed
Error: CAPTCHA solve failed after 1 attempts: Unknown template (hash=88ebeea62f566ec5), auto-port failed
--- rc=1 duration=2s ---
=== default attempt 22/30 @ 2026-04-16T07:54:51Z ===
[scraper] Template cache loaded and seeded
[scraper] Default profile loaded
[scraper] jQuery source loaded (96410 chars)
[scraper] vm-slide fallback loaded (43688 chars)
[scraper] vData profile loaded from /home/ubuntu/github.com/tut1vog/reverse-chaosvm/profiles/vdata-browser-default.json
[scraper] Chrome fingerprint profile loaded (59 canonical fields)
[scraper] Init complete
[scraper] Solving CAPTCHA only (no urlsec query)
[scraper] Attempt 1/1
[scraper] Attempt 1/1
[scraper] Step 1: prehandle
[scraper]   sess: s15hPhzzefCkxF3frIg8...
[scraper] Step 2: getSig
[scraper]   nonce: eda1152f11f1daf0
[scraper] Step 3: downloadImages
[scraper]   bg: 22270 bytes, slice: 6711 bytes
[scraper] Step 4: downloadTdc
[scraper]   tdc source: 199611 chars
[scraper]   TDC_NAME: BGDfWkdQOJJJTnHCNCnZRJZJSeFRWONJ
[scraper]   Source hash: 3429444f324c6110
[scraper]   Template: unknown, opcodes: 91
[scraper]   eks: Xc/65AGqn7z6F1Y7FEUp...
[scraper] Step 5: solveSlider
[scraper]   rawOffset: 476
[scraper]   ans: 476,38;
[scraper] Step 6: generateCollect
[scraper]   Chrome profile: 60 cd fields (canonical 59, reordered via 60-slot cdFieldOrder)
[scraper]   collect length: 6424
[scraper] Fetching vm-slide from show page HTML: https://t.captcha.qq.com/vm-slide.e201876f.enc.js
[scraper]   Got live vm-slide (43688 chars)
[scraper] Step 7a: caplog pre-verify beacon
[scraper] Step 7: buildVDataForPost (standalone, browser profile)
[scraper]   vData: -Iq3xF474Ut2Kc98LMr5FqdST7f5l5...
[scraper] Step 8: verify
  [verify] using jQuery prebuilt body, length: 8225
  [verify] Referer: https://t.captcha.qq.com/cap_union_new_show?aid=2046626881&protocol=https&accver...
[scraper]   errorCode: 12, ticket: none
[scraper] Step 9: caplog post-verify beacon
[scraper]   Failed with errorCode 12, retrying...
[scraper] Attempt 1 failed: CAPTCHA verify returned errorCode 12
Error: CAPTCHA solve failed after 1 attempts: CAPTCHA verify returned errorCode 12
--- rc=1 duration=1s ---
=== default attempt 23/30 @ 2026-04-16T07:54:53Z ===
[scraper] Template cache loaded and seeded
[scraper] Default profile loaded
[scraper] jQuery source loaded (96410 chars)
[scraper] vm-slide fallback loaded (43688 chars)
[scraper] vData profile loaded from /home/ubuntu/github.com/tut1vog/reverse-chaosvm/profiles/vdata-browser-default.json
[scraper] Chrome fingerprint profile loaded (59 canonical fields)
[scraper] Init complete
[scraper] Solving CAPTCHA only (no urlsec query)
[scraper] Attempt 1/1
[scraper] Attempt 1/1
[scraper] Step 1: prehandle
[scraper]   sess: s1HJInMEoHLsVEL1zMg8...
[scraper] Step 2: getSig
[scraper]   nonce: eda1152f11f1daf0
[scraper] Step 3: downloadImages
[scraper]   bg: 27901 bytes, slice: 9148 bytes
[scraper] Step 4: downloadTdc
[scraper]   tdc source: 202765 chars
[scraper]   TDC_NAME: HhXakMGlnYKgNcBiVFZCDckSRgJKTmgA
[scraper]   Source hash: 27dda893f81dbc4f
[scraper]   Template: unknown, opcodes: 103
[scraper]   eks: BpWBgKqTAYu8j1DPz+5D...
[scraper] Step 5: solveSlider
[scraper]   rawOffset: 489
[scraper]   ans: 489,40;
[scraper] Step 6: generateCollect
[scraper]   Chrome profile: 60 cd fields (canonical 59, reordered via 60-slot cdFieldOrder)
[scraper]   collect length: 6264
[scraper] Fetching vm-slide from show page HTML: https://t.captcha.qq.com/vm-slide.e201876f.enc.js
[scraper]   Got live vm-slide (43688 chars)
[scraper] Step 7a: caplog pre-verify beacon
[scraper] Step 7: buildVDataForPost (standalone, browser profile)
[scraper]   vData: XvOFebMiaDBU2ciBTDCq9dx6DJZQ7B...
[scraper] Step 8: verify
  [verify] using jQuery prebuilt body, length: 8047
  [verify] Referer: https://t.captcha.qq.com/cap_union_new_show?aid=2046626881&protocol=https&accver...
[scraper]   errorCode: 12, ticket: none
[scraper] Step 9: caplog post-verify beacon
[scraper]   Failed with errorCode 12, retrying...
[scraper] Attempt 1 failed: CAPTCHA verify returned errorCode 12
Error: CAPTCHA solve failed after 1 attempts: CAPTCHA verify returned errorCode 12
--- rc=1 duration=2s ---
=== default attempt 24/30 @ 2026-04-16T07:54:56Z ===
[scraper] Template cache loaded and seeded
[scraper] Default profile loaded
[scraper] jQuery source loaded (96410 chars)
[scraper] vm-slide fallback loaded (43688 chars)
[scraper] vData profile loaded from /home/ubuntu/github.com/tut1vog/reverse-chaosvm/profiles/vdata-browser-default.json
[scraper] Chrome fingerprint profile loaded (59 canonical fields)
[scraper] Init complete
[scraper] Solving CAPTCHA only (no urlsec query)
[scraper] Attempt 1/1
[scraper] Attempt 1/1
[scraper] Step 1: prehandle
[scraper]   sess: s1-vwVFTpy7QCneyOetP...
[scraper] Step 2: getSig
[scraper]   nonce: eda1152f11f1daf0
[scraper] Step 3: downloadImages
[scraper]   bg: 28030 bytes, slice: 8161 bytes
[scraper] Step 4: downloadTdc
[scraper]   tdc source: 199611 chars
[scraper]   TDC_NAME: BGDfWkdQOJJJTnHCNCnZRJZJSeFRWONJ
[scraper]   Source hash: 3429444f324c6110
[scraper]   Template: unknown, opcodes: 91
[scraper]   eks: sKaVo9IU6kXVUEP+XKal...
[scraper] Step 5: solveSlider
[scraper]   rawOffset: 518
[scraper]   ans: 518,38;
[scraper] Step 6: generateCollect
[scraper]   Chrome profile: 60 cd fields (canonical 59, reordered via 60-slot cdFieldOrder)
[scraper]   collect length: 6048
[scraper] Fetching vm-slide from show page HTML: https://t.captcha.qq.com/vm-slide.e201876f.enc.js
[scraper]   Got live vm-slide (43688 chars)
[scraper] Step 7a: caplog pre-verify beacon
[scraper] Step 7: buildVDataForPost (standalone, browser profile)
[scraper]   vData: -Iq3xF474Ut2Kc98LMr5Fv95l3*Ccf...
[scraper] Step 8: verify
  [verify] using jQuery prebuilt body, length: 7861
  [verify] Referer: https://t.captcha.qq.com/cap_union_new_show?aid=2046626881&protocol=https&accver...
[scraper]   errorCode: 12, ticket: none
[scraper] Step 9: caplog post-verify beacon
[scraper]   Failed with errorCode 12, retrying...
[scraper] Attempt 1 failed: CAPTCHA verify returned errorCode 12
Error: CAPTCHA solve failed after 1 attempts: CAPTCHA verify returned errorCode 12
--- rc=1 duration=2s ---
=== default attempt 25/30 @ 2026-04-16T07:54:59Z ===
[scraper] Template cache loaded and seeded
[scraper] Default profile loaded
[scraper] jQuery source loaded (96410 chars)
[scraper] vm-slide fallback loaded (43688 chars)
[scraper] vData profile loaded from /home/ubuntu/github.com/tut1vog/reverse-chaosvm/profiles/vdata-browser-default.json
[scraper] Chrome fingerprint profile loaded (59 canonical fields)
[scraper] Init complete
[scraper] Solving CAPTCHA only (no urlsec query)
[scraper] Attempt 1/1
[scraper] Attempt 1/1
[scraper] Step 1: prehandle
[scraper]   sess: s1XN4YCU-D45GmvXQkeS...
[scraper] Step 2: getSig
[scraper]   nonce: eda1152f11f1daf0
[scraper] Step 3: downloadImages
[scraper]   bg: 22294 bytes, slice: 6750 bytes
[scraper] Step 4: downloadTdc
[scraper]   tdc source: 144440 chars
[scraper]   TDC_NAME: SlVCfKSRjkmVXRnTigehmWSaDkeUUNfk
[scraper]   Source hash: e5341ccb12b78e65
[scraper]   Template: unknown, opcodes: 96
[scraper]   eks: U1EdaOtWWeZ9iQPJXh+1...
[scraper] Step 5: solveSlider
[scraper]   rawOffset: 466
[scraper]   ans: 466,32;
[scraper] Step 6: generateCollect
[scraper]   Chrome profile: 60 cd fields (canonical 59, reordered via 60-slot cdFieldOrder)
[scraper]   collect length: 6304
[scraper] Fetching vm-slide from show page HTML: https://t.captcha.qq.com/vm-slide.e201876f.enc.js
[scraper]   Got live vm-slide (43688 chars)
[scraper] Step 7a: caplog pre-verify beacon
[scraper] Step 7: buildVDataForPost (standalone, browser profile)
[scraper]   vData: vcVX2pCJ9i4ZNryyB_g1tJKeEnudFn...
[scraper] Step 8: verify
  [verify] using jQuery prebuilt body, length: 8108
  [verify] Referer: https://t.captcha.qq.com/cap_union_new_show?aid=2046626881&protocol=https&accver...
[scraper]   errorCode: 12, ticket: none
[scraper] Step 9: caplog post-verify beacon
[scraper]   Failed with errorCode 12, retrying...
[scraper] Attempt 1 failed: CAPTCHA verify returned errorCode 12
Error: CAPTCHA solve failed after 1 attempts: CAPTCHA verify returned errorCode 12
--- rc=1 duration=2s ---
=== default attempt 26/30 @ 2026-04-16T07:55:02Z ===
[scraper] Template cache loaded and seeded
[scraper] Default profile loaded
[scraper] jQuery source loaded (96410 chars)
[scraper] vm-slide fallback loaded (43688 chars)
[scraper] vData profile loaded from /home/ubuntu/github.com/tut1vog/reverse-chaosvm/profiles/vdata-browser-default.json
[scraper] Chrome fingerprint profile loaded (59 canonical fields)
[scraper] Init complete
[scraper] Solving CAPTCHA only (no urlsec query)
[scraper] Attempt 1/1
[scraper] Attempt 1/1
[scraper] Step 1: prehandle
[scraper]   sess: s1JkoKLHs9uGzkQNQePJ...
[scraper] Step 2: getSig
[scraper]   nonce: eda1152f11f1daf0
[scraper] Step 3: downloadImages
[scraper]   bg: 12403 bytes, slice: 3793 bytes
[scraper] Step 4: downloadTdc
[scraper]   tdc source: 144440 chars
[scraper]   TDC_NAME: SlVCfKSRjkmVXRnTigehmWSaDkeUUNfk
[scraper]   Source hash: e5341ccb12b78e65
[scraper]   Template: unknown, opcodes: 96
[scraper]   eks: NAI/PxWcKgqdBucq+XUg...
[scraper] Step 5: solveSlider
[scraper]   rawOffset: 456
[scraper]   ans: 456,30;
[scraper] Step 6: generateCollect
[scraper]   Chrome profile: 60 cd fields (canonical 59, reordered via 60-slot cdFieldOrder)
[scraper]   collect length: 6560
[scraper] Fetching vm-slide from show page HTML: https://t.captcha.qq.com/vm-slide.e201876f.enc.js
[scraper]   Got live vm-slide (43688 chars)
[scraper] Step 7a: caplog pre-verify beacon
[scraper] Step 7: buildVDataForPost (standalone, browser profile)
[scraper]   vData: iJzWWSQA6AB3H1MgulBNIS*r6_TaPe...
[scraper] Step 8: verify
  [verify] using jQuery prebuilt body, length: 8419
  [verify] Referer: https://t.captcha.qq.com/cap_union_new_show?aid=2046626881&protocol=https&accver...
[scraper]   errorCode: 12, ticket: none
[scraper] Step 9: caplog post-verify beacon
[scraper]   Failed with errorCode 12, retrying...
[scraper] Attempt 1 failed: CAPTCHA verify returned errorCode 12
Error: CAPTCHA solve failed after 1 attempts: CAPTCHA verify returned errorCode 12
--- rc=1 duration=2s ---
=== default attempt 27/30 @ 2026-04-16T07:55:05Z ===
[scraper] Template cache loaded and seeded
[scraper] Default profile loaded
[scraper] jQuery source loaded (96410 chars)
[scraper] vm-slide fallback loaded (43688 chars)
[scraper] vData profile loaded from /home/ubuntu/github.com/tut1vog/reverse-chaosvm/profiles/vdata-browser-default.json
[scraper] Chrome fingerprint profile loaded (59 canonical fields)
[scraper] Init complete
[scraper] Solving CAPTCHA only (no urlsec query)
[scraper] Attempt 1/1
[scraper] Attempt 1/1
[scraper] Step 1: prehandle
[scraper]   sess: s1NLCjv2swyOpHF4b5fw...
[scraper] Step 2: getSig
[scraper]   nonce: eda1152f11f1daf0
[scraper] Step 3: downloadImages
[scraper]   bg: 15328 bytes, slice: 5241 bytes
[scraper] Step 4: downloadTdc
[scraper]   tdc source: 197545 chars
[scraper]   TDC_NAME: dNiffQDBnfBhFYVHJUXMVbRchmDEmPaH
[scraper]   Source hash: f53142c54fc43699
[scraper]   Source hash not in cache — attempting auto-port via pipeline...
[scraper] Auto-porting unknown template: f53142c54fc43699
[scraper] Auto-port failed for f53142c54fc43699: Command failed: /home/ubuntu/.nvm/versions/node/v20.20.0/bin/node /home/ubuntu/github.com/tut1vog/reverse-chaosvm/tools/porting-pipeline/run.js /tmp/tdc-autoport-f53142c54fc43699.js --skip-verify

[scraper]   Error: Unknown template (hash=f53142c54fc43699), auto-port failed
[scraper] Attempt 1 failed: Unknown template (hash=f53142c54fc43699), auto-port failed
Error: CAPTCHA solve failed after 1 attempts: Unknown template (hash=f53142c54fc43699), auto-port failed
--- rc=1 duration=1s ---
=== default attempt 28/30 @ 2026-04-16T07:55:07Z ===
[scraper] Template cache loaded and seeded
[scraper] Default profile loaded
[scraper] jQuery source loaded (96410 chars)
[scraper] vm-slide fallback loaded (43688 chars)
[scraper] vData profile loaded from /home/ubuntu/github.com/tut1vog/reverse-chaosvm/profiles/vdata-browser-default.json
[scraper] Chrome fingerprint profile loaded (59 canonical fields)
[scraper] Init complete
[scraper] Solving CAPTCHA only (no urlsec query)
[scraper] Attempt 1/1
[scraper] Attempt 1/1
[scraper] Step 1: prehandle
[scraper]   sess: s1Ilsn27IbpfK1jCfIkh...
[scraper] Step 2: getSig
[scraper]   nonce: eda1152f11f1daf0
[scraper] Step 3: downloadImages
[scraper]   bg: 22300 bytes, slice: 6301 bytes
[scraper] Step 4: downloadTdc
[scraper]   tdc source: 203186 chars
[scraper]   TDC_NAME: UAniMSgbcnMTPUjjGcEVEnBCQgkKHVWS
[scraper]   Source hash: 88ebeea62f566ec5
[scraper]   Source hash not in cache — attempting auto-port via pipeline...
[scraper] Auto-porting unknown template: 88ebeea62f566ec5
[scraper] Auto-port failed for 88ebeea62f566ec5: Command failed: /home/ubuntu/.nvm/versions/node/v20.20.0/bin/node /home/ubuntu/github.com/tut1vog/reverse-chaosvm/tools/porting-pipeline/run.js /tmp/tdc-autoport-88ebeea62f566ec5.js --skip-verify

[scraper]   Error: Unknown template (hash=88ebeea62f566ec5), auto-port failed
[scraper] Attempt 1 failed: Unknown template (hash=88ebeea62f566ec5), auto-port failed
Error: CAPTCHA solve failed after 1 attempts: Unknown template (hash=88ebeea62f566ec5), auto-port failed
--- rc=1 duration=2s ---
=== default attempt 29/30 @ 2026-04-16T07:55:10Z ===
[scraper] Template cache loaded and seeded
[scraper] Default profile loaded
[scraper] jQuery source loaded (96410 chars)
[scraper] vm-slide fallback loaded (43688 chars)
[scraper] vData profile loaded from /home/ubuntu/github.com/tut1vog/reverse-chaosvm/profiles/vdata-browser-default.json
[scraper] Chrome fingerprint profile loaded (59 canonical fields)
[scraper] Init complete
[scraper] Solving CAPTCHA only (no urlsec query)
[scraper] Attempt 1/1
[scraper] Attempt 1/1
[scraper] Step 1: prehandle
[scraper]   sess: s1Y45ZIVF9Rj4X1PxopN...
[scraper] Step 2: getSig
[scraper]   nonce: eda1152f11f1daf0
[scraper] Step 3: downloadImages
[scraper]   bg: 15318 bytes, slice: 5974 bytes
[scraper] Step 4: downloadTdc
[scraper]   tdc source: 161122 chars
[scraper]   TDC_NAME: gUbSKiHCiVNcdeXaKTECbTOEkdOclkcR
[scraper]   Source hash: 02fd132edb24a8c1
[scraper]   Template: C, opcodes: 100
[scraper]   eks: MBwbrHH3Maibj/lzLN0i...
[scraper] Step 5: solveSlider
[scraper]   rawOffset: 485
[scraper]   ans: 485,122;
[scraper] Step 6: generateCollect
[scraper]   Chrome profile: 60 cd fields (canonical 59, reordered via 60-slot cdFieldOrder)
[scraper]   collect length: 6200
[scraper] Fetching vm-slide from show page HTML: https://t.captcha.qq.com/vm-slide.e201876f.enc.js
[scraper]   Got live vm-slide (43688 chars)
[scraper] Step 7a: caplog pre-verify beacon
[scraper] Step 7: buildVDataForPost (standalone, browser profile)
[scraper]   vData: KsAG-bRvvM8_4iVIzk53EJikX5Owg*...
[scraper] Step 8: verify
  [verify] using jQuery prebuilt body, length: 8008
  [verify] Referer: https://t.captcha.qq.com/cap_union_new_show?aid=2046626881&protocol=https&accver...
[scraper]   errorCode: 12, ticket: none
[scraper] Step 9: caplog post-verify beacon
[scraper]   Failed with errorCode 12, retrying...
[scraper] Attempt 1 failed: CAPTCHA verify returned errorCode 12
Error: CAPTCHA solve failed after 1 attempts: CAPTCHA verify returned errorCode 12
--- rc=1 duration=2s ---
=== default attempt 30/30 @ 2026-04-16T07:55:13Z ===
[scraper] Template cache loaded and seeded
[scraper] Default profile loaded
[scraper] jQuery source loaded (96410 chars)
[scraper] vm-slide fallback loaded (43688 chars)
[scraper] vData profile loaded from /home/ubuntu/github.com/tut1vog/reverse-chaosvm/profiles/vdata-browser-default.json
[scraper] Chrome fingerprint profile loaded (59 canonical fields)
[scraper] Init complete
[scraper] Solving CAPTCHA only (no urlsec query)
[scraper] Attempt 1/1
[scraper] Attempt 1/1
[scraper] Step 1: prehandle
[scraper]   sess: s1VKRlpTdju_ro8pS5jQ...
[scraper] Step 2: getSig
[scraper]   nonce: eda1152f11f1daf0
[scraper] Step 3: downloadImages
[scraper]   bg: 12435 bytes, slice: 4339 bytes
[scraper] Step 4: downloadTdc
[scraper]   tdc source: 203186 chars
[scraper]   TDC_NAME: UAniMSgbcnMTPUjjGcEVEnBCQgkKHVWS
[scraper]   Source hash: 88ebeea62f566ec5
[scraper]   Source hash not in cache — attempting auto-port via pipeline...
[scraper] Auto-porting unknown template: 88ebeea62f566ec5
[scraper] Auto-port failed for 88ebeea62f566ec5: Command failed: /home/ubuntu/.nvm/versions/node/v20.20.0/bin/node /home/ubuntu/github.com/tut1vog/reverse-chaosvm/tools/porting-pipeline/run.js /tmp/tdc-autoport-88ebeea62f566ec5.js --skip-verify

[scraper]   Error: Unknown template (hash=88ebeea62f566ec5), auto-port failed
[scraper] Attempt 1 failed: Unknown template (hash=88ebeea62f566ec5), auto-port failed
Error: CAPTCHA solve failed after 1 attempts: Unknown template (hash=88ebeea62f566ec5), auto-port failed
--- rc=1 duration=1s ---
