[curl-tls] Starting 15 attempts, rotating across 5 TLS profiles
[curl-tls] --- Attempt 1 | profile=chrome99 ---
[curl-tls] Step 1: prehandle
[curl-tls]   sess: s1yeXDOl9hymyyZ65qYB...
[curl-tls] Step 2: getSig (show page)
[curl-tls]   nonce: eda1152f11f1daf0
[curl-tls]   dcFileName: tdc.js?app_data=7450542853665460224&t=1027168325&appid=2046626881&js_data=d045kC50NiV9zM3X863i6DbaFGNxV-ZS1nxvb4eIGGsMQKCO6YXtpoQakrOkTgNopra6hcS76sv4v5sTWgyz5FaY9GXfvD31gyXjbaddfRybaqlQkUTyKJhXG1gBx1oZaWxbuG9Ci9XrYB62CzIiOgRzFKiO6CYd9Af&a=b?t=1776347840
[curl-tls] Step 2b: downloadTdc
[curl-tls]   tdc source: 161122 chars
[curl-tls]   TDC_NAME: gUbSKiHCiVNcdeXaKTECbTOEkdOclkcR
[curl-tls]   Source hash: 02fd132edb24a8c1
[curl-tls]   Template: C, opcodes: 100
[curl-tls]   eks: a/iFqjJA9TZATwWvaiAC...
[curl-tls] Step 3: downloadImages
[curl-tls]   bg: 20523 bytes, slice: 6771 bytes
[curl-tls] Step 4: solveSlider
[curl-tls]   rawOffset: 479
[curl-tls]   ans: 479,98;
[curl-tls] Step 5: generateCollect
[curl-tls]   collect length: 6284
[curl-tls] Step 6: build POST fields + vData
[curl-tls]   vData: -Iq3xF474Ut2Kc98LMr5FqDUI_LiJi...
[curl-tls] Step 7: verify
[curl-tls]   errorCode: -1, ticket: t03tserverW3JKWgt8MqoPNDmrR2fF...
[curl-tls] Waiting 3 seconds...
[curl-tls] --- Attempt 2 | profile=chrome110 ---
[curl-tls] Step 1: prehandle
[curl-tls]   sess: s1avagJs_vzH5Cd6HwuZ...
[curl-tls] Step 2: getSig (show page)
[curl-tls]   nonce: eda1152f11f1daf0
[curl-tls]   dcFileName: tdc.js?app_data=7450542872829083648&t=1566004940&appid=2046626881&js_data=d04sJUwbGg4Y26n1ca1SjneyXaK_3Oik2c5O2I558l4ka4DyFggVDHX2I2nRj2UM1qHdgM66B4zTrC-HFoUV-lNc43ZL-5zlJXTHbGpojXkGS6pqWO32kniXsrjL3paaoTmXRhXv53qpuEBCTcH4qUhhw7pXlK_A7Oy&a=b?t=1776347845
[curl-tls] Step 2b: downloadTdc
[curl-tls]   tdc source: 207422 chars
[curl-tls]   TDC_NAME: GCDJAPicKHeHfOBnnYMEdUgUkTnAhOFV
[curl-tls]   Source hash: 8f1d32beb4fcaa4d
[curl-tls]   Template: unknown, opcodes: 96
[curl-tls]   eks: f4N5ZFtst3QIm6EtVhp9...
[curl-tls] Step 3: downloadImages
[curl-tls]   bg: 15538 bytes, slice: 4270 bytes
[curl-tls] Step 4: solveSlider
[curl-tls]   rawOffset: 523
[curl-tls]   ans: 523,30;
[curl-tls] Step 5: generateCollect
[curl-tls]   collect length: 5496
[curl-tls] Step 6: build POST fields + vData
[curl-tls]   vData: -Iq3xF474Ut2Kc98LMr5FqWo8uizEj...
[curl-tls] Step 7: verify
[curl-tls]   errorCode: -1, ticket: t03tserverh8F73AVpO6KT47SUpM0s...
[curl-tls] Waiting 3 seconds...
[curl-tls] --- Attempt 3 | profile=chrome116 ---
[curl-tls] Step 1: prehandle
[curl-tls]   sess: s1Qj6pRjC4adTY_UEVOz...
[curl-tls] Step 2: getSig (show page)
[curl-tls]   nonce: eda1152f11f1daf0
[curl-tls]   dcFileName: tdc.js?app_data=7450542891819266048&t=1440065589&appid=2046626881&js_data=d04hpGma_Gnhi26-sRBg4nEkZynoFVBIEHimEggci_hlvErqMfTvF0p5yIrCC7E3P7EUnDU7b16n7OXnOfS93OgKczwkUSvBtM9QXC7WC5ABmH6VB-pHvd48AbRSz2p4f0daxs95FVgXZUs_3S7s5colMSkdDfuLu1r&a=b?t=1776347849
[curl-tls] Step 2b: downloadTdc
[curl-tls]   tdc source: 144440 chars
[curl-tls]   TDC_NAME: SlVCfKSRjkmVXRnTigehmWSaDkeUUNfk
[curl-tls]   Source hash: e5341ccb12b78e65
[curl-tls]   Template: unknown, opcodes: 96
[curl-tls]   eks: 7qeUwzIa+waNWfq7wd3+...
[curl-tls] Step 3: downloadImages
[curl-tls]   bg: 13727 bytes, slice: 5242 bytes
[curl-tls] Step 4: solveSlider
[curl-tls]   rawOffset: 464
[curl-tls]   ans: 464,81;
[curl-tls] Step 5: generateCollect
[curl-tls]   collect length: 6336
[curl-tls] Step 6: build POST fields + vData
[curl-tls]   vData: -Iq3xF474Ut2Kc98LMr5Fxhckloj0-...
[curl-tls] Step 7: verify
[curl-tls]   errorCode: -1, ticket: t03tserveriFMZXpTVY0sLH2TFFbsn...
[curl-tls] Waiting 3 seconds...
[curl-tls] --- Attempt 4 | profile=safari15_3 ---
[curl-tls] Step 1: prehandle
[curl-tls]   sess: s12sz6diAsJyJXiGcNlO...
[curl-tls] Step 2: getSig (show page)
[curl-tls]   nonce: eda1152f11f1daf0
[curl-tls]   dcFileName: tdc.js?app_data=7450542910691217408&t=1419697202&appid=2046626881&js_data=d04ASU4gwBorCa3wRK9fjFj7xBxS5Wqlc2RO5egYQTcC-K2Ijc8dH0jQt9pc9qmumSn7irU0wfoK97GKevkEqPoG8-fW4cwvkjTsQJMqjZLSJ_ZWPfih53GMPUJI-z8mLXssbXKTiwJDCZmVad3geZ7KLN-XcY4fJsk&a=b?t=1776347854
[curl-tls] Step 2b: downloadTdc
[curl-tls]   tdc source: 129582 chars
[curl-tls]   TDC_NAME: XcabTONObCYZeEGNPRmPGBQbTmYKEAHj
[curl-tls]   Source hash: e6a45ba64d246f82
[curl-tls]   Template: unknown, opcodes: 98
[curl-tls]   eks: MZuNqjjM0Ci9ajFskj47...
[curl-tls] Step 3: downloadImages
[curl-tls]   bg: 11579 bytes, slice: 5512 bytes
[curl-tls] Step 4: solveSlider
[curl-tls]   rawOffset: 500
[curl-tls]   ans: 500,54;
[curl-tls] Step 5: generateCollect
[curl-tls]   collect length: 6380
[curl-tls] Step 6: build POST fields + vData
[curl-tls]   vData: hUDp9UaRBR-7Ie3-6rhrvu-A11C1Jj...
[curl-tls] Step 7: verify
[curl-tls]   errorCode: -1, ticket: t03tserverA6kRESQCOv-6UpfC5_Xl...
[curl-tls] Waiting 3 seconds...
[curl-tls] --- Attempt 5 | profile=safari15_5 ---
[curl-tls] Step 1: prehandle
[curl-tls]   sess: s1m8yjM_MOnaZ_XHx-uY...
[curl-tls] Step 2: getSig (show page)
[curl-tls]   nonce: eda1152f11f1daf0
[curl-tls]   dcFileName: tdc.js?app_data=7450542929749983232&t=1538256114&appid=2046626881&js_data=d04SnawzpzHnHT3i6cudzVuj1rfAIHZrQC2WRJb0zTfEwS1LbfSvhfHTb4JtQULI0stVsI4NRcr-LDzyNalza7xv1esXfdDXH9oCUYoxhGGCdPWVqWRLhE5hZS0Cy_r6hFWm-60VVeSqkxMflC64gZWBTz2US1NRS0n&a=b?t=1776347859
[curl-tls] Step 2b: downloadTdc
[curl-tls]   tdc source: 202765 chars
[curl-tls]   TDC_NAME: HhXakMGlnYKgNcBiVFZCDckSRgJKTmgA
[curl-tls]   Source hash: 27dda893f81dbc4f
[curl-tls]   Template: unknown, opcodes: 103
[curl-tls]   eks: tSv9MK/3UmoAp6+SCrxv...
[curl-tls] Step 3: downloadImages
[curl-tls]   bg: 25005 bytes, slice: 5765 bytes
[curl-tls] Step 4: solveSlider
[curl-tls]   rawOffset: 452
[curl-tls]   ans: 452,30;
[curl-tls] Step 5: generateCollect
[curl-tls]   collect length: 6040
[curl-tls] Step 6: build POST fields + vData
[curl-tls]   vData: DmNhtOyU*-Ek-_5wQOkKpK0b2telKM...
[curl-tls] Step 7: verify
[curl-tls]   errorCode: -1, ticket: t03tserveri7FiimUelUblVwz7gvua...
[curl-tls] Waiting 3 seconds...
[curl-tls] --- Attempt 6 | profile=chrome99 ---
[curl-tls] Step 1: prehandle
[curl-tls]   sess: s1qzjsNhgXJXLdWzBsLT...
[curl-tls] Step 2: getSig (show page)
[curl-tls]   nonce: eda1152f11f1daf0
[curl-tls]   dcFileName: tdc.js?app_data=7450542948889329664&t=1065567371&appid=2046626881&js_data=d04Oro_YKts53ZKSz0vjfwxNJ_RFwcYbCMZc1aBWRzVJqALbXWDgmNu8BziKj96beOaBo0ca8mvqHlYBgh_1sgDS7xrgZG2NChsKM9E5Rc2gcn1FB8Ia_ju6Q8euU_0bB7r8GIjZj4-kOgOxJxOJRmbQaD4RW2i34f1&a=b?t=1776347863
[curl-tls] Step 2b: downloadTdc
[curl-tls]   tdc source: 161122 chars
[curl-tls]   TDC_NAME: gUbSKiHCiVNcdeXaKTECbTOEkdOclkcR
[curl-tls]   Source hash: 02fd132edb24a8c1
[curl-tls]   Template: C, opcodes: 100
[curl-tls]   eks: curA0nytHQY8aobBTPLU...
[curl-tls] Step 3: downloadImages
[curl-tls]   bg: 28006 bytes, slice: 8285 bytes
[curl-tls] Step 4: solveSlider
[curl-tls]   rawOffset: 523
[curl-tls]   ans: 523,30;
[curl-tls] Step 5: generateCollect
[curl-tls]   collect length: 6464
[curl-tls] Step 6: build POST fields + vData
[curl-tls]   vData: VueBKpkQNbhk8PJ_PeBGUsDygdVqW6...
[curl-tls] Step 7: verify
[curl-tls]   errorCode: -1, ticket: t03tserveraRhwtCIQCDAqbKxM2ag6...
[curl-tls] Waiting 3 seconds...
[curl-tls] --- Attempt 7 | profile=chrome110 ---
[curl-tls] Step 1: prehandle
[curl-tls]   sess: s1iA-tiL9HLBN8bJlyy9...
[curl-tls] Step 2: getSig (show page)
[curl-tls]   nonce: eda1152f11f1daf0
[curl-tls]   dcFileName: tdc.js?app_data=7450542968141185024&t=1513302236&appid=2046626881&js_data=d04r0dAR2rxTpl2fOunplCCVFXozZ8K7xgTumTYhBNeqyrJCOM8ZsHWFMApprJc1oEcslrrF2MTd25QW3lgOdQCjA3Yq41rrUAnN14XB_ZLfzJ51yQjl-adM04vgMKjL2X_MGqmJHtkI_dg5jQm-OUvGKTzHO0-KOTr&a=b?t=1776347868
[curl-tls] Step 2b: downloadTdc
[curl-tls]   tdc source: 203186 chars
[curl-tls]   TDC_NAME: UAniMSgbcnMTPUjjGcEVEnBCQgkKHVWS
[curl-tls]   Source hash: 88ebeea62f566ec5
[curl-tls]   Source hash not in cache — skipping (unknown template)
[curl-tls]   ERROR: Unknown template (hash=88ebeea62f566ec5)
[curl-tls] Waiting 3 seconds...
[curl-tls] --- Attempt 8 | profile=chrome116 ---
[curl-tls] Step 1: prehandle
[curl-tls]   sess: s1TRV589UVsr2YUJ68sX...
[curl-tls] Step 2: getSig (show page)
[curl-tls]   nonce: eda1152f11f1daf0
[curl-tls]   dcFileName: tdc.js?app_data=7450542983225733120&t=1992055494&appid=2046626881&js_data=d044lewwf5fNxicm63fgSye8-dl1SSB5vrKJ4KIX-QULRY0KCOmNfk1ii16iKlnAuUiouE4ABXMp4RSaS_jjM8kq139X1W2EJhac8IqZigZUVpd2qTrUID0PVtbLJMg_pKdTw2S3zRcmwXBPPpmezX3qOuz_GeE3-sm&a=b?t=1776347871
[curl-tls] Step 2b: downloadTdc
[curl-tls]   tdc source: 144440 chars
[curl-tls]   TDC_NAME: SlVCfKSRjkmVXRnTigehmWSaDkeUUNfk
[curl-tls]   Source hash: e5341ccb12b78e65
[curl-tls]   Template: unknown, opcodes: 96
[curl-tls]   eks: UYM41D3MsFV09Pl3Fa7I...
[curl-tls] Step 3: downloadImages
[curl-tls]   bg: 22236 bytes, slice: 7437 bytes
[curl-tls] Step 4: solveSlider
[curl-tls]   rawOffset: 480
[curl-tls]   ans: 480,36;
[curl-tls] Step 5: generateCollect
[curl-tls]   collect length: 6424
[curl-tls] Step 6: build POST fields + vData
[curl-tls]   vData: TVNtVnOFowaDlWNBOr35OnZ08Jt86v...
[curl-tls] Step 7: verify
[curl-tls]   errorCode: -1, ticket: t03tservertmbdHLq7osD1w0W6usxg...
[curl-tls] Waiting 3 seconds...
[curl-tls] --- Attempt 9 | profile=safari15_3 ---
[curl-tls] Step 1: prehandle
[curl-tls]   sess: s1cpaiIqvz9et390wbY9...
[curl-tls] Step 2: getSig (show page)
[curl-tls]   nonce: eda1152f11f1daf0
[curl-tls]   dcFileName: tdc.js?app_data=7450543002158821376&t=45348674&appid=2046626881&js_data=d04X2Q7EhFgoofviCyI9GMkUU4NZvsu4Jc3uuixbiUyVVElKTAxzuy5DGEIlrI0Bz8MTeXX7usuxpmkVjGDC_OJx_uYvSf_csunhZRLdW2PBq_cti2WLBN7I3UXDGpFXAHzW-no7-1EcZSE-F-i-sVgqP9l5Kt-hP1N&a=b?t=1776347876
[curl-tls] Step 2b: downloadTdc
[curl-tls]   tdc source: 197257 chars
[curl-tls]   TDC_NAME: FVgbJVJYTmGMFSCMcnTkYjmSFkYnESZF
[curl-tls]   Source hash: daf0c711ccb82124
[curl-tls]   Template: B, opcodes: 94
[curl-tls]   eks: nDmDIZYMd76xfduWcwMH...
[curl-tls] Step 3: downloadImages
[curl-tls]   bg: 25383 bytes, slice: 4882 bytes
[curl-tls] Step 4: solveSlider
[curl-tls]   rawOffset: 478
[curl-tls]   ans: 478,93;
[curl-tls] Step 5: generateCollect
[curl-tls]   collect length: 6316
[curl-tls] Step 6: build POST fields + vData
[curl-tls]   vData: VueBKpkQNbhk8PJ_PeBGUsDygdVqW6...
[curl-tls] Step 7: verify
[curl-tls]   errorCode: -1, ticket: t03tserverLTP7aIZCzC6bkvnBVxeS...
[curl-tls] Waiting 3 seconds...
[curl-tls] --- Attempt 10 | profile=safari15_5 ---
[curl-tls] Step 1: prehandle
[curl-tls]   sess: s1rriSoW-UTvEiKwRkDV...
[curl-tls] Step 2: getSig (show page)
[curl-tls]   nonce: eda1152f11f1daf0
[curl-tls]   dcFileName: tdc.js?app_data=7450543021410725888&t=1481217407&appid=2046626881&js_data=d04nE53ENOWo2qmhJzefe4tmNJLDQh3BYDWKhnev6_0KN-Ts3ZldzmZggkIDuixlktsGBbmvjccvsPzfcKGMzbY0Rb-FdksZC0tuUIO9ECGy_9BnxOiw_adn0Qi9rDS2K1skce0xxXaZ1PSUSfQKQgcSDngQcufKR5d&a=b?t=1776347880
[curl-tls] Step 2b: downloadTdc
[curl-tls]   tdc source: 199611 chars
[curl-tls]   TDC_NAME: BGDfWkdQOJJJTnHCNCnZRJZJSeFRWONJ
[curl-tls]   Source hash: 3429444f324c6110
[curl-tls]   Template: unknown, opcodes: 91
[curl-tls]   eks: X3XBQfHdAZWR0vlNYOxV...
[curl-tls] Step 3: downloadImages
[curl-tls]   bg: 11534 bytes, slice: 6327 bytes
[curl-tls] Step 4: solveSlider
[curl-tls]   rawOffset: 470
[curl-tls]   ans: 470,36;
[curl-tls] Step 5: generateCollect
[curl-tls]   collect length: 6368
[curl-tls] Step 6: build POST fields + vData
[curl-tls]   vData: LZoHE-8KshuTOBNTUyz5NGGVWDH4_i...
[curl-tls] Step 7: verify
[curl-tls]   errorCode: -1, ticket: t03tserverWnrHMjr_AOuPLJI0sG9V...
[curl-tls] Waiting 3 seconds...
[curl-tls] --- Attempt 11 | profile=chrome99 ---
[curl-tls] Step 1: prehandle
[curl-tls]   sess: s1ZVx-HnbxCQ8R22Cu7S...
[curl-tls] Step 2: getSig (show page)
[curl-tls]   nonce: eda1152f11f1daf0
[curl-tls]   dcFileName: tdc.js?app_data=7450543040379097088&t=105459725&appid=2046626881&js_data=d04S9kwi1jpIERydNs_sflwfTliOhUbkoKmsJGhZs3HoOH0avmI9V4dg6-W_QW33tgN1JPNp48-SuQhO2nrCW9KY51p2rHuE4Ll2tdbhj0hSo8SAiNMzAltgDbZZNUuzMfT0HfRX_mtf2fy8xXJWCl67BryfeyYBkIl&a=b?t=1776347885
[curl-tls] Step 2b: downloadTdc
[curl-tls]   tdc source: 197257 chars
[curl-tls]   TDC_NAME: FVgbJVJYTmGMFSCMcnTkYjmSFkYnESZF
[curl-tls]   Source hash: daf0c711ccb82124
[curl-tls]   Template: B, opcodes: 94
[curl-tls]   eks: oMZFMdWptL/meMLmavOH...
[curl-tls] Step 3: downloadImages
[curl-tls]   bg: 27988 bytes, slice: 8117 bytes
[curl-tls] Step 4: solveSlider
[curl-tls]   rawOffset: 511
[curl-tls]   ans: 511,30;
[curl-tls] Step 5: generateCollect
[curl-tls]   collect length: 6252
[curl-tls] Step 6: build POST fields + vData
[curl-tls]   vData: -WQ-SIeKizgowiJztUlztJKPybmiPW...
[curl-tls] Step 7: verify
[curl-tls]   errorCode: 12, ticket: none
[curl-tls] Waiting 3 seconds...
[curl-tls] --- Attempt 12 | profile=chrome110 ---
[curl-tls] Step 1: prehandle
[curl-tls]   sess: s12uhEgYPAh5yqEPd8Fu...
[curl-tls] Step 2: getSig (show page)
[curl-tls]   nonce: eda1152f11f1daf0
[curl-tls]   dcFileName: tdc.js?app_data=7450543059216302080&t=310366035&appid=2046626881&js_data=d04nTEybzs35ho3EXWCrWlca8ZurxJN486w-cgNm4HTzhcuFa8qCfYKOl8EX9BeNyTOw4KJfhiFVJNwnH6yUf1xQyQHiD7zfN9Tg2FYOOLRtG7-hEp7rneQfZhH3jZMWMN0Ips-29Q6OfK1KtiKlT02xEc_uC14X37h&a=b?t=1776347889
[curl-tls] Step 2b: downloadTdc
[curl-tls]   tdc source: 202765 chars
[curl-tls]   TDC_NAME: HhXakMGlnYKgNcBiVFZCDckSRgJKTmgA
[curl-tls]   Source hash: 27dda893f81dbc4f
[curl-tls]   Template: unknown, opcodes: 103
[curl-tls]   eks: 7wRD5ObrzlHVavY7um2t...
[curl-tls] Step 3: downloadImages
[curl-tls]   bg: 27969 bytes, slice: 8190 bytes
[curl-tls] Step 4: solveSlider
[curl-tls]   rawOffset: 506
[curl-tls]   ans: 506,85;
[curl-tls] Step 5: generateCollect
[curl-tls]   collect length: 6424
[curl-tls] Step 6: build POST fields + vData
[curl-tls]   vData: VueBKpkQNbhk8PJ_PeBGU6u*hvkJW-...
[curl-tls] Step 7: verify
[curl-tls]   errorCode: 12, ticket: none
[curl-tls] Waiting 3 seconds...
[curl-tls] --- Attempt 13 | profile=chrome116 ---
[curl-tls] Step 1: prehandle
[curl-tls]   sess: s1hj01zzJG0WhogAxR_1...
[curl-tls] Step 2: getSig (show page)
[curl-tls]   nonce: eda1152f11f1daf0
[curl-tls]   dcFileName: tdc.js?app_data=7450543078324813824&t=2091936262&appid=2046626881&js_data=d04DLP0rfGGlZbOSlzqmnFgncKG1UkWpy6TQcPcOrKZTaKmM_Yn5uVJ4IZD4z6BDwhdMGWJEFVq_eZHwtjcid3FsChD94FVIdGRTn_F0LsolqhjszAnZjOG7inOXvehZxSdgxF60SRUKmajyIcUvaNR_JqwiR3jxmtr&a=b?t=1776347894
[curl-tls] Step 2b: downloadTdc
[curl-tls]   tdc source: 197545 chars
[curl-tls]   TDC_NAME: dNiffQDBnfBhFYVHJUXMVbRchmDEmPaH
[curl-tls]   Source hash: f53142c54fc43699
[curl-tls]   Source hash not in cache — skipping (unknown template)
[curl-tls]   ERROR: Unknown template (hash=f53142c54fc43699)
[curl-tls] Waiting 3 seconds...
[curl-tls] --- Attempt 14 | profile=safari15_3 ---
[curl-tls] Step 1: prehandle
[curl-tls]   sess: s1r283mBlWc51BjJZtaZ...
[curl-tls] Step 2: getSig (show page)
[curl-tls]   nonce: eda1152f11f1daf0
[curl-tls]   dcFileName: tdc.js?app_data=7450543093603086336&t=102546112&appid=2046626881&js_data=d047rlxP3GMEreW-f_KLRQQ48yvua-zC9dQjQMqhQgaC9b9kaJTu1QKZ7wnsKGuhrgvn9ewDHbjdyEEWbGwLW4DH8tIMoz7c9Op9J0hcc9WAmG3OohKNVpU-fzbDlncMiOXkvuxA2S7NK95qDOMTvcwzERDVZDilslq&a=b?t=1776347898
[curl-tls] Step 2b: downloadTdc
[curl-tls]   tdc source: 161122 chars
[curl-tls]   TDC_NAME: gUbSKiHCiVNcdeXaKTECbTOEkdOclkcR
[curl-tls]   Source hash: 02fd132edb24a8c1
[curl-tls]   Template: C, opcodes: 100
[curl-tls]   eks: yVP4TfZn9m7qPrRF2hiJ...
[curl-tls] Step 3: downloadImages
[curl-tls]   bg: 11583 bytes, slice: 5257 bytes
[curl-tls] Step 4: solveSlider
[curl-tls]   rawOffset: 480
[curl-tls]   ans: 480,70;
[curl-tls] Step 5: generateCollect
[curl-tls]   collect length: 6136
[curl-tls] Step 6: build POST fields + vData
[curl-tls]   vData: VueBKpkQNbhk8PJ_PeBGUmxP5ONA_y...
[curl-tls] Step 7: verify
[curl-tls]   errorCode: 12, ticket: none
[curl-tls] Waiting 3 seconds...
[curl-tls] --- Attempt 15 | profile=safari15_5 ---
[curl-tls] Step 1: prehandle
[curl-tls]   sess: s1mCADFQcj3E-Jx0X8w9...
[curl-tls] Step 2: getSig (show page)
[curl-tls]   nonce: eda1152f11f1daf0
[curl-tls]   dcFileName: tdc.js?app_data=7450543112018395136&t=1596892582&appid=2046626881&js_data=d04D0FyjBUvhTUF1aqZQGLECuxowp5XJgtsg1VNiVLtqWfJwx5rY1rwr0MTWHQ2rry5Ws8OCl26FPdS2LdT0b8RhNrXmcgjOU21znoXw_SsgKwLVnqwR0fDxNHMY5eqhuMEk3XmXEZ4Smer-y3hQktRBXylTqJEqc1c&a=b?t=1776347902
[curl-tls] Step 2b: downloadTdc
[curl-tls]   tdc source: 197257 chars
[curl-tls]   TDC_NAME: FVgbJVJYTmGMFSCMcnTkYjmSFkYnESZF
[curl-tls]   Source hash: daf0c711ccb82124
[curl-tls]   Template: B, opcodes: 94
[curl-tls]   eks: GKQxC9zP/lAuBjknUkix...
[curl-tls] Step 3: downloadImages
[curl-tls]   bg: 18094 bytes, slice: 5628 bytes
[curl-tls] Step 4: solveSlider
[curl-tls]   rawOffset: 462
[curl-tls]   ans: 462,36;
[curl-tls] Step 5: generateCollect
[curl-tls]   collect length: 6048
[curl-tls] Step 6: build POST fields + vData
[curl-tls]   vData: kI-*qZs*kGuuWZ0Bxh_SppwdhQd0jZ...
[curl-tls] Step 7: verify
[curl-tls]   errorCode: 12, ticket: none
[curl-tls] 
════════════════════════════════════════════════════
[curl-tls] SUMMARY
[curl-tls] ════════════════════════════════════════════════════
[curl-tls] errorCode distribution:
[curl-tls]   errorCode 12: 4/15
[curl-tls]   errorCode -1: 9/15
[curl-tls]   errorCode ERROR: 2/15
[curl-tls] 
Per-profile breakdown:
[curl-tls]   chrome99 (cd08e31...): 3 attempts — ec12=1, ec-1=2
[curl-tls]   chrome110 (9cecacb...): 3 attempts — ec12=1, ec-1=1, ecERROR=1
[curl-tls]   chrome116 (5464024...): 3 attempts — ec-1=2, ecERROR=1
[curl-tls]   safari15_3 (656b9a2...): 3 attempts — ec12=1, ec-1=2
[curl-tls]   safari15_5 (773906b...): 3 attempts — ec12=1, ec-1=2
[curl-tls] ════════════════════════════════════════════════════
